Component: ARM Compiler 5.06 update 6 (build 750) Tool: armlink [4d35ed]

==============================================================================

Section Cross References

    startup_stm32f10x_hd.o(RESET) refers to startup_stm32f10x_hd.o(STACK) for __initial_sp
    startup_stm32f10x_hd.o(RESET) refers to startup_stm32f10x_hd.o(.text) for Reset_Handler
    startup_stm32f10x_hd.o(RESET) refers to los_hwi.o(.text) for PendSV_Handler
    startup_stm32f10x_hd.o(.text) refers to system_stm32f10x.o(.text) for SystemInit
    startup_stm32f10x_hd.o(.text) refers to entry.o(.ARM.Collect$$$$00000000) for __main
    system_stm32f10x.o(.text) refers to system_stm32f10x.o(.data) for .data
    stm32f10x_adc.o(.text) refers to stm32f10x_rcc.o(.text) for RCC_APB2PeriphResetCmd
    stm32f10x_bkp.o(.text) refers to stm32f10x_rcc.o(.text) for RCC_BackupResetCmd
    stm32f10x_can.o(.text) refers to stm32f10x_rcc.o(.text) for RCC_APB1PeriphResetCmd
    stm32f10x_cec.o(.text) refers to stm32f10x_rcc.o(.text) for RCC_APB1PeriphResetCmd
    stm32f10x_dac.o(.text) refers to stm32f10x_rcc.o(.text) for RCC_APB1PeriphResetCmd
    stm32f10x_gpio.o(.text) refers to stm32f10x_rcc.o(.text) for RCC_APB2PeriphResetCmd
    stm32f10x_i2c.o(.text) refers to stm32f10x_rcc.o(.text) for RCC_APB1PeriphResetCmd
    stm32f10x_pwr.o(.text) refers to stm32f10x_rcc.o(.text) for RCC_APB1PeriphResetCmd
    stm32f10x_rcc.o(.text) refers to stm32f10x_rcc.o(.data) for .data
    stm32f10x_spi.o(.text) refers to stm32f10x_rcc.o(.text) for RCC_APB2PeriphResetCmd
    stm32f10x_tim.o(.text) refers to stm32f10x_rcc.o(.text) for RCC_APB2PeriphResetCmd
    stm32f10x_usart.o(.text) refers to stm32f10x_rcc.o(.text) for RCC_APB2PeriphResetCmd
    stm32f10x_wwdg.o(.text) refers to stm32f10x_rcc.o(.text) for RCC_APB1PeriphResetCmd
    main.o(.text) refers to bsp_key.o(.text) for Key_Scan
    main.o(.text) refers to printf8.o(i.__0printf$8) for __2printf
    main.o(.text) refers to los_task.o(.text) for LOS_TaskSuspend
    main.o(.text) refers to misc.o(.text) for NVIC_PriorityGroupConfig
    main.o(.text) refers to bsp_led.o(.text) for LED_GPIO_Config
    main.o(.text) refers to bsp_usart.o(.text) for USART_Config
    main.o(.text) refers to los_init.o(.text) for LOS_KernelInit
    main.o(.text) refers to main.o(.data) for .data
    bsp_led.o(.text) refers to stm32f10x_rcc.o(.text) for RCC_APB2PeriphClockCmd
    bsp_led.o(.text) refers to stm32f10x_gpio.o(.text) for GPIO_Init
    bsp_key.o(.text) refers to stm32f10x_rcc.o(.text) for RCC_APB2PeriphClockCmd
    bsp_key.o(.text) refers to stm32f10x_gpio.o(.text) for GPIO_Init
    bsp_usart.o(.text) refers to misc.o(.text) for NVIC_PriorityGroupConfig
    bsp_usart.o(.text) refers to stm32f10x_rcc.o(.text) for RCC_APB2PeriphClockCmd
    bsp_usart.o(.text) refers to stm32f10x_gpio.o(.text) for GPIO_Init
    bsp_usart.o(.text) refers to stm32f10x_usart.o(.text) for USART_Init
    cmsis_liteos.o(.text) refers to los_hwi.o(.text) for osIntNumGet
    cmsis_liteos.o(.text) refers to los_init.o(.text) for LOS_KernelInit
    cmsis_liteos.o(.text) refers to memcpya.o(.text) for __aeabi_memcpy
    cmsis_liteos.o(.text) refers to los_task.o(.text) for LOS_TaskLock
    cmsis_liteos.o(.text) refers to los_dispatch_keil.o(.text) for LOS_IntLock
    cmsis_liteos.o(.text) refers to los_hw_tick.o(.text) for LOS_GetSystickCycle
    cmsis_liteos.o(.text) refers to memseta.o(.text) for __aeabi_memclr4
    cmsis_liteos.o(.text) refers to cmsis_liteos.o(.data) for .data
    cmsis_liteos.o(.text) refers to los_task.o(.data) for g_bTaskScheduled
    cmsis_liteos.o(.text) refers to los_tick.o(.data) for g_ullTickCount
    cmsis_liteos.o(.text) refers to system_stm32f10x.o(.data) for SystemCoreClock
    cmsis_liteos.o(.text) refers to los_swtmr.o(.text) for LOS_SwtmrCreate
    cmsis_liteos.o(.text) refers to los_sys.o(.text) for LOS_Tick2MS
    cmsis_liteos.o(.text) refers to los_memory.o(.text) for LOS_MemAlloc
    cmsis_liteos.o(.text) refers to los_event.o(.text) for LOS_EventInit
    cmsis_liteos.o(.text) refers to los_sem.o(.text) for LOS_SemCreate
    cmsis_liteos.o(.text) refers to los_queue.o(.text) for LOS_QueueCreate
    cmsis_liteos.o(.text) refers to los_swtmr.o(.data) for m_pstSwtmrCBArray
    cmsis_liteos.o(.text) refers to los_init.o(.data) for m_aucSysMem0
    cmsis_liteos.o(.text) refers to los_sem.o(.data) for g_pstAllSem
    cmsis_liteos.o(.text) refers to los_queue.o(.data) for g_pstAllQueue
    los_priqueue.o(.text) refers to los_memory.o(.text) for LOS_MemAlloc
    los_priqueue.o(.text) refers to los_init.o(.data) for m_aucSysMem0
    los_priqueue.o(.text) refers to los_priqueue.o(.data) for .data
    los_swtmr.o(.text) refers to los_queue.o(.text) for LOS_QueueReadCopy
    los_swtmr.o(.text) refers to los_sys.o(.text) for LOS_TickCountGet
    los_swtmr.o(.text) refers to memseta.o(.text) for __aeabi_memclr4
    los_swtmr.o(.text) refers to los_task.o(.text) for LOS_TaskCreate
[...]
    dadd.o(.text) refers to llshl.o(.text) for __aeabi_llsl
    dadd.o(.text) refers to llsshr.o(.text) for __aeabi_lasr
    dadd.o(.text) refers to depilogue.o(.text) for _double_epilogue
    dmul.o(.text) refers to depilogue.o(.text) for _double_epilogue
    init.o(.text) refers to entry5.o(.ARM.Collect$$$$00000004) for __main_after_scatterload


==============================================================================

Removing Unused input sections from the image.

    Removing startup_stm32f10x_hd.o(HEAP), (512 bytes).
    Removing core_cm3.o(.emb_text), (32 bytes).
    Removing system_stm32f10x.o(.rev16_text), (4 bytes).
    Removing system_stm32f10x.o(.revsh_text), (4 bytes).
    Removing system_stm32f10x.o(.rrx_text), (6 bytes).
    Removing misc.o(.rev16_text), (4 bytes).
    Removing misc.o(.revsh_text), (4 bytes).
    Removing misc.o(.rrx_text), (6 bytes).
    Removing stm32f10x_adc.o(.rev16_text), (4 bytes).
    Removing stm32f10x_adc.o(.revsh_text), (4 bytes).
    Removing stm32f10x_adc.o(.rrx_text), (6 bytes).
    Removing stm32f10x_adc.o(.text), (904 bytes).
    Removing stm32f10x_bkp.o(.rev16_text), (4 bytes).
    Removing stm32f10x_bkp.o(.revsh_text), (4 bytes).
    Removing stm32f10x_bkp.o(.rrx_text), (6 bytes).
    Removing stm32f10x_bkp.o(.text), (156 bytes).
    Removing stm32f10x_can.o(.rev16_text), (4 bytes).
    Removing stm32f10x_can.o(.revsh_text), (4 bytes).
    Removing stm32f10x_can.o(.rrx_text), (6 bytes).
    Removing stm32f10x_can.o(.text), (1980 bytes).
    Removing stm32f10x_cec.o(.rev16_text), (4 bytes).
    Removing stm32f10x_cec.o(.revsh_text), (4 bytes).
    Removing stm32f10x_cec.o(.rrx_text), (6 bytes).
    Removing stm32f10x_cec.o(.text), (252 bytes).
    Removing stm32f10x_crc.o(.rev16_text), (4 bytes).
    Removing stm32f10x_crc.o(.revsh_text), (4 bytes).
    Removing stm32f10x_crc.o(.rrx_text), (6 bytes).
    Removing stm32f10x_crc.o(.text), (64 bytes).
    Removing stm32f10x_dac.o(.rev16_text), (4 bytes).
    Removing stm32f10x_dac.o(.revsh_text), (4 bytes).
    Removing stm32f10x_dac.o(.rrx_text), (6 bytes).
    Removing stm32f10x_dac.o(.text), (284 bytes).
    Removing stm32f10x_dbgmcu.o(.rev16_text), (4 bytes).
    Removing stm32f10x_dbgmcu.o(.revsh_text), (4 bytes).
    Removing stm32f10x_dbgmcu.o(.rrx_text), (6 bytes).
    Removing stm32f10x_dbgmcu.o(.text), (44 bytes).
    Removing stm32f10x_dma.o(.rev16_text), (4 bytes).
    Removing stm32f10x_dma.o(.revsh_text), (4 bytes).
    Removing stm32f10x_dma.o(.rrx_text), (6 bytes).
    Removing stm32f10x_dma.o(.text), (488 bytes).
    Removing stm32f10x_exti.o(.rev16_text), (4 bytes).
    Removing stm32f10x_exti.o(.revsh_text), (4 bytes).
    Removing stm32f10x_exti.o(.rrx_text), (6 bytes).
    Removing stm32f10x_exti.o(.text), (236 bytes).
    Removing stm32f10x_flash.o(.rev16_text), (4 bytes).
    Removing stm32f10x_flash.o(.revsh_text), (4 bytes).
    Removing stm32f10x_flash.o(.rrx_text), (6 bytes).
    Removing stm32f10x_flash.o(.text), (1188 bytes).
    Removing stm32f10x_fsmc.o(.rev16_text), (4 bytes).
    Removing stm32f10x_fsmc.o(.revsh_text), (4 bytes).
    Removing stm32f10x_fsmc.o(.rrx_text), (6 bytes).
    Removing stm32f10x_fsmc.o(.text), (1206 bytes).
    Removing stm32f10x_gpio.o(.rev16_text), (4 bytes).
    Removing stm32f10x_gpio.o(.revsh_text), (4 bytes).
    Removing stm32f10x_gpio.o(.rrx_text), (6 bytes).
    Removing stm32f10x_i2c.o(.rev16_text), (4 bytes).
    Removing stm32f10x_i2c.o(.revsh_text), (4 bytes).
    Removing stm32f10x_i2c.o(.rrx_text), (6 bytes).
    Removing stm32f10x_i2c.o(.text), (912 bytes).
    Removing stm32f10x_iwdg.o(.rev16_text), (4 bytes).
    Removing stm32f10x_iwdg.o(.revsh_text), (4 bytes).
    Removing stm32f10x_iwdg.o(.rrx_text), (6 bytes).
    Removing stm32f10x_iwdg.o(.text), (60 bytes).
    Removing stm32f10x_pwr.o(.rev16_text), (4 bytes).
    Removing stm32f10x_pwr.o(.revsh_text), (4 bytes).
    Removing stm32f10x_pwr.o(.rrx_text), (6 bytes).
    Removing stm32f10x_pwr.o(.text), (172 bytes).
    Removing stm32f10x_rcc.o(.rev16_text), (4 bytes).
    Removing stm32f10x_rcc.o(.revsh_text), (4 bytes).
    Removing stm32f10x_rcc.o(.rrx_text), (6 bytes).
    Removing stm32f10x_rtc.o(.rev16_text), (4 bytes).
    Removing stm32f10x_rtc.o(.revsh_text), (4 bytes).
    Removing stm32f10x_rtc.o(.rrx_text), (6 bytes).
    Removing stm32f10x_rtc.o(.text), (276 bytes).
    Removing stm32f10x_sdio.o(.rev16_text), (4 bytes).
    Removing stm32f10x_sdio.o(.revsh_text), (4 bytes).
    Removing stm32f10x_sdio.o(.rrx_text), (6 bytes).
    Removing stm32f10x_sdio.o(.text), (432 bytes).
    Removing stm32f10x_spi.o(.rev16_text), (4 bytes).
    Removing stm32f10x_spi.o(.revsh_text), (4 bytes).
    Removing stm32f10x_spi.o(.rrx_text), (6 bytes).
    Removing stm32f10x_spi.o(.text), (692 bytes).
    Removing stm32f10x_tim.o(.rev16_text), (4 bytes).
    Removing stm32f10x_tim.o(.revsh_text), (4 bytes).
    Removing stm32f10x_tim.o(.rrx_text), (6 bytes).
    Removing stm32f10x_tim.o(.text), (3114 bytes).
    Removing stm32f10x_usart.o(.rev16_text), (4 bytes).
    Removing stm32f10x_usart.o(.revsh_text), (4 bytes).
    Removing stm32f10x_usart.o(.rrx_text), (6 bytes).
    Removing stm32f10x_wwdg.o(.rev16_text), (4 bytes).
    Removing stm32f10x_wwdg.o(.revsh_text), (4 bytes).
    Removing stm32f10x_wwdg.o(.rrx_text), (6 bytes).
    Removing stm32f10x_wwdg.o(.text), (128 bytes).
    Removing main.o(.rev16_text), (4 bytes).
    Removing main.o(.revsh_text), (4 bytes).
    Removing main.o(.rrx_text), (6 bytes).
    Removing stm32f10x_it.o(.rev16_text), (4 bytes).
    Removing stm32f10x_it.o(.revsh_text), (4 bytes).
    Removing stm32f10x_it.o(.rrx_text), (6 bytes).
    Removing bsp_led.o(.rev16_text), (4 bytes).
    Removing bsp_led.o(.revsh_text), (4 bytes).
    Removing bsp_led.o(.rrx_text), (6 bytes).
    Removing bsp_key.o(.rev16_text), (4 bytes).
    Removing bsp_key.o(.revsh_text), (4 bytes).
    Removing bsp_key.o(.rrx_text), (6 bytes).
    Removing bsp_usart.o(.rev16_text), (4 bytes).
    Removing bsp_usart.o(.revsh_text), (4 bytes).
    Removing bsp_usart.o(.rrx_text), (6 bytes).
    Removing cmsis_liteos.o(.rev16_text), (4 bytes).
    Removing cmsis_liteos.o(.revsh_text), (4 bytes).
    Removing cmsis_liteos.o(.rrx_text), (6 bytes).
    Removing cmsis_liteos.o(.text), (2580 bytes).
    Removing cmsis_liteos.o(.constdata), (8 bytes).
    Removing cmsis_liteos.o(.data), (4 bytes).
    Removing los_priqueue.o(.rev16_text), (4 bytes).
    Removing los_priqueue.o(.revsh_text), (4 bytes).
    Removing los_priqueue.o(.rrx_text), (6 bytes).
    Removing los_swtmr.o(.rev16_text), (4 bytes).
    Removing los_swtmr.o(.revsh_text), (4 bytes).
    Removing los_swtmr.o(.rrx_text), (6 bytes).
    Removing los_sys.o(.rev16_text), (4 bytes).
    Removing los_sys.o(.revsh_text), (4 bytes).
    Removing los_sys.o(.rrx_text), (6 bytes).
    Removing los_task.o(.rev16_text), (4 bytes).
    Removing los_task.o(.revsh_text), (4 bytes).
    Removing los_task.o(.rrx_text), (6 bytes).
    Removing los_tick.o(.rev16_text), (4 bytes).
    Removing los_tick.o(.revsh_text), (4 bytes).
    Removing los_tick.o(.rrx_text), (6 bytes).
    Removing los_tick.o(.data), (4 bytes).
    Removing los_tick.o(.data), (4 bytes).
    Removing los_timeslice.o(.rev16_text), (4 bytes).
    Removing los_timeslice.o(.revsh_text), (4 bytes).
    Removing los_timeslice.o(.rrx_text), (6 bytes).
    Removing los_event.o(.rev16_text), (4 bytes).
    Removing los_event.o(.revsh_text), (4 bytes).
    Removing los_event.o(.rrx_text), (6 bytes).
    Removing los_event.o(.text), (508 bytes).
    Removing los_mux.o(.rev16_text), (4 bytes).
    Removing los_mux.o(.revsh_text), (4 bytes).
    Removing los_mux.o(.rrx_text), (6 bytes).
    Removing los_queue.o(.rev16_text), (4 bytes).
    Removing los_queue.o(.revsh_text), (4 bytes).
    Removing los_queue.o(.rrx_text), (6 bytes).
    Removing los_sem.o(.rev16_text), (4 bytes).
    Removing los_sem.o(.revsh_text), (4 bytes).
    Removing los_sem.o(.rrx_text), (6 bytes).
    Removing los_heap.o(.rev16_text), (4 bytes).
    Removing los_heap.o(.revsh_text), (4 bytes).
    Removing los_heap.o(.rrx_text), (6 bytes).
    Removing los_memcheck.o(.rev16_text), (4 bytes).
    Removing los_memcheck.o(.revsh_text), (4 bytes).
    Removing los_memcheck.o(.rrx_text), (6 bytes).
    Removing los_memcheck.o(.data), (4 bytes).
    Removing los_misc.o(.rev16_text), (4 bytes).
    Removing los_misc.o(.revsh_text), (4 bytes).
    Removing los_misc.o(.rrx_text), (6 bytes).
    Removing los_err.o(.rev16_text), (4 bytes).
    Removing los_err.o(.revsh_text), (4 bytes).
    Removing los_err.o(.rrx_text), (6 bytes).
    Removing los_init.o(.rev16_text), (4 bytes).
    Removing los_init.o(.revsh_text), (4 bytes).
    Removing los_init.o(.rrx_text), (6 bytes).
    Removing los_membox.o(.rev16_text), (4 bytes).
    Removing los_membox.o(.revsh_text), (4 bytes).
    Removing los_membox.o(.rrx_text), (6 bytes).
    Removing los_memory.o(.rev16_text), (4 bytes).
    Removing los_memory.o(.revsh_text), (4 bytes).
    Removing los_memory.o(.rrx_text), (6 bytes).
    Removing los_memstat.o(.rev16_text), (4 bytes).
    Removing los_memstat.o(.revsh_text), (4 bytes).
    Removing los_memstat.o(.rrx_text), (6 bytes).
    Removing los_slab.o(.rev16_text), (4 bytes).
    Removing los_slab.o(.revsh_text), (4 bytes).
    Removing los_slab.o(.rrx_text), (6 bytes).
    Removing los_slab.o(.text), (624 bytes).
    Removing los_slabmem.o(.rev16_text), (4 bytes).
    Removing los_slabmem.o(.revsh_text), (4 bytes).
    Removing los_slabmem.o(.rrx_text), (6 bytes).
    Removing los_slabmem.o(.text), (640 bytes).
    Removing los_hw.o(.rev16_text), (4 bytes).
    Removing los_hw.o(.revsh_text), (4 bytes).
    Removing los_hw.o(.rrx_text), (6 bytes).
    Removing los_hw_tick.o(.rev16_text), (4 bytes).
    Removing los_hw_tick.o(.revsh_text), (4 bytes).
    Removing los_hw_tick.o(.rrx_text), (6 bytes).
    Removing los_hwi.o(.rev16_text), (4 bytes).
    Removing los_hwi.o(.revsh_text), (4 bytes).
    Removing los_hwi.o(.rrx_text), (6 bytes).
    Removing dadd.o(.text), (334 bytes).
    Removing dmul.o(.text), (228 bytes).
    Removing cdrcmple.o(.text), (48 bytes).
    Removing los_slab.o(i.osAtomicBitsetGetNumBits), (4 bytes).

193 unused section(s) (total 18864 bytes) removed from the image.

==============================================================================

Image Symbol Table

    Local Symbols

    Symbol Name                              Value     Ov Type        Size  Object(Section)

    ../clib/microlib/division.c              0x00000000   Number         0  uldiv.o ABSOLUTE
    ../clib/microlib/division.c              0x00000000   Number         0  uidiv.o ABSOLUTE
    ../clib/microlib/init/entry.s            0x00000000   Number         0  entry.o ABSOLUTE
    ../clib/microlib/init/entry.s            0x00000000   Number         0  entry10a.o ABSOLUTE
    ../clib/microlib/init/entry.s            0x00000000   Number         0  entry9b.o ABSOLUTE
    ../clib/microlib/init/entry.s            0x00000000   Number         0  entry9a.o ABSOLUTE
    ../clib/microlib/init/entry.s            0x00000000   Number         0  entry7b.o ABSOLUTE
    ../clib/microlib/init/entry.s            0x00000000   Number         0  entry8b.o ABSOLUTE
    ../clib/microlib/init/entry.s            0x00000000   Number         0  entry2.o ABSOLUTE
    ../clib/microlib/init/entry.s            0x00000000   Number         0  entry8a.o ABSOLUTE
    ../clib/microlib/init/entry.s            0x00000000   Number         0  entry11b.o ABSOLUTE
    ../clib/microlib/init/entry.s            0x00000000   Number         0  entry5.o ABSOLUTE
    ../clib/microlib/init/entry.s            0x00000000   Number         0  entry7a.o ABSOLUTE
    ../clib/microlib/init/entry.s            0x00000000   Number         0  entry11a.o ABSOLUTE
    ../clib/microlib/init/entry.s            0x00000000   Number         0  entry10b.o ABSOLUTE
    ../clib/microlib/longlong.c              0x00000000   Number         0  llshl.o ABSOLUTE
    ../clib/microlib/longlong.c              0x00000000   Number         0  llsshr.o ABSOLUTE
    ../clib/microlib/longlong.c              0x00000000   Number         0  llushr.o ABSOLUTE
    ../clib/microlib/printf/printf.c         0x00000000   Number         0  printfa.o ABSOLUTE
    ../clib/microlib/printf/printf.c         0x00000000   Number         0  printfb.o ABSOLUTE
    ../clib/microlib/printf/printf.c         0x00000000   Number         0  printf3.o ABSOLUTE
    ../clib/microlib/printf/printf.c         0x00000000   Number         0  printf6.o ABSOLUTE
    ../clib/microlib/printf/printf.c         0x00000000   Number         0  printf4.o ABSOLUTE
    ../clib/microlib/printf/printf.c         0x00000000   Number         0  printf7.o ABSOLUTE
    ../clib/microlib/printf/printf.c         0x00000000   Number         0  printf5.o ABSOLUTE
    ../clib/microlib/printf/printf.c         0x00000000   Number         0  printf2.o ABSOLUTE
    ../clib/microlib/printf/printf.c         0x00000000   Number         0  printf1.o ABSOLUTE
    ../clib/microlib/printf/printf.c         0x00000000   Number         0  printf8.o ABSOLUTE
    ../clib/microlib/printf/printf.c         0x00000000   Number         0  printf0.o ABSOLUTE
    ../clib/microlib/printf/stubs.s          0x00000000   Number         0  stubs.o ABSOLUTE
    ../clib/microlib/stdio/streams.c         0x00000000   Number         0  stdout.o ABSOLUTE
    ../clib/microlib/string/memcpy.c         0x00000000   Number         0  memcpyb.o ABSOLUTE
    ../clib/microlib/string/memcpy.c         0x00000000   Number         0  memcpya.o ABSOLUTE
    ../clib/microlib/string/memset.c         0x00000000   Number         0  memseta.o ABSOLUTE
    ../clib/microlib/string/strncpy.c        0x00000000   Number         0  strncpy.o ABSOLUTE
    ../clib/microlib/stubs.s                 0x00000000   Number         0  iusefp.o ABSOLUTE
    ../fplib/microlib/fpadd.c                0x00000000   Number         0  dadd.o ABSOLUTE
    ../fplib/microlib/fpdiv.c                0x00000000   Number         0  ddiv.o ABSOLUTE
    ../fplib/microlib/fpepilogue.c           0x00000000   Number         0  depilogue.o ABSOLUTE
    ../fplib/microlib/fpfix.c                0x00000000   Number         0  dfixul.o ABSOLUTE
    ../fplib/microlib/fpflt.c                0x00000000   Number         0  dfltul.o ABSOLUTE
    ../fplib/microlib/fpflt.c                0x00000000   Number         0  dfltui.o ABSOLUTE
    ../fplib/microlib/fpmul.c                0x00000000   Number         0  dmul.o ABSOLUTE
    ..\..\Libraries\CMSIS\core_cm3.c         0x00000000   Number         0  core_cm3.o ABSOLUTE
    ..\..\Libraries\CMSIS\startup\startup_stm32f10x_hd.s 0x00000000   Number         0  startup_stm32f10x_hd.o ABSOLUTE
    ..\..\Libraries\CMSIS\system_stm32f10x.c 0x00000000   Number         0  system_stm32f10x.o ABSOLUTE
    ..\..\Libraries\FWlib\src\misc.c         0x00000000   Number         0  misc.o ABSOLUTE
    ..\..\Libraries\FWlib\src\stm32f10x_adc.c 0x00000000   Number         0  stm32f10x_adc.o ABSOLUTE
    ..\..\Libraries\FWlib\src\stm32f10x_bkp.c 0x00000000   Number         0  stm32f10x_bkp.o ABSOLUTE
    ..\..\Libraries\FWlib\src\stm32f10x_can.c 0x00000000   Number         0  stm32f10x_can.o ABSOLUTE
    ..\..\Libraries\FWlib\src\stm32f10x_cec.c 0x00000000   Number         0  stm32f10x_cec.o ABSOLUTE
    ..\..\Libraries\FWlib\src\stm32f10x_crc.c 0x00000000   Number         0  stm32f10x_crc.o ABSOLUTE
    ..\..\Libraries\FWlib\src\stm32f10x_dac.c 0x00000000   Number         0  stm32f10x_dac.o ABSOLUTE
    ..\..\Libraries\FWlib\src\stm32f10x_dbgmcu.c 0x00000000   Number         0  stm32f10x_dbgmcu.o ABSOLUTE
    ..\..\Libraries\FWlib\src\stm32f10x_dma.c 0x00000000   Number         0  stm32f10x_dma.o ABSOLUTE
    ..\..\Libraries\FWlib\src\stm32f10x_exti.c 0x00000000   Number         0  stm32f10x_exti.o ABSOLUTE
    ..\..\Libraries\FWlib\src\stm32f10x_flash.c 0x00000000   Number         0  stm32f10x_flash.o ABSOLUTE
    ..\..\Libraries\FWlib\src\stm32f10x_fsmc.c 0x00000000   Number         0  stm32f10x_fsmc.o ABSOLUTE
    ..\..\Libraries\FWlib\src\stm32f10x_gpio.c 0x00000000   Number         0  stm32f10x_gpio.o ABSOLUTE
    ..\..\Libraries\FWlib\src\stm32f10x_i2c.c 0x00000000   Number         0  stm32f10x_i2c.o ABSOLUTE
    ..\..\Libraries\FWlib\src\stm32f10x_iwdg.c 0x00000000   Number         0  stm32f10x_iwdg.o ABSOLUTE
    ..\..\Libraries\FWlib\src\stm32f10x_pwr.c 0x00000000   Number         0  stm32f10x_pwr.o ABSOLUTE
    ..\..\Libraries\FWlib\src\stm32f10x_rcc.c 0x00000000   Number         0  stm32f10x_rcc.o ABSOLUTE
    ..\..\Libraries\FWlib\src\stm32f10x_rtc.c 0x00000000   Number         0  stm32f10x_rtc.o ABSOLUTE
    ..\..\Libraries\FWlib\src\stm32f10x_sdio.c 0x00000000   Number         0  stm32f10x_sdio.o ABSOLUTE
    ..\..\Libraries\FWlib\src\stm32f10x_spi.c 0x00000000   Number         0  stm32f10x_spi.o ABSOLUTE
    ..\..\Libraries\FWlib\src\stm32f10x_tim.c 0x00000000   Number         0  stm32f10x_tim.o ABSOLUTE
    ..\..\Libraries\FWlib\src\stm32f10x_usart.c 0x00000000   Number         0  stm32f10x_usart.o ABSOLUTE
    ..\..\Libraries\FWlib\src\stm32f10x_wwdg.c 0x00000000   Number         0  stm32f10x_wwdg.o ABSOLUTE
    ..\..\LiteOS\arch\arm\arm-m\cortex-m3\keil\los_dispatch_keil.S 0x00000000   Number         0  los_dispatch_keil.o ABSOLUTE
    ..\..\LiteOS\arch\arm\arm-m\src\los_hw.c 0x00000000   Number         0  los_hw.o ABSOLUTE
    ..\..\LiteOS\arch\arm\arm-m\src\los_hw_tick.c 0x00000000   Number         0  los_hw_tick.o ABSOLUTE
    ..\..\LiteOS\arch\arm\arm-m\src\los_hwi.c 0x00000000   Number         0  los_hwi.o ABSOLUTE
    ..\..\LiteOS\cmsis\cmsis_liteos.c        0x00000000   Number         0  cmsis_liteos.o ABSOLUTE
    ..\..\LiteOS\kernel\base\core\los_priqueue.c 0x00000000   Number         0  los_priqueue.o ABSOLUTE
    ..\..\LiteOS\kernel\base\core\los_swtmr.c 0x00000000   Number         0  los_swtmr.o ABSOLUTE
    ..\..\LiteOS\kernel\base\core\los_sys.c  0x00000000   Number         0  los_sys.o ABSOLUTE
    ..\..\LiteOS\kernel\base\core\los_task.c 0x00000000   Number         0  los_task.o ABSOLUTE
    ..\..\LiteOS\kernel\base\core\los_tick.c 0x00000000   Number         0  los_tick.o ABSOLUTE
    ..\..\LiteOS\kernel\base\core\los_timeslice.c 0x00000000   Number         0  los_timeslice.o ABSOLUTE
    ..\..\LiteOS\kernel\base\ipc\los_event.c 0x00000000   Number         0  los_event.o ABSOLUTE
    ..\..\LiteOS\kernel\base\ipc\los_mux.c   0x00000000   Number         0  los_mux.o ABSOLUTE
    ..\..\LiteOS\kernel\base\ipc\los_queue.c 0x00000000   Number         0  los_queue.o ABSOLUTE
    ..\..\LiteOS\kernel\base\ipc\los_sem.c   0x00000000   Number         0  los_sem.o ABSOLUTE
    ..\..\LiteOS\kernel\base\mem\bestfit_little\los_heap.c 0x00000000   Number         0  los_heap.o ABSOLUTE
    ..\..\LiteOS\kernel\base\mem\bestfit_little\los_membox.c 0x00000000   Number         0  los_membox.o ABSOLUTE
    ..\..\LiteOS\kernel\base\mem\bestfit_little\los_memcheck.c 0x00000000   Number         0  los_memcheck.o ABSOLUTE
    ..\..\LiteOS\kernel\base\mem\bestfit_little\los_memory.c 0x00000000   Number         0  los_memory.o ABSOLUTE
    ..\..\LiteOS\kernel\base\mem\common\los_memstat.c 0x00000000   Number         0  los_memstat.o ABSOLUTE
    ..\..\LiteOS\kernel\base\mem\common\los_slab.c 0x00000000   Number         0  los_slab.o ABSOLUTE
    ..\..\LiteOS\kernel\base\mem\common\los_slabmem.c 0x00000000   Number         0  los_slabmem.o ABSOLUTE
    ..\..\LiteOS\kernel\base\misc\los_misc.c 0x00000000   Number         0  los_misc.o ABSOLUTE
    ..\..\LiteOS\kernel\base\om\los_err.c    0x00000000   Number         0  los_err.o ABSOLUTE
    ..\..\LiteOS\kernel\los_init.c           0x00000000   Number         0  los_init.o ABSOLUTE
    ..\..\User\Key\bsp_key.c                 0x00000000   Number         0  bsp_key.o ABSOLUTE
    ..\..\User\Led\bsp_led.c                 0x00000000   Number         0  bsp_led.o ABSOLUTE
    ..\..\User\main.c                        0x00000000   Number         0  main.o ABSOLUTE
    ..\..\User\stm32f10x_it.c                0x00000000   Number         0  stm32f10x_it.o ABSOLUTE
    ..\..\User\usart\bsp_usart.c             0x00000000   Number         0  bsp_usart.o ABSOLUTE
    ..\\..\\Libraries\\CMSIS\\core_cm3.c     0x00000000   Number         0  core_cm3.o ABSOLUTE
    ..\\..\\Libraries\\CMSIS\\system_stm32f10x.c 0x00000000   Number         0  system_stm32f10x.o ABSOLUTE
    ..\\..\\Libraries\\FWlib\\src\\misc.c    0x00000000   Number         0  misc.o ABSOLUTE
    ..\\..\\Libraries\\FWlib\\src\\stm32f10x_adc.c 0x00000000   Number         0  stm32f10x_adc.o ABSOLUTE
    ..\\..\\Libraries\\FWlib\\src\\stm32f10x_bkp.c 0x00000000   Number         0  stm32f10x_bkp.o ABSOLUTE
    ..\\..\\Libraries\\FWlib\\src\\stm32f10x_can.c 0x00000000   Number         0  stm32f10x_can.o ABSOLUTE
    ..\\..\\Libraries\\FWlib\\src\\stm32f10x_cec.c 0x00000000   Number         0  stm32f10x_cec.o ABSOLUTE
    ..\\..\\Libraries\\FWlib\\src\\stm32f10x_crc.c 0x00000000   Number         0  stm32f10x_crc.o ABSOLUTE
    ..\\..\\Libraries\\FWlib\\src\\stm32f10x_dac.c 0x00000000   Number         0  stm32f10x_dac.o ABSOLUTE
    ..\\..\\Libraries\\FWlib\\src\\stm32f10x_dbgmcu.c 0x00000000   Number         0  stm32f10x_dbgmcu.o ABSOLUTE
    ..\\..\\Libraries\\FWlib\\src\\stm32f10x_dma.c 0x00000000   Number         0  stm32f10x_dma.o ABSOLUTE
    ..\\..\\Libraries\\FWlib\\src\\stm32f10x_exti.c 0x00000000   Number         0  stm32f10x_exti.o ABSOLUTE
    ..\\..\\Libraries\\FWlib\\src\\stm32f10x_flash.c 0x00000000   Number         0  stm32f10x_flash.o ABSOLUTE
    ..\\..\\Libraries\\FWlib\\src\\stm32f10x_fsmc.c 0x00000000   Number         0  stm32f10x_fsmc.o ABSOLUTE
    ..\\..\\Libraries\\FWlib\\src\\stm32f10x_gpio.c 0x00000000   Number         0  stm32f10x_gpio.o ABSOLUTE
    ..\\..\\Libraries\\FWlib\\src\\stm32f10x_i2c.c 0x00000000   Number         0  stm32f10x_i2c.o ABSOLUTE
    ..\\..\\Libraries\\FWlib\\src\\stm32f10x_iwdg.c 0x00000000   Number         0  stm32f10x_iwdg.o ABSOLUTE
    ..\\..\\Libraries\\FWlib\\src\\stm32f10x_pwr.c 0x00000000   Number         0  stm32f10x_pwr.o ABSOLUTE
    ..\\..\\Libraries\\FWlib\\src\\stm32f10x_rcc.c 0x00000000   Number         0  stm32f10x_rcc.o ABSOLUTE
    ..\\..\\Libraries\\FWlib\\src\\stm32f10x_rtc.c 0x00000000   Number         0  stm32f10x_rtc.o ABSOLUTE
    ..\\..\\Libraries\\FWlib\\src\\stm32f10x_sdio.c 0x00000000   Number         0  stm32f10x_sdio.o ABSOLUTE
    ..\\..\\Libraries\\FWlib\\src\\stm32f10x_spi.c 0x00000000   Number         0  stm32f10x_spi.o ABSOLUTE
    ..\\..\\Libraries\\FWlib\\src\\stm32f10x_tim.c 0x00000000   Number         0  stm32f10x_tim.o ABSOLUTE
    ..\\..\\Libraries\\FWlib\\src\\stm32f10x_usart.c 0x00000000   Number         0  stm32f10x_usart.o ABSOLUTE
    ..\\..\\Libraries\\FWlib\\src\\stm32f10x_wwdg.c 0x00000000   Number         0  stm32f10x_wwdg.o ABSOLUTE
    ..\\..\\LiteOS\\arch\\arm\\arm-m\\src\\los_hw.c 0x00000000   Number         0  los_hw.o ABSOLUTE
    ..\\..\\LiteOS\\arch\\arm\\arm-m\\src\\los_hw_tick.c 0x00000000   Number         0  los_hw_tick.o ABSOLUTE
    ..\\..\\LiteOS\\arch\\arm\\arm-m\\src\\los_hwi.c 0x00000000   Number         0  los_hwi.o ABSOLUTE
    ..\\..\\LiteOS\\cmsis\\cmsis_liteos.c    0x00000000   Number         0  cmsis_liteos.o ABSOLUTE
    ..\\..\\LiteOS\\kernel\\base\\core\\los_priqueue.c 0x00000000   Number         0  los_priqueue.o ABSOLUTE
    ..\\..\\LiteOS\\kernel\\base\\core\\los_swtmr.c 0x00000000   Number         0  los_swtmr.o ABSOLUTE
    ..\\..\\LiteOS\\kernel\\base\\core\\los_sys.c 0x00000000   Number         0  los_sys.o ABSOLUTE
    ..\\..\\LiteOS\\kernel\\base\\core\\los_task.c 0x00000000   Number         0  los_task.o ABSOLUTE
    ..\\..\\LiteOS\\kernel\\base\\core\\los_tick.c 0x00000000   Number         0  los_tick.o ABSOLUTE
    ..\\..\\LiteOS\\kernel\\base\\core\\los_timeslice.c 0x00000000   Number         0  los_timeslice.o ABSOLUTE
    ..\\..\\LiteOS\\kernel\\base\\ipc\\los_event.c 0x00000000   Number         0  los_event.o ABSOLUTE
    ..\\..\\LiteOS\\kernel\\base\\ipc\\los_mux.c 0x00000000   Number         0  los_mux.o ABSOLUTE
    ..\\..\\LiteOS\\kernel\\base\\ipc\\los_queue.c 0x00000000   Number         0  los_queue.o ABSOLUTE
    ..\\..\\LiteOS\\kernel\\base\\ipc\\los_sem.c 0x00000000   Number         0  los_sem.o ABSOLUTE
    ..\\..\\LiteOS\\kernel\\base\\mem\\bestfit_little\\los_heap.c 0x00000000   Number         0  los_heap.o ABSOLUTE
    ..\\..\\LiteOS\\kernel\\base\\mem\\bestfit_little\\los_membox.c 0x00000000   Number         0  los_membox.o ABSOLUTE
    ..\\..\\LiteOS\\kernel\\base\\mem\\bestfit_little\\los_memcheck.c 0x00000000   Number         0  los_memcheck.o ABSOLUTE
    ..\\..\\LiteOS\\kernel\\base\\mem\\bestfit_little\\los_memory.c 0x00000000   Number         0  los_memory.o ABSOLUTE
    ..\\..\\LiteOS\\kernel\\base\\mem\\common\\los_memstat.c 0x00000000   Number         0  los_memstat.o ABSOLUTE
    ..\\..\\LiteOS\\kernel\\base\\mem\\common\\los_slab.c 0x00000000   Number         0  los_slab.o ABSOLUTE
    ..\\..\\LiteOS\\kernel\\base\\mem\\common\\los_slabmem.c 0x00000000   Number         0  los_slabmem.o ABSOLUTE
    ..\\..\\LiteOS\\kernel\\base\\misc\\los_misc.c 0x00000000   Number         0  los_misc.o ABSOLUTE
    ..\\..\\LiteOS\\kernel\\base\\om\\los_err.c 0x00000000   Number         0  los_err.o ABSOLUTE
    ..\\..\\LiteOS\\kernel\\los_init.c       0x00000000   Number         0  los_init.o ABSOLUTE
    ..\\..\\User\\Key\\bsp_key.c             0x00000000   Number         0  bsp_key.o ABSOLUTE
    ..\\..\\User\\Led\\bsp_led.c             0x00000000   Number         0  bsp_led.o ABSOLUTE
    ..\\..\\User\\main.c                     0x00000000   Number         0  main.o ABSOLUTE
    ..\\..\\User\\stm32f10x_it.c             0x00000000   Number         0  stm32f10x_it.o ABSOLUTE
    ..\\..\\User\\usart\\bsp_usart.c         0x00000000   Number         0  bsp_usart.o ABSOLUTE
    cdrcmple.s                               0x00000000   Number         0  cdrcmple.o ABSOLUTE
    dc.s                                     0x00000000   Number         0  dc.o ABSOLUTE
    handlers.s                               0x00000000   Number         0  handlers.o ABSOLUTE
    init.s                                   0x00000000   Number         0  init.o ABSOLUTE
    RESET                                    0x08000000   Section      304  startup_stm32f10x_hd.o(RESET)
    .ARM.Collect$$$$00000000                 0x08000130   Section        0  entry.o(.ARM.Collect$$$$00000000)
    .ARM.Collect$$$$00000001                 0x08000130   Section        4  entry2.o(.ARM.Collect$$$$00000001)
    .ARM.Collect$$$$00000004                 0x08000134   Section        4  entry5.o(.ARM.Collect$$$$00000004)
    .ARM.Collect$$$$00000008                 0x08000138   Section        0  entry7b.o(.ARM.Collect$$$$00000008)
    .ARM.Collect$$$$0000000A                 0x08000138   Section        0  entry8b.o(.ARM.Collect$$$$0000000A)
    .ARM.Collect$$$$0000000B                 0x08000138   Section        8  entry9a.o(.ARM.Collect$$$$0000000B)
    .ARM.Collect$$$$0000000D                 0x08000140   Section        0  entry10a.o(.ARM.Collect$$$$0000000D)
    .ARM.Collect$$$$0000000F                 0x08000140   Section        0  entry11a.o(.ARM.Collect$$$$0000000F)
    .ARM.Collect$$$$00002712                 0x08000140   Section        4  entry2.o(.ARM.Collect$$$$00002712)
    __lit__00000000                          0x08000140   Data           4  entry2.o(.ARM.Collect$$$$00002712)
    .text                                    0x08000144   Section       36  startup_stm32f10x_hd.o(.text)
    .text                                    0x08000168   Section        0  system_stm32f10x.o(.text)
    SetSysClockTo72                          0x08000169   Thumb Code   166  system_stm32f10x.o(.text)
    SetSysClock                              0x0800020f   Thumb Code     2  system_stm32f10x.o(.text)
    .text                                    0x080002dc   Section        0  misc.o(.text)
    .text                                    0x08000394   Section        0  stm32f10x_gpio.o(.text)
    .text                                    0x0800062c   Section        0  stm32f10x_rcc.o(.text)
    .text                                    0x08000920   Section        0  stm32f10x_usart.o(.text)
    .text                                    0x08000cbc   Section        0  main.o(.text)
    Key_Task                                 0x08000cbd   Thumb Code    84  main.o(.text)
    Creat_Key_Task                           0x08000d11   Thumb Code    38  main.o(.text)
    LED_Task                                 0x08000d37   Thumb Code    28  main.o(.text)
    Creat_LED_Task                           0x08000d53   Thumb Code    34  main.o(.text)
    AppTaskCreate                            0x08000d75   Thumb Code    46  main.o(.text)
    BSP_Init                                 0x08000da3   Thumb Code    26  main.o(.text)
    .text                                    0x08000f7c   Section        0  bsp_led.o(.text)
    .text                                    0x08000fdc   Section        0  bsp_key.o(.text)
    .text                                    0x0800103c   Section        0  bsp_usart.o(.text)
    NVIC_Configuration                       0x0800103d   Thumb Code    38  bsp_usart.o(.text)
    .text                                    0x080011cc   Section        0  los_priqueue.o(.text)
    .text                                    0x08001288   Section        0  los_swtmr.o(.text)
    osSwTmrTimeoutHandle                     0x0800152f   Thumb Code   102  los_swtmr.o(.text)
    osSwtmrDelete                            0x0800194f   Thumb Code    26  los_swtmr.o(.text)
    .text                                    0x08001974   Section        0  los_sys.o(.text)
    .text                                    0x08001a5c   Section        0  los_task.o(.text)
    LOS_ListAdd                              0x080029a7   Thumb Code    14  los_task.o(.text)
    LOS_ListTailInsert                       0x080029b5   Thumb Code     4  los_task.o(.text)
    LOS_ListDelete                           0x080029b9   Thumb Code    20  los_task.o(.text)
    LOS_ListEmpty                            0x080029cd   Thumb Code    14  los_task.o(.text)
    .text                                    0x080029e8   Section        0  los_tick.o(.text)
    .text                                    0x08002a10   Section        0  los_queue.o(.text)
    osQueueReadParameterCheck                0x08002b1b   Thumb Code    50  los_queue.o(.text)
    osQueueWriteParameterCheck               0x08002b4d   Thumb Code    48  los_queue.o(.text)
    osQueueBufferOperate                     0x08002b7d   Thumb Code   158  los_queue.o(.text)
    LOS_ListAdd                              0x080030e7   Thumb Code    14  los_queue.o(.text)
    LOS_ListEmpty                            0x080030f5   Thumb Code    14  los_queue.o(.text)
    .text                                    0x08003114   Section        0  los_sem.o(.text)
    LOS_ListAdd                              0x080033f1   Thumb Code    14  los_sem.o(.text)
    LOS_ListEmpty                            0x080033ff   Thumb Code    14  los_sem.o(.text)
    .text                                    0x08003488   Section        0  los_heap.o(.text)
    .text                                    0x08003788   Section        0  los_misc.o(.text)
    .text                                    0x080037c4   Section        0  los_err.o(.text)
    .text                                    0x080037f0   Section        0  los_init.o(.text)
    osRegister                               0x08003803   Thumb Code     8  los_init.o(.text)
    .text                                    0x08003934   Section        0  los_membox.o(.text)
    .text                                    0x08003a18   Section        0  los_memory.o(.text)
    .text                                    0x08003c90   Section      208  los_dispatch_keil.o(.text)
    .text                                    0x08003d60   Section        0  los_hw.o(.text)
    .text                                    0x08003e34   Section        0  los_hw_tick.o(.text)
    .text                                    0x08003f68   Section        0  los_hwi.o(.text)
    .text                                    0x08003f76   Section        0  uldiv.o(.text)
    .text                                    0x08003fd8   Section        0  memcpya.o(.text)
    .text                                    0x08003ffc   Section        0  memseta.o(.text)
    .text                                    0x08004020   Section        0  strncpy.o(.text)
    .text                                    0x08004038   Section        0  ddiv.o(.text)
    .text                                    0x08004116   Section        0  dfltui.o(.text)
    .text                                    0x08004130   Section        0  dfltul.o(.text)
    .text                                    0x08004148   Section        0  dfixul.o(.text)
    .text                                    0x08004178   Section        0  llshl.o(.text)
    .text                                    0x08004196   Section        0  llushr.o(.text)
    .text                                    0x080041b6   Section        0  depilogue.o(.text)
    .text                                    0x080041b6   Section        0  iusefp.o(.text)
    .text                                    0x08004270   Section       36  init.o(.text)
    i.__0printf$8                            0x08004294   Section        0  printf8.o(i.__0printf$8)
    i.__scatterload_copy                     0x080042b4   Section       14  handlers.o(i.__scatterload_copy)
    i.__scatterload_null                     0x080042c2   Section        2  handlers.o(i.__scatterload_null)
    i.__scatterload_zeroinit                 0x080042c4   Section       14  handlers.o(i.__scatterload_zeroinit)
    i._printf_core                           0x080042d4   Section        0  printf8.o(i._printf_core)
    _printf_core                             0x080042d5   Thumb Code   996  printf8.o(i._printf_core)
    i._printf_post_padding                   0x080046e4   Section        0  printf8.o(i._printf_post_padding)
    _printf_post_padding                     0x080046e5   Thumb Code    36  printf8.o(i._printf_post_padding)
    i._printf_pre_padding                    0x08004708   Section        0  printf8.o(i._printf_pre_padding)
    _printf_pre_padding                      0x08004709   Thumb Code    46  printf8.o(i._printf_pre_padding)
    .conststring                             0x08004738   Section      336  los_task.o(.conststring)
    .data                                    0x20000000   Section       20  system_stm32f10x.o(.data)
    .data                                    0x20000014   Section       20  stm32f10x_rcc.o(.data)
    ADCPrescTable                            0x20000014   Data           4  stm32f10x_rcc.o(.data)
    APBAHBPrescTable                         0x20000018   Data          16  stm32f10x_rcc.o(.data)
    .data                                    0x20000028   Section        8  main.o(.data)
    .data                                    0x20000030   Section        4  los_priqueue.o(.data)
    .data                                    0x20000034   Section       28  los_swtmr.o(.data)
    m_uwSwtimerRousesTime                    0x20000034   Data           4  los_swtmr.o(.data)
    m_pstRouses                              0x20000038   Data           4  los_swtmr.o(.data)
    m_pstRousesPrev                          0x2000003c   Data           4  los_swtmr.o(.data)
    .data                                    0x20000050   Section       72  los_task.o(.data)
    .data                                    0x20000098   Section       16  los_tick.o(.data)
    .data                                    0x200000a8   Section        4  los_tick.o(.data)
    .data                                    0x200000ac   Section       12  los_queue.o(.data)
    .data                                    0x200000b8   Section       12  los_sem.o(.data)
    .data                                    0x200000c4   Section       16  los_heap.o(.data)
    g_uwAllocCount                           0x200000c4   Data           4  los_heap.o(.data)
    g_uwFreeCount                            0x200000c8   Data           4  los_heap.o(.data)
    g_uwCurHeapUsed                          0x200000cc   Data           4  los_heap.o(.data)
    g_uwMaxHeapUsed                          0x200000d0   Data           4  los_heap.o(.data)
    .data                                    0x200000d4   Section        4  los_err.o(.data)
    .data                                    0x200000d8   Section        4  los_init.o(.data)
    .data                                    0x200000dc   Section        4  los_memory.o(.data)
    .data                                    0x200000e0   Section        4  stdout.o(.data)
    .bss                                     0x200000e4   Section       64  los_swtmr.o(.bss)
    .bss                                     0x20000124   Section      342  los_task.o(.bss)
    STACK                                    0x20000280   Section     1024  startup_stm32f10x_hd.o(STACK)

    Global Symbols

    Symbol Name                              Value     Ov Type        Size  Object(Section)

    BuildAttributes$$THM_ISAv4$P$D$K$B$S$PE$A:L22UL41UL21$X:L11$S22US41US21$IEEE1$IW$USESV6$~STKCKD$USESV7$~SHL$OSPACE$ROPI$EBA8$MICROLIB$REQ8$PRES8$EABIv2 0x00000000   Number         0  anon$$obj.o ABSOLUTE
    __ARM_use_no_argv                        0x00000000   Number         0  main.o ABSOLUTE
    _printf_a                                0x00000000   Number         0  stubs.o ABSOLUTE
    _printf_c                                0x00000000   Number         0  stubs.o ABSOLUTE
    _printf_charcount                        0x00000000   Number         0  stubs.o ABSOLUTE
    _printf_d                                0x00000000   Number         0  stubs.o ABSOLUTE
    _printf_e                                0x00000000   Number         0  stubs.o ABSOLUTE
    _printf_f                                0x00000000   Number         0  stubs.o ABSOLUTE
    _printf_flags                            0x00000000   Number         0  stubs.o ABSOLUTE
    _printf_fp_dec                           0x00000000   Number         0  stubs.o ABSOLUTE
    _printf_fp_hex                           0x00000000   Number         0  stubs.o ABSOLUTE
    _printf_g                                0x00000000   Number         0  stubs.o ABSOLUTE
    _printf_i                                0x00000000   Number         0  stubs.o ABSOLUTE
    _printf_int_dec                          0x00000000   Number         0  stubs.o ABSOLUTE
    _printf_l                                0x00000000   Number         0  stubs.o ABSOLUTE
    _printf_lc                               0x00000000   Number         0  stubs.o ABSOLUTE
    _printf_ll                               0x00000000   Number         0  stubs.o ABSOLUTE
    _printf_lld                              0x00000000   Number         0  stubs.o ABSOLUTE
    _printf_lli                              0x00000000   Number         0  stubs.o ABSOLUTE
    _printf_llo                              0x00000000   Number         0  stubs.o ABSOLUTE
    _printf_llu                              0x00000000   Number         0  stubs.o ABSOLUTE
    _printf_llx                              0x00000000   Number         0  stubs.o ABSOLUTE
    _printf_longlong_dec                     0x00000000   Number         0  stubs.o ABSOLUTE
    _printf_longlong_hex                     0x00000000   Number         0  stubs.o ABSOLUTE
    _printf_longlong_oct                     0x00000000   Number         0  stubs.o ABSOLUTE
    _printf_ls                               0x00000000   Number         0  stubs.o ABSOLUTE
    _printf_mbtowc                           0x00000000   Number         0  stubs.o ABSOLUTE
    _printf_n                                0x00000000   Number         0  stubs.o ABSOLUTE
    _printf_o                                0x00000000   Number         0  stubs.o ABSOLUTE
    _printf_p                                0x00000000   Number         0  stubs.o ABSOLUTE
    _printf_percent                          0x00000000   Number         0  stubs.o ABSOLUTE
    _printf_pre_padding                      0x00000000   Number         0  stubs.o ABSOLUTE
    _printf_return_value                     0x00000000   Number         0  stubs.o ABSOLUTE
    _printf_s                                0x00000000   Number         0  stubs.o ABSOLUTE
    _printf_sizespec                         0x00000000   Number         0  stubs.o ABSOLUTE
    _printf_str                              0x00000000   Number         0  stubs.o ABSOLUTE
    _printf_truncate_signed                  0x00000000   Number         0  stubs.o ABSOLUTE
    _printf_truncate_unsigned                0x00000000   Number         0  stubs.o ABSOLUTE
    _printf_u                                0x00000000   Number         0  stubs.o ABSOLUTE
    _printf_wc                               0x00000000   Number         0  stubs.o ABSOLUTE
    _printf_wctomb                           0x00000000   Number         0  stubs.o ABSOLUTE
    _printf_widthprec                        0x00000000   Number         0  stubs.o ABSOLUTE
    _printf_x                                0x00000000   Number         0  stubs.o ABSOLUTE
    __cpp_initialize__aeabi_                  - Undefined Weak Reference
    __cxa_finalize                            - Undefined Weak Reference
    __decompress                              - Undefined Weak Reference
    _clock_init                               - Undefined Weak Reference
    _microlib_exit                            - Undefined Weak Reference
    __Vectors_Size                           0x00000130   Number         0  startup_stm32f10x_hd.o ABSOLUTE
    __Vectors                                0x08000000   Data           4  startup_stm32f10x_hd.o(RESET)
    __Vectors_End                            0x08000130   Data           0  startup_stm32f10x_hd.o(RESET)
    __main                                   0x08000131   Thumb Code     0  entry.o(.ARM.Collect$$$$00000000)
    _main_stk                                0x08000131   Thumb Code     0  entry2.o(.ARM.Collect$$$$00000001)
    _main_scatterload                        0x08000135   Thumb Code     0  entry5.o(.ARM.Collect$$$$00000004)
    __main_after_scatterload                 0x08000139   Thumb Code     0  entry5.o(.ARM.Collect$$$$00000004)
    _main_clock                              0x08000139   Thumb Code     0  entry7b.o(.ARM.Collect$$$$00000008)
    _main_cpp_init                           0x08000139   Thumb Code     0  entry8b.o(.ARM.Collect$$$$0000000A)
    _main_init                               0x08000139   Thumb Code     0  entry9a.o(.ARM.Collect$$$$0000000B)
    __rt_final_cpp                           0x08000141   Thumb Code     0  entry10a.o(.ARM.Collect$$$$0000000D)
    __rt_final_exit                          0x08000141   Thumb Code     0  entry11a.o(.ARM.Collect$$$$0000000F)
    Reset_Handler                            0x08000145   Thumb Code     8  startup_stm32f10x_hd.o(.text)
    NMI_Handler                              0x0800014d   Thumb Code     2  startup_stm32f10x_hd.o(.text)
    HardFault_Handler                        0x0800014f   Thumb Code     2  startup_stm32f10x_hd.o(.text)
    MemManage_Handler                        0x08000151   Thumb Code     2  startup_stm32f10x_hd.o(.text)
    BusFault_Handler                         0x08000153   Thumb Code     2  startup_stm32f10x_hd.o(.text)
    UsageFault_Handler                       0x08000155   Thumb Code     2  startup_stm32f10x_hd.o(.text)
    SVC_Handler                              0x08000157   Thumb Code     2  startup_stm32f10x_hd.o(.text)
    DebugMon_Handler                         0x08000159   Thumb Code     2  startup_stm32f10x_hd.o(.text)
    ADC1_2_IRQHandler                        0x0800015f   Thumb Code     0  startup_stm32f10x_hd.o(.text)
    ADC3_IRQHandler                          0x0800015f   Thumb Code     0  startup_stm32f10x_hd.o(.text)
    CAN1_RX1_IRQHandler                      0x0800015f   Thumb Code     0  startup_stm32f10x_hd.o(.text)
    CAN1_SCE_IRQHandler                      0x0800015f   Thumb Code     0  startup_stm32f10x_hd.o(.text)
    DMA1_Channel1_IRQHandler                 0x0800015f   Thumb Code     0  startup_stm32f10x_hd.o(.text)
    DMA1_Channel2_IRQHandler                 0x0800015f   Thumb Code     0  startup_stm32f10x_hd.o(.text)
    DMA1_Channel3_IRQHandler                 0x0800015f   Thumb Code     0  startup_stm32f10x_hd.o(.text)
    DMA1_Channel4_IRQHandler                 0x0800015f   Thumb Code     0  startup_stm32f10x_hd.o(.text)
    DMA1_Channel5_IRQHandler                 0x0800015f   Thumb Code     0  startup_stm32f10x_hd.o(.text)
    DMA1_Channel6_IRQHandler                 0x0800015f   Thumb Code     0  startup_stm32f10x_hd.o(.text)
    DMA1_Channel7_IRQHandler                 0x0800015f   Thumb Code     0  startup_stm32f10x_hd.o(.text)
    DMA2_Channel1_IRQHandler                 0x0800015f   Thumb Code     0  startup_stm32f10x_hd.o(.text)
    DMA2_Channel2_IRQHandler                 0x0800015f   Thumb Code     0  startup_stm32f10x_hd.o(.text)
    DMA2_Channel3_IRQHandler                 0x0800015f   Thumb Code     0  startup_stm32f10x_hd.o(.text)
    DMA2_Channel4_5_IRQHandler               0x0800015f   Thumb Code     0  startup_stm32f10x_hd.o(.text)
    EXTI0_IRQHandler                         0x0800015f   Thumb Code     0  startup_stm32f10x_hd.o(.text)
    EXTI15_10_IRQHandler                     0x0800015f   Thumb Code     0  startup_stm32f10x_hd.o(.text)
    EXTI1_IRQHandler                         0x0800015f   Thumb Code     0  startup_stm32f10x_hd.o(.text)
    EXTI2_IRQHandler                         0x0800015f   Thumb Code     0  startup_stm32f10x_hd.o(.text)
    EXTI3_IRQHandler                         0x0800015f   Thumb Code     0  startup_stm32f10x_hd.o(.text)
    EXTI4_IRQHandler                         0x0800015f   Thumb Code     0  startup_stm32f10x_hd.o(.text)
    EXTI9_5_IRQHandler                       0x0800015f   Thumb Code     0  startup_stm32f10x_hd.o(.text)
    FLASH_IRQHandler                         0x0800015f   Thumb Code     0  startup_stm32f10x_hd.o(.text)
    FSMC_IRQHandler                          0x0800015f   Thumb Code     0  startup_stm32f10x_hd.o(.text)
    I2C1_ER_IRQHandler                       0x0800015f   Thumb Code     0  startup_stm32f10x_hd.o(.text)
    I2C1_EV_IRQHandler                       0x0800015f   Thumb Code     0  startup_stm32f10x_hd.o(.text)
    I2C2_ER_IRQHandler                       0x0800015f   Thumb Code     0  startup_stm32f10x_hd.o(.text)
    I2C2_EV_IRQHandler                       0x0800015f   Thumb Code     0  startup_stm32f10x_hd.o(.text)
    PVD_IRQHandler                           0x0800015f   Thumb Code     0  startup_stm32f10x_hd.o(.text)
    RCC_IRQHandler                           0x0800015f   Thumb Code     0  startup_stm32f10x_hd.o(.text)
    RTCAlarm_IRQHandler                      0x0800015f   Thumb Code     0  startup_stm32f10x_hd.o(.text)
    RTC_IRQHandler                           0x0800015f   Thumb Code     0  startup_stm32f10x_hd.o(.text)
    SDIO_IRQHandler                          0x0800015f   Thumb Code     0  startup_stm32f10x_hd.o(.text)
    SPI1_IRQHandler                          0x0800015f   Thumb Code     0  startup_stm32f10x_hd.o(.text)
    SPI2_IRQHandler                          0x0800015f   Thumb Code     0  startup_stm32f10x_hd.o(.text)
    SPI3_IRQHandler                          0x0800015f   Thumb Code     0  startup_stm32f10x_hd.o(.text)
    TAMPER_IRQHandler                        0x0800015f   Thumb Code     0  startup_stm32f10x_hd.o(.text)
    TIM1_BRK_IRQHandler                      0x0800015f   Thumb Code     0  startup_stm32f10x_hd.o(.text)
    TIM1_CC_IRQHandler                       0x0800015f   Thumb Code     0  startup_stm32f10x_hd.o(.text)
    TIM1_TRG_COM_IRQHandler                  0x0800015f   Thumb Code     0  startup_stm32f10x_hd.o(.text)
    TIM1_UP_IRQHandler                       0x0800015f   Thumb Code     0  startup_stm32f10x_hd.o(.text)
    TIM2_IRQHandler                          0x0800015f   Thumb Code     0  startup_stm32f10x_hd.o(.text)
    TIM3_IRQHandler                          0x0800015f   Thumb Code     0  startup_stm32f10x_hd.o(.text)
    TIM4_IRQHandler                          0x0800015f   Thumb Code     0  startup_stm32f10x_hd.o(.text)
    TIM5_IRQHandler                          0x0800015f   Thumb Code     0  startup_stm32f10x_hd.o(.text)
    TIM6_IRQHandler                          0x0800015f   Thumb Code     0  startup_stm32f10x_hd.o(.text)
    TIM7_IRQHandler                          0x0800015f   Thumb Code     0  startup_stm32f10x_hd.o(.text)
    TIM8_BRK_IRQHandler                      0x0800015f   Thumb Code     0  startup_stm32f10x_hd.o(.text)
    TIM8_CC_IRQHandler                       0x0800015f   Thumb Code     0  startup_stm32f10x_hd.o(.text)
    TIM8_TRG_COM_IRQHandler                  0x0800015f   Thumb Code     0  startup_stm32f10x_hd.o(.text)
    TIM8_UP_IRQHandler                       0x0800015f   Thumb Code     0  startup_stm32f10x_hd.o(.text)
    UART4_IRQHandler                         0x0800015f   Thumb Code     0  startup_stm32f10x_hd.o(.text)
    UART5_IRQHandler                         0x0800015f   Thumb Code     0  startup_stm32f10x_hd.o(.text)
    USART1_IRQHandler                        0x0800015f   Thumb Code     0  startup_stm32f10x_hd.o(.text)
    USART2_IRQHandler                        0x0800015f   Thumb Code     0  startup_stm32f10x_hd.o(.text)
    USART3_IRQHandler                        0x0800015f   Thumb Code     0  startup_stm32f10x_hd.o(.text)
    USBWakeUp_IRQHandler                     0x0800015f   Thumb Code     0  startup_stm32f10x_hd.o(.text)
    USB_HP_CAN1_TX_IRQHandler                0x0800015f   Thumb Code     0  startup_stm32f10x_hd.o(.text)
    USB_LP_CAN1_RX0_IRQHandler               0x0800015f   Thumb Code     0  startup_stm32f10x_hd.o(.text)
    WWDG_IRQHandler                          0x0800015f   Thumb Code     0  startup_stm32f10x_hd.o(.text)
    SystemInit                               0x08000211   Thumb Code    64  system_stm32f10x.o(.text)
    SystemCoreClockUpdate                    0x08000251   Thumb Code   106  system_stm32f10x.o(.text)
    NVIC_PriorityGroupConfig                 0x080002dd   Thumb Code    10  misc.o(.text)
    NVIC_Init                                0x080002e7   Thumb Code    96  misc.o(.text)
    NVIC_SetVectorTable                      0x08000347   Thumb Code    14  misc.o(.text)
    NVIC_SystemLPConfig                      0x08000355   Thumb Code    24  misc.o(.text)
    SysTick_CLKSourceConfig                  0x0800036d   Thumb Code    28  misc.o(.text)
    GPIO_DeInit                              0x08000395   Thumb Code   188  stm32f10x_gpio.o(.text)
    GPIO_AFIODeInit                          0x08000451   Thumb Code    22  stm32f10x_gpio.o(.text)
    GPIO_Init                                0x08000467   Thumb Code   166  stm32f10x_gpio.o(.text)
    GPIO_StructInit                          0x0800050d   Thumb Code    16  stm32f10x_gpio.o(.text)
    GPIO_ReadInputDataBit                    0x0800051d   Thumb Code    14  stm32f10x_gpio.o(.text)
    GPIO_ReadInputData                       0x0800052b   Thumb Code     6  stm32f10x_gpio.o(.text)
    GPIO_ReadOutputDataBit                   0x08000531   Thumb Code    14  stm32f10x_gpio.o(.text)
    GPIO_ReadOutputData                      0x0800053f   Thumb Code     6  stm32f10x_gpio.o(.text)
    GPIO_SetBits                             0x08000545   Thumb Code     4  stm32f10x_gpio.o(.text)
    GPIO_ResetBits                           0x08000549   Thumb Code     4  stm32f10x_gpio.o(.text)
    GPIO_WriteBit                            0x0800054d   Thumb Code    12  stm32f10x_gpio.o(.text)
    GPIO_Write                               0x08000559   Thumb Code     4  stm32f10x_gpio.o(.text)
    GPIO_PinLockConfig                       0x0800055d   Thumb Code    16  stm32f10x_gpio.o(.text)
    GPIO_EventOutputConfig                   0x0800056d   Thumb Code    22  stm32f10x_gpio.o(.text)
    GPIO_EventOutputCmd                      0x08000583   Thumb Code     6  stm32f10x_gpio.o(.text)
    GPIO_PinRemapConfig                      0x08000589   Thumb Code    86  stm32f10x_gpio.o(.text)
    GPIO_EXTILineConfig                      0x080005df   Thumb Code    34  stm32f10x_gpio.o(.text)
    GPIO_ETH_MediaInterfaceConfig            0x08000601   Thumb Code     8  stm32f10x_gpio.o(.text)
    RCC_DeInit                               0x0800062d   Thumb Code    50  stm32f10x_rcc.o(.text)
    RCC_HSEConfig                            0x0800065f   Thumb Code    50  stm32f10x_rcc.o(.text)
    RCC_GetFlagStatus                        0x08000691   Thumb Code    42  stm32f10x_rcc.o(.text)
    RCC_WaitForHSEStartUp                    0x080006bb   Thumb Code    48  stm32f10x_rcc.o(.text)
    RCC_AdjustHSICalibrationValue            0x080006eb   Thumb Code    16  stm32f10x_rcc.o(.text)
    RCC_HSICmd                               0x080006fb   Thumb Code     6  stm32f10x_rcc.o(.text)
    RCC_PLLConfig                            0x08000701   Thumb Code    16  stm32f10x_rcc.o(.text)
    RCC_PLLCmd                               0x08000711   Thumb Code     6  stm32f10x_rcc.o(.text)
    RCC_SYSCLKConfig                         0x08000717   Thumb Code    14  stm32f10x_rcc.o(.text)
    RCC_GetSYSCLKSource                      0x08000725   Thumb Code    10  stm32f10x_rcc.o(.text)
    RCC_HCLKConfig                           0x0800072f   Thumb Code    14  stm32f10x_rcc.o(.text)
    RCC_PCLK1Config                          0x0800073d   Thumb Code    14  stm32f10x_rcc.o(.text)
    RCC_PCLK2Config                          0x0800074b   Thumb Code    16  stm32f10x_rcc.o(.text)
    RCC_ITConfig                             0x0800075b   Thumb Code    22  stm32f10x_rcc.o(.text)
    RCC_USBCLKConfig                         0x08000771   Thumb Code     8  stm32f10x_rcc.o(.text)
    RCC_ADCCLKConfig                         0x08000779   Thumb Code    14  stm32f10x_rcc.o(.text)
    RCC_LSEConfig                            0x08000787   Thumb Code    36  stm32f10x_rcc.o(.text)
    RCC_LSICmd                               0x080007ab   Thumb Code     6  stm32f10x_rcc.o(.text)
    RCC_RTCCLKConfig                         0x080007b1   Thumb Code    10  stm32f10x_rcc.o(.text)
    RCC_RTCCLKCmd                            0x080007bb   Thumb Code     8  stm32f10x_rcc.o(.text)
    RCC_GetClocksFreq                        0x080007c3   Thumb Code   154  stm32f10x_rcc.o(.text)
    RCC_AHBPeriphClockCmd                    0x0800085d   Thumb Code    22  stm32f10x_rcc.o(.text)
    RCC_APB2PeriphClockCmd                   0x08000873   Thumb Code    22  stm32f10x_rcc.o(.text)
    RCC_APB1PeriphClockCmd                   0x08000889   Thumb Code    22  stm32f10x_rcc.o(.text)
    RCC_APB2PeriphResetCmd                   0x0800089f   Thumb Code    22  stm32f10x_rcc.o(.text)
    RCC_APB1PeriphResetCmd                   0x080008b5   Thumb Code    22  stm32f10x_rcc.o(.text)
    RCC_BackupResetCmd                       0x080008cb   Thumb Code     8  stm32f10x_rcc.o(.text)
    RCC_ClockSecuritySystemCmd               0x080008d3   Thumb Code     6  stm32f10x_rcc.o(.text)
    RCC_MCOConfig                            0x080008d9   Thumb Code     6  stm32f10x_rcc.o(.text)
    RCC_ClearFlag                            0x080008df   Thumb Code    12  stm32f10x_rcc.o(.text)
    RCC_GetITStatus                          0x080008eb   Thumb Code    16  stm32f10x_rcc.o(.text)
    RCC_ClearITPendingBit                    0x080008fb   Thumb Code     6  stm32f10x_rcc.o(.text)
    USART_DeInit                             0x08000921   Thumb Code   144  stm32f10x_usart.o(.text)
    USART_Init                               0x080009b1   Thumb Code   182  stm32f10x_usart.o(.text)
    USART_StructInit                         0x08000a67   Thumb Code    22  stm32f10x_usart.o(.text)
    USART_ClockInit                          0x08000a7d   Thumb Code    30  stm32f10x_usart.o(.text)
    USART_ClockStructInit                    0x08000a9b   Thumb Code    12  stm32f10x_usart.o(.text)
    USART_Cmd                                0x08000aa7   Thumb Code    24  stm32f10x_usart.o(.text)
    USART_ITConfig                           0x08000abf   Thumb Code    54  stm32f10x_usart.o(.text)
    USART_DMACmd                             0x08000af5   Thumb Code    20  stm32f10x_usart.o(.text)
    USART_SetAddress                         0x08000b09   Thumb Code    16  stm32f10x_usart.o(.text)
    USART_WakeUpConfig                       0x08000b19   Thumb Code    16  stm32f10x_usart.o(.text)
    USART_ReceiverWakeUpCmd                  0x08000b29   Thumb Code    24  stm32f10x_usart.o(.text)
    USART_LINBreakDetectLengthConfig         0x08000b41   Thumb Code    16  stm32f10x_usart.o(.text)
    USART_LINCmd                             0x08000b51   Thumb Code    24  stm32f10x_usart.o(.text)
    USART_SendData                           0x08000b69   Thumb Code     8  stm32f10x_usart.o(.text)
    USART_ReceiveData                        0x08000b71   Thumb Code     8  stm32f10x_usart.o(.text)
    USART_SendBreak                          0x08000b79   Thumb Code    10  stm32f10x_usart.o(.text)
    USART_SetGuardTime                       0x08000b83   Thumb Code    16  stm32f10x_usart.o(.text)
    USART_SetPrescaler                       0x08000b93   Thumb Code    16  stm32f10x_usart.o(.text)
    USART_SmartCardCmd                       0x08000ba3   Thumb Code    24  stm32f10x_usart.o(.text)
    USART_SmartCardNACKCmd                   0x08000bbb   Thumb Code    24  stm32f10x_usart.o(.text)
    USART_HalfDuplexCmd                      0x08000bd3   Thumb Code    24  stm32f10x_usart.o(.text)
    USART_OverSampling8Cmd                   0x08000beb   Thumb Code    24  stm32f10x_usart.o(.text)
    USART_OneBitMethodCmd                    0x08000c03   Thumb Code    24  stm32f10x_usart.o(.text)
    USART_IrDAConfig                         0x08000c1b   Thumb Code    16  stm32f10x_usart.o(.text)
    USART_IrDACmd                            0x08000c2b   Thumb Code    24  stm32f10x_usart.o(.text)
    USART_GetFlagStatus                      0x08000c43   Thumb Code    14  stm32f10x_usart.o(.text)
    USART_ClearFlag                          0x08000c51   Thumb Code     8  stm32f10x_usart.o(.text)
    USART_GetITStatus                        0x08000c59   Thumb Code    64  stm32f10x_usart.o(.text)
    USART_ClearITPendingBit                  0x08000c99   Thumb Code    16  stm32f10x_usart.o(.text)
    main                                     0x08000dbd   Thumb Code    60  main.o(.text)
    LED_GPIO_Config                          0x08000f7d   Thumb Code    92  bsp_led.o(.text)
    Key_GPIO_Config                          0x08000fdd   Thumb Code    50  bsp_key.o(.text)
    Key_Scan                                 0x0800100f   Thumb Code    38  bsp_key.o(.text)
    USART_Config                             0x08001063   Thumb Code   138  bsp_usart.o(.text)
    Usart_SendByte                           0x080010ed   Thumb Code    24  bsp_usart.o(.text)
    Usart_SendArray                          0x08001105   Thumb Code    46  bsp_usart.o(.text)
    Usart_SendString                         0x08001133   Thumb Code    38  bsp_usart.o(.text)
    Usart_SendHalfWord                       0x08001159   Thumb Code    50  bsp_usart.o(.text)
    fputc                                    0x0800118b   Thumb Code    30  bsp_usart.o(.text)
    fgetc                                    0x080011a9   Thumb Code    26  bsp_usart.o(.text)
    osPriqueueInit                           0x080011cd   Thumb Code    42  los_priqueue.o(.text)
    osPriqueueEnqueue                        0x080011f7   Thumb Code    24  los_priqueue.o(.text)
    osPriqueueDequeue                        0x0800120f   Thumb Code    20  los_priqueue.o(.text)
    osPriqueueTop                            0x08001223   Thumb Code    42  los_priqueue.o(.text)
    osPriqueueSize                           0x0800124d   Thumb Code    26  los_priqueue.o(.text)
    osPriqueueTotalSize                      0x08001267   Thumb Code    24  los_priqueue.o(.text)
    osSwTmrTask                              0x08001289   Thumb Code    56  los_swtmr.o(.text)
    osSwTmrTaskCreate                        0x080012c1   Thumb Code    46  los_swtmr.o(.text)
    osSwTmrInit                              0x080012ef   Thumb Code   118  los_swtmr.o(.text)
    osSwTmrStart                             0x08001365   Thumb Code   382  los_swtmr.o(.text)
    osSwtmrStop                              0x080014e3   Thumb Code    76  los_swtmr.o(.text)
    osSwtmrScan                              0x08001595   Thumb Code    26  los_swtmr.o(.text)
    osSwTmrGetNextTimeout                    0x080015af   Thumb Code    46  los_swtmr.o(.text)
    osSwtimerInsert                          0x080015dd   Thumb Code    62  los_swtmr.o(.text)
    osSwTmrAdjust                            0x0800161b   Thumb Code    72  los_swtmr.o(.text)
    osSwtmrTimeGet                           0x08001663   Thumb Code    56  los_swtmr.o(.text)
    LOS_SwtmrCreate                          0x0800169b   Thumb Code   160  los_swtmr.o(.text)
    LOS_SwtmrStart                           0x0800173b   Thumb Code   192  los_swtmr.o(.text)
    LOS_SwtmrStop                            0x080017fb   Thumb Code   106  los_swtmr.o(.text)
    LOS_SwtmrTimeGet                         0x08001865   Thumb Code   122  los_swtmr.o(.text)
    LOS_SwtmrDelete                          0x080018df   Thumb Code   112  los_swtmr.o(.text)
    LOS_TickCountGet                         0x08001975   Thumb Code     6  los_sys.o(.text)
    LOS_CyclePerTickGet                      0x0800197b   Thumb Code    14  los_sys.o(.text)
    LOS_MS2Tick                              0x08001989   Thumb Code    28  los_sys.o(.text)
    LOS_Tick2MS                              0x080019a5   Thumb Code    18  los_sys.o(.text)
    osCpuTick2MS                             0x080019b7   Thumb Code    74  los_sys.o(.text)
    osCpuTick2US                             0x08001a01   Thumb Code    72  los_sys.o(.text)
    osTaskNextSwitchTimeGet                  0x08001a5d   Thumb Code    60  los_task.o(.text)
    osIdleTask                               0x08001a99   Thumb Code     2  los_task.o(.text)
    osTaskPriModify                          0x08001a9b   Thumb Code    52  los_task.o(.text)
    osTaskAdd2TimerList                      0x08001acf   Thumb Code   136  los_task.o(.text)
    osTimerListDelete                        0x08001b57   Thumb Code    48  los_task.o(.text)
    osTaskScan                               0x08001b87   Thumb Code   182  los_task.o(.text)
    osConvertTskStatus                       0x08001c3d   Thumb Code    68  los_task.o(.text)
    osGetTaskWaterLine                       0x08001c81   Thumb Code    88  los_task.o(.text)
    osGetAllTskInfo                          0x08001cd9   Thumb Code   196  los_task.o(.text)
    osTaskInit                               0x08001d9d   Thumb Code   390  los_task.o(.text)
    LOS_TaskCreateOnly                       0x08001f23   Thumb Code   322  los_task.o(.text)
    LOS_TaskCreate                           0x08002065   Thumb Code   112  los_task.o(.text)
    osIdleTaskCreate                         0x080020d5   Thumb Code    50  los_task.o(.text)
    LOS_CurTaskIDGet                         0x08002107   Thumb Code    18  los_task.o(.text)
    LOS_NextTaskIDGet                        0x08002119   Thumb Code    18  los_task.o(.text)
    LOS_CurTaskNameGet                       0x0800212b   Thumb Code    16  los_task.o(.text)
    osTaskSwitchCheck                        0x0800213b   Thumb Code   178  los_task.o(.text)
    osTaskMonInit                            0x080021ed   Thumb Code    34  los_task.o(.text)
    LOS_TaskDelete                           0x0800220f   Thumb Code   522  los_task.o(.text)
    osTaskEntry                              0x08002419   Thumb Code    38  los_task.o(.text)
    LOS_TaskResume                           0x0800243f   Thumb Code   134  los_task.o(.text)
    LOS_TaskSuspend                          0x080024c5   Thumb Code   170  los_task.o(.text)
    LOS_TaskYield                            0x0800256f   Thumb Code   106  los_task.o(.text)
    LOS_TaskDelay                            0x080025d9   Thumb Code    98  los_task.o(.text)
    LOS_TaskPriGet                           0x0800263b   Thumb Code    62  los_task.o(.text)
    LOS_TaskPriSet                           0x08002679   Thumb Code   150  los_task.o(.text)
    LOS_CurTaskPriSet                        0x0800270f   Thumb Code    12  los_task.o(.text)
    osTaskWait                               0x0800271b   Thumb Code    70  los_task.o(.text)
    osTaskWake                               0x08002761   Thumb Code    66  los_task.o(.text)
    LOS_TaskLock                             0x080027a3   Thumb Code    24  los_task.o(.text)
    LOS_TaskUnlock                           0x080027bb   Thumb Code    58  los_task.o(.text)
    LOS_TaskInfoGet                          0x080027f5   Thumb Code   222  los_task.o(.text)
    LOS_TaskStatusGet                        0x080028d3   Thumb Code    70  los_task.o(.text)
    LOS_TaskSwitchInfoGet                    0x08002919   Thumb Code    60  los_task.o(.text)
    LOS_TaskInfoMonitor                      0x08002955   Thumb Code     4  los_task.o(.text)
    LOS_TaskIsRunning                        0x08002959   Thumb Code     6  los_task.o(.text)
    LOS_NewTaskIDGet                         0x0800295f   Thumb Code    18  los_task.o(.text)
    LOS_TaskNameGet                          0x08002971   Thumb Code    54  los_task.o(.text)
    osTickHandler                            0x080029e9   Thumb Code    30  los_tick.o(.text)
    LOS_SysClockGet                          0x08002a07   Thumb Code     6  los_tick.o(.text)
    osQueueInit                              0x08002a11   Thumb Code    78  los_queue.o(.text)
    LOS_QueueCreate                          0x08002a5f   Thumb Code   188  los_queue.o(.text)
    osQueueOperate                           0x08002c1b   Thumb Code   336  los_queue.o(.text)
    LOS_QueueReadCopy                        0x08002d6b   Thumb Code    42  los_queue.o(.text)
    LOS_QueueWriteHeadCopy                   0x08002d95   Thumb Code    44  los_queue.o(.text)
    LOS_QueueWriteCopy                       0x08002dc1   Thumb Code    42  los_queue.o(.text)
    LOS_QueueRead                            0x08002deb   Thumb Code    74  los_queue.o(.text)
    LOS_QueueWrite                           0x08002e35   Thumb Code    22  los_queue.o(.text)
    LOS_QueueWriteHead                       0x08002e4b   Thumb Code    22  los_queue.o(.text)
    osQueueMailAlloc                         0x08002e61   Thumb Code   146  los_queue.o(.text)
    osQueueMailFree                          0x08002ef3   Thumb Code   142  los_queue.o(.text)
    LOS_QueueDelete                          0x08002f81   Thumb Code   158  los_queue.o(.text)
    LOS_QueueInfoGet                         0x0800301f   Thumb Code   200  los_queue.o(.text)
    osSemInit                                0x08003115   Thumb Code    72  los_sem.o(.text)
    osSemCreate                              0x0800315d   Thumb Code   134  los_sem.o(.text)
    LOS_SemCreate                            0x080031e3   Thumb Code     8  los_sem.o(.text)
    LOS_BinarySemCreate                      0x080031eb   Thumb Code     6  los_sem.o(.text)
    LOS_SemDelete                            0x080031f1   Thumb Code   120  los_sem.o(.text)
    LOS_SemPend                              0x08003269   Thumb Code   240  los_sem.o(.text)
    LOS_SemPost                              0x08003359   Thumb Code   152  los_sem.o(.text)
    osHeapPrvGetNext                         0x08003489   Thumb Code    22  los_heap.o(.text)
    osHeapInit                               0x0800349f   Thumb Code    62  los_heap.o(.text)
    osHeapStatisticsGet                      0x080034dd   Thumb Code    76  los_heap.o(.text)
    osAlarmHeapInfo                          0x08003529   Thumb Code    26  los_heap.o(.text)
    osHeapAlloc                              0x08003543   Thumb Code   238  los_heap.o(.text)
    osHeapFree                               0x08003631   Thumb Code   218  los_heap.o(.text)
    osHeapGetHeapMemoryPeak                  0x0800370b   Thumb Code     6  los_heap.o(.text)
    osHeapGetMaxFreeBlkSize                  0x08003711   Thumb Code    40  los_heap.o(.text)
    LOS_Align                                0x08003789   Thumb Code    20  los_misc.o(.text)
    LOS_Msleep                               0x0800379d   Thumb Code    40  los_misc.o(.text)
    LOS_ErrHandle                            0x080037c5   Thumb Code    34  los_err.o(.text)
    osEnableFPU                              0x080037f1   Thumb Code    12  los_init.o(.text)
    LOS_Reboot                               0x080037fd   Thumb Code     6  los_init.o(.text)
    LOS_Start                                0x0800380b   Thumb Code    34  los_init.o(.text)
    LOS_KernelInit                           0x0800382d   Thumb Code   132  los_init.o(.text)
    LOS_MemboxInit                           0x08003935   Thumb Code    44  los_membox.o(.text)
    LOS_MemboxAlloc                          0x08003961   Thumb Code    64  los_membox.o(.text)
    LOS_MemboxFree                           0x080039a1   Thumb Code    36  los_membox.o(.text)
    LOS_MemboxClr                            0x080039c5   Thumb Code    10  los_membox.o(.text)
    LOS_MemboxStatisticsGet                  0x080039cf   Thumb Code    32  los_membox.o(.text)
    osSlabCtrlHdrGet                         0x08003a19   Thumb Code     4  los_memory.o(.text)
    LOS_MemInit                              0x08003a1d   Thumb Code   164  los_memory.o(.text)
    osMemSystemInit                          0x08003ac1   Thumb Code     8  los_memory.o(.text)
    LOS_MemDeInit                            0x08003ac9   Thumb Code    66  los_memory.o(.text)
    LOS_MemPoolList                          0x08003b0b   Thumb Code    28  los_memory.o(.text)
    LOS_MemAlloc                             0x08003b27   Thumb Code    16  los_memory.o(.text)
    LOS_MemAllocAlign                        0x08003b37   Thumb Code    64  los_memory.o(.text)
    LOS_MemFree                              0x08003b77   Thumb Code    42  los_memory.o(.text)
    LOS_MemRealloc                           0x08003ba1   Thumb Code   112  los_memory.o(.text)
    LOS_MemStatisticsGet                     0x08003c11   Thumb Code    44  los_memory.o(.text)
    LOS_MemGetMaxFreeBlkSize                 0x08003c3d   Thumb Code    16  los_memory.o(.text)
    LOS_StartToRun                           0x08003c91   Thumb Code     0  los_dispatch_keil.o(.text)
    LOS_IntLock                              0x08003cd5   Thumb Code     0  los_dispatch_keil.o(.text)
    LOS_IntUnLock                            0x08003cdd   Thumb Code     0  los_dispatch_keil.o(.text)
    LOS_IntRestore                           0x08003ce5   Thumb Code     0  los_dispatch_keil.o(.text)
    osTaskSchedule                           0x08003ceb   Thumb Code     0  los_dispatch_keil.o(.text)
    osPendSV                                 0x08003cf5   Thumb Code     0  los_dispatch_keil.o(.text)
    osSchedule                               0x08003d61   Thumb Code     4  los_hw.o(.text)
    LOS_Schedule                             0x08003d65   Thumb Code    54  los_hw.o(.text)
    osTaskExit                               0x08003d9b   Thumb Code     4  los_hw.o(.text)
    osTskStackInit                           0x08003d9f   Thumb Code   124  los_hw.o(.text)
    osEnterSleep                             0x08003e1b   Thumb Code    12  los_hw.o(.text)
    osTickStart                              0x08003e35   Thumb Code    90  los_hw_tick.o(.text)
    LOS_SysTickCurrCycleGet                  0x08003e8f   Thumb Code    38  los_hw_tick.o(.text)
    LOS_GetCpuCycle                          0x08003eb5   Thumb Code    82  los_hw_tick.o(.text)
    LOS_GetSystickCycle                      0x08003f07   Thumb Code    78  los_hw_tick.o(.text)
    osIntNumGet                              0x08003f69   Thumb Code     6  los_hwi.o(.text)
    PendSV_Handler                           0x08003f6f   Thumb Code     4  los_hwi.o(.text)
    SysTick_Handler                          0x08003f73   Thumb Code     4  los_hwi.o(.text)
    __aeabi_uldivmod                         0x08003f77   Thumb Code    98  uldiv.o(.text)
    __aeabi_memcpy                           0x08003fd9   Thumb Code    36  memcpya.o(.text)
    __aeabi_memcpy4                          0x08003fd9   Thumb Code     0  memcpya.o(.text)
    __aeabi_memcpy8                          0x08003fd9   Thumb Code     0  memcpya.o(.text)
    __aeabi_memset                           0x08003ffd   Thumb Code    14  memseta.o(.text)
    __aeabi_memset4                          0x08003ffd   Thumb Code     0  memseta.o(.text)
    __aeabi_memset8                          0x08003ffd   Thumb Code     0  memseta.o(.text)
    __aeabi_memclr                           0x0800400b   Thumb Code     4  memseta.o(.text)
    __aeabi_memclr4                          0x0800400b   Thumb Code     0  memseta.o(.text)
    __aeabi_memclr8                          0x0800400b   Thumb Code     0  memseta.o(.text)
    _memset$wrapper                          0x0800400f   Thumb Code    18  memseta.o(.text)
    strncpy                                  0x08004021   Thumb Code    24  strncpy.o(.text)
    __aeabi_ddiv                             0x08004039   Thumb Code   222  ddiv.o(.text)
    __aeabi_ui2d                             0x08004117   Thumb Code    26  dfltui.o(.text)
    __aeabi_ul2d                             0x08004131   Thumb Code    24  dfltul.o(.text)
    __aeabi_d2ulz                            0x08004149   Thumb Code    48  dfixul.o(.text)
    __aeabi_llsl                             0x08004179   Thumb Code    30  llshl.o(.text)
    _ll_shift_l                              0x08004179   Thumb Code     0  llshl.o(.text)
    __aeabi_llsr                             0x08004197   Thumb Code    32  llushr.o(.text)
    _ll_ushift_r                             0x08004197   Thumb Code     0  llushr.o(.text)
    __I$use$fp                               0x080041b7   Thumb Code     0  iusefp.o(.text)
    _double_round                            0x080041b7   Thumb Code    30  depilogue.o(.text)
    _double_epilogue                         0x080041d5   Thumb Code   156  depilogue.o(.text)
    __scatterload                            0x08004271   Thumb Code    28  init.o(.text)
    __scatterload_rt2                        0x08004271   Thumb Code     0  init.o(.text)
    __0printf$8                              0x08004295   Thumb Code    22  printf8.o(i.__0printf$8)
    __1printf$8                              0x08004295   Thumb Code     0  printf8.o(i.__0printf$8)
    __2printf                                0x08004295   Thumb Code     0  printf8.o(i.__0printf$8)
    __scatterload_copy                       0x080042b5   Thumb Code    14  handlers.o(i.__scatterload_copy)
    __scatterload_null                       0x080042c3   Thumb Code     2  handlers.o(i.__scatterload_null)
    __scatterload_zeroinit                   0x080042c5   Thumb Code    14  handlers.o(i.__scatterload_zeroinit)
    Region$$Table$$Base                      0x08004888   Number         0  anon$$obj.o(Region$$Table)
    Region$$Table$$Limit                     0x080048a8   Number         0  anon$$obj.o(Region$$Table)
    SystemCoreClock                          0x20000000   Data           4  system_stm32f10x.o(.data)
    AHBPrescTable                            0x20000004   Data          16  system_stm32f10x.o(.data)
    LED_Task_Handle                          0x20000028   Data           4  main.o(.data)
    Key_Task_Handle                          0x2000002c   Data           4  main.o(.data)
    g_pstLosPriorityQueueList                0x20000030   Data           4  los_priqueue.o(.data)
    m_uwSwTmrHandlerQueue                    0x20000040   Data           4  los_swtmr.o(.data)
    m_pstSwtmrCBArray                        0x20000044   Data           4  los_swtmr.o(.data)
    m_pstSwtmrFreeList                       0x20000048   Data           4  los_swtmr.o(.data)
    m_pstSwtmrSortList                       0x2000004c   Data           4  los_swtmr.o(.data)
    g_usLosTaskLock                          0x20000050   Data           2  los_task.o(.data)
    g_pfnTskSwitchHook                       0x20000054   Data           4  los_task.o(.data)
    g_pfnUsrTskSwitchHook                    0x20000058   Data           4  los_task.o(.data)
    g_pstTaskCBArray                         0x2000005c   Data           4  los_task.o(.data)
    g_uwTskMaxNum                            0x20000060   Data           4  los_task.o(.data)
    g_uwIdleTaskID                           0x20000064   Data           4  los_task.o(.data)
    g_uwSwtmrTaskID                          0x20000068   Data           4  los_task.o(.data)
    g_bTaskScheduled                         0x2000006c   Data           4  los_task.o(.data)
    g_stLosTask                              0x20000070   Data           8  los_task.o(.data)
    g_stTaskTimerList                        0x20000078   Data           8  los_task.o(.data)
    g_stLosFreeTask                          0x20000080   Data           8  los_task.o(.data)
    g_stTskRecyleList                        0x20000088   Data           8  los_task.o(.data)
    g_stTskSortLink                          0x20000090   Data           8  los_task.o(.data)
    g_uwSysClock                             0x20000098   Data           4  los_tick.o(.data)
    g_ullTickCount                           0x200000a0   Data           8  los_tick.o(.data)
    g_uwCyclesPerTick                        0x200000a8   Data           4  los_tick.o(.data)
    g_pstAllQueue                            0x200000ac   Data           4  los_queue.o(.data)
    g_stFreeQueueList                        0x200000b0   Data           8  los_queue.o(.data)
    g_pstAllSem                              0x200000b8   Data           4  los_sem.o(.data)
    g_stUnusedSemList                        0x200000bc   Data           8  los_sem.o(.data)
    g_stUserErrFunc                          0x200000d4   Data           4  los_err.o(.data)
    m_aucSysMem0                             0x200000d8   Data           4  los_init.o(.data)
    g_pPoolHead                              0x200000dc   Data           4  los_memory.o(.data)
    __stdout                                 0x200000e0   Data           4  stdout.o(.data)
    m_uwSwTmrAlignID                         0x200000e4   Data          64  los_swtmr.o(.bss)
    g_astTskSwitchInfo                       0x20000124   Data         342  los_task.o(.bss)
    Image$$RW_IRAM1$$ZI$$Limit               0x20000680   Number         0  anon$$obj.o ABSOLUTE
    __initial_sp                             0x20000680   Data           0  startup_stm32f10x_hd.o(STACK)



==============================================================================

Memory Map of the image

  Image Entry point : 0x08000131

  Load Region LR_IROM1 (Base: 0x08000000, Size: 0x0000498c, Max: 0x00080000, ABSOLUTE)

    Execution Region ER_IROM1 (Exec base: 0x08000000, Load base: 0x08000000, Size: 0x000048a8, Max: 0x00080000, ABSOLUTE)

    Exec Addr    Load Addr    Size         Type   Attr      Idx    E Section Name        Object

    0x08000000   0x08000000   0x00000130   Data   RO            3    RESET               startup_stm32f10x_hd.o
    0x08000130   0x08000130   0x00000000   Code   RO         1705  * .ARM.Collect$$$$00000000  mc_w.l(entry.o)
    0x08000130   0x08000130   0x00000004   Code   RO         1987    .ARM.Collect$$$$00000001  mc_w.l(entry2.o)
    0x08000134   0x08000134   0x00000004   Code   RO         1990    .ARM.Collect$$$$00000004  mc_w.l(entry5.o)
    0x08000138   0x08000138   0x00000000   Code   RO         1992    .ARM.Collect$$$$00000008  mc_w.l(entry7b.o)
    0x08000138   0x08000138   0x00000000   Code   RO         1994    .ARM.Collect$$$$0000000A  mc_w.l(entry8b.o)
    0x08000138   0x08000138   0x00000008   Code   RO         1995    .ARM.Collect$$$$0000000B  mc_w.l(entry9a.o)
    0x08000140   0x08000140   0x00000000   Code   RO         1997    .ARM.Collect$$$$0000000D  mc_w.l(entry10a.o)
    0x08000140   0x08000140   0x00000000   Code   RO         1999    .ARM.Collect$$$$0000000F  mc_w.l(entry11a.o)
    0x08000140   0x08000140   0x00000004   Code   RO         1988    .ARM.Collect$$$$00002712  mc_w.l(entry2.o)
    0x08000144   0x08000144   0x00000024   Code   RO            4    .text               startup_stm32f10x_hd.o
    0x08000168   0x08000168   0x00000174   Code   RO           27    .text               system_stm32f10x.o
    0x080002dc   0x080002dc   0x000000b8   Code   RO          142    .text               misc.o
    0x08000394   0x08000394   0x00000298   Code   RO          434    .text               stm32f10x_gpio.o
    0x0800062c   0x0800062c   0x000002f4   Code   RO          530    .text               stm32f10x_rcc.o
    0x08000920   0x08000920   0x0000039c   Code   RO          652    .text               stm32f10x_usart.o
    0x08000cbc   0x08000cbc   0x000002c0   Code   RO          700    .text               main.o
    0x08000f7c   0x08000f7c   0x00000060   Code   RO          824    .text               bsp_led.o
    0x08000fdc   0x08000fdc   0x00000060   Code   RO          851    .text               bsp_key.o
    0x0800103c   0x0800103c   0x00000190   Code   RO          875    .text               bsp_usart.o
    0x080011cc   0x080011cc   0x000000bc   Code   RO          999    .text               los_priqueue.o
    0x08001288   0x08001288   0x000006ec   Code   RO         1046    .text               los_swtmr.o
    0x08001974   0x08001974   0x000000e8   Code   RO         1083    .text               los_sys.o
    0x08001a5c   0x08001a5c   0x00000f8c   Code   RO         1110    .text               los_task.o
    0x080029e8   0x080029e8   0x00000028   Code   RO         1159    .text               los_tick.o
    0x08002a10   0x08002a10   0x00000704   Code   RO         1287    .text               los_queue.o
    0x08003114   0x08003114   0x00000374   Code   RO         1317    .text               los_sem.o
    0x08003488   0x08003488   0x00000300   Code   RO         1350    .text               los_heap.o
    0x08003788   0x08003788   0x0000003c   Code   RO         1404    .text               los_misc.o
    0x080037c4   0x080037c4   0x0000002c   Code   RO         1428    .text               los_err.o
    0x080037f0   0x080037f0   0x00000144   Code   RO         1461    .text               los_init.o
    0x08003934   0x08003934   0x000000e4   Code   RO         1492    .text               los_membox.o
    0x08003a18   0x08003a18   0x00000278   Code   RO         1516    .text               los_memory.o
    0x08003c90   0x08003c90   0x000000d0   Code   RO         1623    .text               los_dispatch_keil.o
    0x08003d60   0x08003d60   0x000000d4   Code   RO         1629    .text               los_hw.o
    0x08003e34   0x08003e34   0x00000134   Code   RO         1653    .text               los_hw_tick.o
    0x08003f68   0x08003f68   0x0000000e   Code   RO         1681    .text               los_hwi.o
    0x08003f76   0x08003f76   0x00000062   Code   RO         1708    .text               mc_w.l(uldiv.o)
    0x08003fd8   0x08003fd8   0x00000024   Code   RO         1710    .text               mc_w.l(memcpya.o)
    0x08003ffc   0x08003ffc   0x00000024   Code   RO         1712    .text               mc_w.l(memseta.o)
    0x08004020   0x08004020   0x00000018   Code   RO         1714    .text               mc_w.l(strncpy.o)
    0x08004038   0x08004038   0x000000de   Code   RO         1979    .text               mf_w.l(ddiv.o)
    0x08004116   0x08004116   0x0000001a   Code   RO         1981    .text               mf_w.l(dfltui.o)
    0x08004130   0x08004130   0x00000018   Code   RO         1983    .text               mf_w.l(dfltul.o)
    0x08004148   0x08004148   0x00000030   Code   RO         1985    .text               mf_w.l(dfixul.o)
    0x08004178   0x08004178   0x0000001e   Code   RO         2004    .text               mc_w.l(llshl.o)
    0x08004196   0x08004196   0x00000020   Code   RO         2006    .text               mc_w.l(llushr.o)
    0x080041b6   0x080041b6   0x00000000   Code   RO         2008    .text               mc_w.l(iusefp.o)
    0x080041b6   0x080041b6   0x000000ba   Code   RO         2009    .text               mf_w.l(depilogue.o)
    0x08004270   0x08004270   0x00000024   Code   RO         2017    .text               mc_w.l(init.o)
    0x08004294   0x08004294   0x00000020   Code   RO         1925    i.__0printf$8       mc_w.l(printf8.o)
    0x080042b4   0x080042b4   0x0000000e   Code   RO         2023    i.__scatterload_copy  mc_w.l(handlers.o)
    0x080042c2   0x080042c2   0x00000002   Code   RO         2024    i.__scatterload_null  mc_w.l(handlers.o)
    0x080042c4   0x080042c4   0x0000000e   Code   RO         2025    i.__scatterload_zeroinit  mc_w.l(handlers.o)
    0x080042d2   0x080042d2   0x00000002   PAD
    0x080042d4   0x080042d4   0x00000410   Code   RO         1932    i._printf_core      mc_w.l(printf8.o)
    0x080046e4   0x080046e4   0x00000024   Code   RO         1933    i._printf_post_padding  mc_w.l(printf8.o)
    0x08004708   0x08004708   0x0000002e   Code   RO         1934    i._printf_pre_padding  mc_w.l(printf8.o)
    0x08004736   0x08004736   0x00000002   PAD
    0x08004738   0x08004738   0x00000150   Data   RO         1112    .conststring        los_task.o
    0x08004888   0x08004888   0x00000020   Data   RO         2021    Region$$Table       anon$$obj.o


    Execution Region RW_IRAM1 (Exec base: 0x20000000, Load base: 0x080048a8, Size: 0x00000680, Max: 0x00010000, ABSOLUTE)

    Exec Addr    Load Addr    Size         Type   Attr      Idx    E Section Name        Object

    0x20000000   0x080048a8   0x00000014   Data   RW           28    .data               system_stm32f10x.o
    0x20000014   0x080048bc   0x00000014   Data   RW          531    .data               stm32f10x_rcc.o
    0x20000028   0x080048d0   0x00000008   Data   RW          701    .data               main.o
    0x20000030   0x080048d8   0x00000004   Data   RW         1000    .data               los_priqueue.o
    0x20000034   0x080048dc   0x0000001c   Data   RW         1048    .data               los_swtmr.o
    0x20000050   0x080048f8   0x00000048   Data   RW         1113    .data               los_task.o
    0x20000098   0x08004940   0x00000010   Data   RW         1160    .data               los_tick.o
    0x200000a8   0x08004950   0x00000004   Data   RW         1163    .data               los_tick.o
    0x200000ac   0x08004954   0x0000000c   Data   RW         1288    .data               los_queue.o
    0x200000b8   0x08004960   0x0000000c   Data   RW         1318    .data               los_sem.o
    0x200000c4   0x0800496c   0x00000010   Data   RW         1351    .data               los_heap.o
    0x200000d4   0x0800497c   0x00000004   Data   RW         1429    .data               los_err.o
    0x200000d8   0x08004980   0x00000004   Data   RW         1462    .data               los_init.o
    0x200000dc   0x08004984   0x00000004   Data   RW         1517    .data               los_memory.o
    0x200000e0   0x08004988   0x00000004   Data   RW         2001    .data               mc_w.l(stdout.o)
    0x200000e4        -       0x00000040   Zero   RW         1047    .bss                los_swtmr.o
    0x20000124        -       0x00000156   Zero   RW         1111    .bss                los_task.o
    0x2000027a   0x0800498c   0x00000006   PAD
    0x20000280        -       0x00000400   Zero   RW            1    STACK               startup_stm32f10x_hd.o


==============================================================================

Image component sizes


      Code (inc. data)   RO Data    RW Data    ZI Data      Debug   Object Name

        96          8          0          0          0       1415   bsp_key.o
        96          4          0          0          0        670   bsp_led.o
       400         10          0          0          0       4170   bsp_usart.o
         0          0          0          0          0       8990   cmsis_liteos.o
         0          0          0          0          0       4500   core_cm3.o
       208         26          0          0          0        488   los_dispatch_keil.o
        44         10          0          4          0       2934   los_err.o
       768         80          0         16          0       5273   los_heap.o
       212         14          0          0          0       2069   los_hw.o
       308         20          0          0          0      25029   los_hw_tick.o
        14          0          0          0          0       2493   los_hwi.o
       324        132          0          4          0       2369   los_init.o
       228         42          0          0          0       2798   los_membox.o
       632         68          0          4          0       6343   los_memory.o
        60          0          0          0          0       1067   los_misc.o
       188         10          0          4          0      12322   los_priqueue.o
      1796         80          0         12          0      12713   los_queue.o
       884        124          0         12          0       6136   los_sem.o
      1772         46          0         28         64      10279   los_swtmr.o
       232         20          0          0          0       2645   los_sys.o
      3980        396        336         72        342      24788   los_task.o
        40          4          0         20          0       1408   los_tick.o
       704        388          0          8          0      10941   main.o
       184         12          0          0          0       2237   misc.o
        36          8        304          0       1024        956   startup_stm32f10x_hd.o
       664         36          0          0          0       6521   stm32f10x_gpio.o
       756         32          0         20          0       9792   stm32f10x_rcc.o
       924         20          0          0          0       9480   stm32f10x_usart.o
       372         34          0         20          0     231047   system_stm32f10x.o

    ----------------------------------------------------------------------
     15922       1624        672        224       1436     411873   Object Totals
         0          0         32          0          0          0   (incl. Generated)
         0          0          0          0          6          0   (incl. Padding)

    ----------------------------------------------------------------------

      Code (inc. data)   RO Data    RW Data    ZI Data      Debug   Library Member Name

         0          0          0          0          0          0   entry.o
         0          0          0          0          0          0   entry10a.o
         0          0          0          0          0          0   entry11a.o
         8          4          0          0          0          0   entry2.o
         4          0          0          0          0          0   entry5.o
         0          0          0          0          0          0   entry7b.o
         0          0          0          0          0          0   entry8b.o
         8          4          0          0          0          0   entry9a.o
        30          0          0          0          0          0   handlers.o
        36          8          0          0          0         68   init.o
         0          0          0          0          0          0   iusefp.o
        30          0          0          0          0         68   llshl.o
        32          0          0          0          0         68   llushr.o
        36          0          0          0          0         68   memcpya.o
        36          0          0          0          0        108   memseta.o
      1154         54          0          0          0        352   printf8.o
         0          0          0          4          0          0   stdout.o
        24          0          0          0          0         76   strncpy.o
        98          0          0          0          0         92   uldiv.o
       222          0          0          0          0        100   ddiv.o
       186          0          0          0          0        176   depilogue.o
        48          0          0          0          0         68   dfixul.o
        26          0          0          0          0         76   dfltui.o
        24          0          0          0          0         76   dfltul.o

    ----------------------------------------------------------------------
      2006         70          0          4          0       1396   Library Totals
         4          0          0          0          0          0   (incl. Padding)

    ----------------------------------------------------------------------

      Code (inc. data)   RO Data    RW Data    ZI Data      Debug   Library Name

      1496         70          0          4          0        900   mc_w.l
       506          0          0          0          0        496   mf_w.l

    ----------------------------------------------------------------------
      2006         70          0          4          0       1396   Library Totals

    ----------------------------------------------------------------------

==============================================================================


      Code (inc. data)   RO Data    RW Data    ZI Data      Debug   

     17928       1694        672        228       1436     410405   Grand Totals
     17928       1694        672        228       1436     410405   ELF Image Totals
     17928       1694        672        228          0          0   ROM Totals

==============================================================================

    Total RO  Size (Code + RO Data)                18600 (  18.16kB)
    Total RW  Size (RW Data + ZI Data)              1664 (   1.63kB)
    Total ROM Size (Code + RO Data + RW Data)      18828 (  18.39kB)

==============================================================================

