Component: ARM Compiler 5.06 update 6 (build 750) Tool: armlink [4d35ed]

==============================================================================

Section Cross References

    startup_stm32f10x_hd.o(RESET) refers to startup_stm32f10x_hd.o(STACK) for __initial_sp
    startup_stm32f10x_hd.o(RESET) refers to startup_stm32f10x_hd.o(.text) for Reset_Handler
    startup_stm32f10x_hd.o(RESET) refers to los_hwi.o(.text) for PendSV_Handler
    startup_stm32f10x_hd.o(RESET) refers to stm32f10x_it.o(.text) for USART3_IRQHandler
    startup_stm32f10x_hd.o(.text) refers to system_stm32f10x.o(.text) for SystemInit
    startup_stm32f10x_hd.o(.text) refers to entry.o(.ARM.Collect$$$$00000000) for __main
    system_stm32f10x.o(.text) refers to system_stm32f10x.o(.data) for .data
    stm32f10x_adc.o(.text) refers to stm32f10x_rcc.o(.text) for RCC_APB2PeriphResetCmd
    stm32f10x_bkp.o(.text) refers to stm32f10x_rcc.o(.text) for RCC_BackupResetCmd
    stm32f10x_can.o(.text) refers to stm32f10x_rcc.o(.text) for RCC_APB1PeriphResetCmd
    stm32f10x_cec.o(.text) refers to stm32f10x_rcc.o(.text) for RCC_APB1PeriphResetCmd
    stm32f10x_dac.o(.text) refers to stm32f10x_rcc.o(.text) for RCC_APB1PeriphResetCmd
    stm32f10x_gpio.o(.text) refers to stm32f10x_rcc.o(.text) for RCC_APB2PeriphResetCmd
    stm32f10x_i2c.o(.text) refers to stm32f10x_rcc.o(.text) for RCC_APB1PeriphResetCmd
    stm32f10x_pwr.o(.text) refers to stm32f10x_rcc.o(.text) for RCC_APB1PeriphResetCmd
    stm32f10x_rcc.o(.text) refers to stm32f10x_rcc.o(.data) for .data
    stm32f10x_spi.o(.text) refers to stm32f10x_rcc.o(.text) for RCC_APB2PeriphResetCmd
    stm32f10x_tim.o(.text) refers to stm32f10x_rcc.o(.text) for RCC_APB2PeriphResetCmd
    stm32f10x_usart.o(.text) refers to stm32f10x_rcc.o(.text) for RCC_APB2PeriphResetCmd
    stm32f10x_wwdg.o(.text) refers to stm32f10x_rcc.o(.text) for RCC_APB1PeriphResetCmd
    main.o(.text) refers to printfa.o(i.__0printf) for __2printf
    main.o(.text) refers to ffltui.o(.text) for __aeabi_ui2f
    main.o(.text) refers to fdiv.o(.text) for __aeabi_fdiv
    main.o(.text) refers to fadd.o(.text) for __aeabi_frsub
    main.o(.text) refers to fmul.o(.text) for __aeabi_fmul
    main.o(.text) refers to mqtt.o(.text) for Mqtt_Publish
    main.o(.text) refers to f2d.o(.text) for __aeabi_f2d
    main.o(.text) refers to los_task.o(.text) for LOS_TaskDelay
    main.o(.text) refers to bsp_dht11.o(.text) for DHT11_Read_TempAndHumidity
    main.o(.text) refers to wifi.o(.text) for Wifi_Config
    main.o(.text) refers to bsp_key.o(.text) for Key_Scan
    main.o(.text) refers to misc.o(.text) for NVIC_PriorityGroupConfig
    main.o(.text) refers to bsp_led.o(.text) for LED_GPIO_Config
    main.o(.text) refers to bsp_usart.o(.text) for USART_Config
    main.o(.text) refers to bsp_esp8266.o(.text) for ESP8266_Init
    main.o(.text) refers to bsp_adc.o(.text) for ADCx_Init
    main.o(.text) refers to los_init.o(.text) for LOS_KernelInit
    main.o(.text) refers to bsp_adc.o(.data) for ADC_ConvertedValue
    main.o(.text) refers to main.o(.data) for .data
    stm32f10x_it.o(.text) refers to stm32f10x_usart.o(.text) for USART_GetITStatus
    stm32f10x_it.o(.text) refers to strstr.o(.text) for strstr
    stm32f10x_it.o(.text) refers to bsp_esp8266.o(.bss) for strEsp8266_Fram_Record
    stm32f10x_it.o(.text) refers to wifi.o(.data) for ucTcpClosedFlag
    bsp_led.o(.text) refers to stm32f10x_rcc.o(.text) for RCC_APB2PeriphClockCmd
    bsp_led.o(.text) refers to stm32f10x_gpio.o(.text) for GPIO_Init
    bsp_key.o(.text) refers to stm32f10x_rcc.o(.text) for RCC_APB2PeriphClockCmd
    bsp_key.o(.text) refers to stm32f10x_gpio.o(.text) for GPIO_Init
    bsp_usart.o(.text) refers to misc.o(.text) for NVIC_PriorityGroupConfig
    bsp_usart.o(.text) refers to stm32f10x_rcc.o(.text) for RCC_APB2PeriphClockCmd
    bsp_usart.o(.text) refers to stm32f10x_gpio.o(.text) for GPIO_Init
    bsp_usart.o(.text) refers to stm32f10x_usart.o(.text) for USART_Init
    bsp_esp8266.o(.text) refers to misc.o(.text) for NVIC_PriorityGroupConfig
    bsp_esp8266.o(.text) refers to stm32f10x_rcc.o(.text) for RCC_APB1PeriphClockCmd
    bsp_esp8266.o(.text) refers to stm32f10x_gpio.o(.text) for GPIO_Init
    bsp_esp8266.o(.text) refers to stm32f10x_usart.o(.text) for USART_Init
    bsp_esp8266.o(.text) refers to los_task.o(.text) for LOS_TaskDelay
    bsp_esp8266.o(.text) refers to common.o(.text) for USART_printf
    bsp_esp8266.o(.text) refers to printfa.o(i.__0printf) for __2printf
    bsp_esp8266.o(.text) refers to strstr.o(.text) for strstr
    bsp_esp8266.o(.text) refers to printfa.o(i.__0sprintf) for __2sprintf
    bsp_esp8266.o(.text) refers to memseta.o(.text) for __aeabi_memclr4
    bsp_esp8266.o(.text) refers to bsp_esp8266.o(.bss) for .bss
    bsp_dht11.o(.text) refers to stm32f10x_rcc.o(.text) for RCC_APB2PeriphClockCmd
    bsp_dht11.o(.text) refers to stm32f10x_gpio.o(.text) for GPIO_Init
[...]
    .ARM.Collect$$$$0000000D                 0x08000140   Section        0  entry10a.o(.ARM.Collect$$$$0000000D)
    .ARM.Collect$$$$0000000F                 0x08000140   Section        0  entry11a.o(.ARM.Collect$$$$0000000F)
    .ARM.Collect$$$$00002712                 0x08000140   Section        4  entry2.o(.ARM.Collect$$$$00002712)
    __lit__00000000                          0x08000140   Data           4  entry2.o(.ARM.Collect$$$$00002712)
    .text                                    0x08000144   Section       36  startup_stm32f10x_hd.o(.text)
    .text                                    0x08000168   Section        0  system_stm32f10x.o(.text)
    SetSysClockTo72                          0x08000169   Thumb Code   166  system_stm32f10x.o(.text)
    SetSysClock                              0x0800020f   Thumb Code     2  system_stm32f10x.o(.text)
    .text                                    0x080002dc   Section        0  misc.o(.text)
    .text                                    0x08000394   Section        0  stm32f10x_adc.o(.text)
    .text                                    0x0800071c   Section        0  stm32f10x_dma.o(.text)
    .text                                    0x08000904   Section        0  stm32f10x_gpio.o(.text)
    .text                                    0x08000b9c   Section        0  stm32f10x_rcc.o(.text)
    .text                                    0x08000e90   Section        0  stm32f10x_usart.o(.text)
    .text                                    0x0800122c   Section        0  main.o(.text)
    Read_Publish_Task                        0x0800122d   Thumb Code   174  main.o(.text)
    Creat_Read_Publish_Task                  0x080012db   Thumb Code    36  main.o(.text)
    Mqtt_SendHeatbeat_Task                   0x080012ff   Thumb Code    22  main.o(.text)
    Creat_Mqtt_SendHeatbeat_Task             0x08001315   Thumb Code    36  main.o(.text)
    Connect_Init_Task                        0x08001339   Thumb Code    82  main.o(.text)
    Creat_Connect_Init_Task                  0x0800138b   Thumb Code    36  main.o(.text)
    Key_Task                                 0x080013af   Thumb Code    84  main.o(.text)
    Creat_Key_Task                           0x08001403   Thumb Code    36  main.o(.text)
    AppTaskCreate                            0x08001427   Thumb Code    46  main.o(.text)
    BSP_Init                                 0x08001455   Thumb Code    38  main.o(.text)
    .text                                    0x080016f0   Section        0  stm32f10x_it.o(.text)
    .text                                    0x08001780   Section        0  bsp_led.o(.text)
    .text                                    0x080017e0   Section        0  bsp_key.o(.text)
    .text                                    0x08001840   Section        0  bsp_usart.o(.text)
    NVIC_Configuration                       0x08001841   Thumb Code    38  bsp_usart.o(.text)
    .text                                    0x080019d0   Section        0  bsp_esp8266.o(.text)
    ESP8266_USART_NVIC_Configuration         0x080019d1   Thumb Code    40  bsp_esp8266.o(.text)
    ESP8266_USART_Config                     0x080019f9   Thumb Code   150  bsp_esp8266.o(.text)
    ESP8266_GPIO_Config                      0x08001a8f   Thumb Code    64  bsp_esp8266.o(.text)
    .text                                    0x08002134   Section        0  bsp_dht11.o(.text)
    DHT11_GPIO_Config                        0x08002135   Thumb Code    38  bsp_dht11.o(.text)
    DHT11_Mode_IPU                           0x0800216d   Thumb Code    24  bsp_dht11.o(.text)
    DHT11_Mode_Out_PP                        0x08002185   Thumb Code    30  bsp_dht11.o(.text)
    DHT11_ReadByte                           0x080021a3   Thumb Code    92  bsp_dht11.o(.text)
    .text                                    0x0800229c   Section        0  common.o(.text)
    itoa                                     0x0800229d   Thumb Code    92  common.o(.text)
    .text                                    0x080023dc   Section        0  wifi.o(.text)
    .text                                    0x0800272c   Section        0  mqtt.o(.text)
    .text                                    0x08002940   Section        0  delay.o(.text)
    .text                                    0x080029b0   Section        0  bsp_adc.o(.text)
    ADCx_GPIO_Config                         0x080029b1   Thumb Code    32  bsp_adc.o(.text)
    ADCx_Mode_Config                         0x080029d1   Thumb Code   212  bsp_adc.o(.text)
    .text                                    0x08002ac0   Section        0  los_priqueue.o(.text)
    .text                                    0x08002b7c   Section        0  los_swtmr.o(.text)
    osSwTmrTimeoutHandle                     0x08002e23   Thumb Code   102  los_swtmr.o(.text)
    osSwtmrDelete                            0x08003243   Thumb Code    26  los_swtmr.o(.text)
    .text                                    0x08003268   Section        0  los_sys.o(.text)
    .text                                    0x08003350   Section        0  los_task.o(.text)
    LOS_ListAdd                              0x0800429b   Thumb Code    14  los_task.o(.text)
    LOS_ListTailInsert                       0x080042a9   Thumb Code     4  los_task.o(.text)
    LOS_ListDelete                           0x080042ad   Thumb Code    20  los_task.o(.text)
    LOS_ListEmpty                            0x080042c1   Thumb Code    14  los_task.o(.text)
    .text                                    0x080042dc   Section        0  los_tick.o(.text)
    .text                                    0x08004304   Section        0  los_queue.o(.text)
    osQueueReadParameterCheck                0x0800440f   Thumb Code    50  los_queue.o(.text)
    osQueueWriteParameterCheck               0x08004441   Thumb Code    48  los_queue.o(.text)
    osQueueBufferOperate                     0x08004471   Thumb Code   158  los_queue.o(.text)
    LOS_ListAdd                              0x080049db   Thumb Code    14  los_queue.o(.text)
    LOS_ListEmpty                            0x080049e9   Thumb Code    14  los_queue.o(.text)
    .text                                    0x08004a08   Section        0  los_sem.o(.text)
    LOS_ListAdd                              0x08004ce5   Thumb Code    14  los_sem.o(.text)
    LOS_ListEmpty                            0x08004cf3   Thumb Code    14  los_sem.o(.text)
    .text                                    0x08004d7c   Section        0  los_heap.o(.text)
    .text                                    0x0800507c   Section        0  los_misc.o(.text)
    .text                                    0x080050b8   Section        0  los_err.o(.text)
    .text                                    0x080050e4   Section        0  los_init.o(.text)
    osRegister                               0x080050f7   Thumb Code     8  los_init.o(.text)
    .text                                    0x08005228   Section        0  los_membox.o(.text)
    .text                                    0x0800530c   Section        0  los_memory.o(.text)
    .text                                    0x08005584   Section      208  los_dispatch_keil.o(.text)
    .text                                    0x08005654   Section        0  los_hw.o(.text)
    .text                                    0x08005728   Section        0  los_hw_tick.o(.text)
    .text                                    0x0800585c   Section        0  los_hwi.o(.text)
    .text                                    0x0800586c   Section        0  mqttconnectclient.o(.text)
    .text                                    0x08005abc   Section        0  mqttpacket.o(.text)
    MQTTPacket_decodenb                      0x08005cfd   Thumb Code    86  mqttpacket.o(.text)
    .text                                    0x08005e00   Section        0  mqttserializepublish.o(.text)
    .text                                    0x08005f24   Section        0  mqttsubscribeclient.o(.text)
    .text                                    0x08006068   Section        0  mqtt_transport.o(.text)
    .text                                    0x080060b8   Section        0  uldiv.o(.text)
    .text                                    0x0800611a   Section        0  memcpya.o(.text)
    .text                                    0x0800613e   Section        0  memseta.o(.text)
    .text                                    0x08006162   Section        0  strstr.o(.text)
    .text                                    0x08006186   Section        0  strncpy.o(.text)
    .text                                    0x0800619e   Section        0  strlen.o(.text)
    .text                                    0x080061ac   Section        0  strncmp.o(.text)
    .text                                    0x080061ca   Section        0  fadd.o(.text)
    .text                                    0x0800627a   Section        0  fmul.o(.text)
    .text                                    0x080062de   Section        0  fdiv.o(.text)
    .text                                    0x0800635a   Section        0  ddiv.o(.text)
    .text                                    0x08006438   Section        0  ffltui.o(.text)
    .text                                    0x08006442   Section        0  dfltui.o(.text)
    .text                                    0x0800645c   Section        0  dfltul.o(.text)
    .text                                    0x08006474   Section        0  dfixul.o(.text)
    .text                                    0x080064a4   Section        0  f2d.o(.text)
    .text                                    0x080064ca   Section        0  uidiv.o(.text)
    .text                                    0x080064f6   Section        0  llshl.o(.text)
    .text                                    0x08006514   Section        0  llushr.o(.text)
    .text                                    0x08006534   Section        0  fepilogue.o(.text)
    .text                                    0x08006534   Section        0  iusefp.o(.text)
    .text                                    0x080065a2   Section        0  depilogue.o(.text)
    .text                                    0x0800665c   Section        0  dadd.o(.text)
    .text                                    0x080067aa   Section        0  dmul.o(.text)
    .text                                    0x08006890   Section       48  cdrcmple.o(.text)
    .text                                    0x080068c0   Section       36  init.o(.text)
    .text                                    0x080068e4   Section        0  llsshr.o(.text)
    i.__0printf                              0x08006908   Section        0  printfa.o(i.__0printf)
    i.__0sprintf                             0x08006928   Section        0  printfa.o(i.__0sprintf)
    i.__scatterload_copy                     0x08006950   Section       14  handlers.o(i.__scatterload_copy)
    i.__scatterload_null                     0x0800695e   Section        2  handlers.o(i.__scatterload_null)
    i.__scatterload_zeroinit                 0x08006960   Section       14  handlers.o(i.__scatterload_zeroinit)
    i._fp_digits                             0x08006970   Section        0  printfa.o(i._fp_digits)
    _fp_digits                               0x08006971   Thumb Code   366  printfa.o(i._fp_digits)
    i._printf_core                           0x08006af4   Section        0  printfa.o(i._printf_core)
    _printf_core                             0x08006af5   Thumb Code  1744  printfa.o(i._printf_core)
    i._printf_post_padding                   0x080071d0   Section        0  printfa.o(i._printf_post_padding)
    _printf_post_padding                     0x080071d1   Thumb Code    36  printfa.o(i._printf_post_padding)
    i._printf_pre_padding                    0x080071f4   Section        0  printfa.o(i._printf_pre_padding)
    _printf_pre_padding                      0x080071f5   Thumb Code    46  printfa.o(i._printf_pre_padding)
    i._sputc                                 0x08007222   Section        0  printfa.o(i._sputc)
    _sputc                                   0x08007223   Thumb Code    10  printfa.o(i._sputc)
    .constdata                               0x0800722c   Section       88  mqtt.o(.constdata)
    .conststring                             0x08007284   Section       91  wifi.o(.conststring)
    .conststring                             0x080072e0   Section      186  mqtt.o(.conststring)
    .conststring                             0x0800739c   Section      336  los_task.o(.conststring)
    .data                                    0x20000000   Section       20  system_stm32f10x.o(.data)
    .data                                    0x20000014   Section       20  stm32f10x_rcc.o(.data)
    ADCPrescTable                            0x20000014   Data           4  stm32f10x_rcc.o(.data)
    APBAHBPrescTable                         0x20000018   Data          16  stm32f10x_rcc.o(.data)
    .data                                    0x20000028   Section       16  main.o(.data)
    .data                                    0x20000038   Section       36  wifi.o(.data)
    .data                                    0x2000005c   Section        4  mqtt.o(.data)
    .data                                    0x20000060   Section        4  bsp_adc.o(.data)
    .data                                    0x20000064   Section        4  los_priqueue.o(.data)
    .data                                    0x20000068   Section       28  los_swtmr.o(.data)
    m_uwSwtimerRousesTime                    0x20000068   Data           4  los_swtmr.o(.data)
    m_pstRouses                              0x2000006c   Data           4  los_swtmr.o(.data)
    m_pstRousesPrev                          0x20000070   Data           4  los_swtmr.o(.data)
    .data                                    0x20000084   Section       72  los_task.o(.data)
    .data                                    0x200000d0   Section       16  los_tick.o(.data)
    .data                                    0x200000e0   Section        4  los_tick.o(.data)
    .data                                    0x200000e4   Section       12  los_queue.o(.data)
    .data                                    0x200000f0   Section       12  los_sem.o(.data)
    .data                                    0x200000fc   Section       16  los_heap.o(.data)
    g_uwAllocCount                           0x200000fc   Data           4  los_heap.o(.data)
    g_uwFreeCount                            0x20000100   Data           4  los_heap.o(.data)
    g_uwCurHeapUsed                          0x20000104   Data           4  los_heap.o(.data)
    g_uwMaxHeapUsed                          0x20000108   Data           4  los_heap.o(.data)
    .data                                    0x2000010c   Section        4  los_err.o(.data)
    .data                                    0x20000110   Section        4  los_init.o(.data)
    .data                                    0x20000114   Section        4  los_memory.o(.data)
    .data                                    0x20000118   Section        4  mqttpacket.o(.data)
    bufptr                                   0x20000118   Data           4  mqttpacket.o(.data)
    .data                                    0x2000011c   Section        4  stdout.o(.data)
    .bss                                     0x20000120   Section     1026  bsp_esp8266.o(.bss)
    .bss                                     0x20000522   Section     1026  bsp_esp8266.o(.bss)
    .bss                                     0x20000924   Section      600  mqtt.o(.bss)
    .bss                                     0x20000b7c   Section       64  los_swtmr.o(.bss)
    .bss                                     0x20000bbc   Section      342  los_task.o(.bss)
    STACK                                    0x20000d18   Section     1024  startup_stm32f10x_hd.o(STACK)

    Global Symbols

    Symbol Name                              Value     Ov Type        Size  Object(Section)

    BuildAttributes$$THM_ISAv4$P$D$K$B$S$PE$A:L22UL41UL21$X:L11$S22US41US21$IEEE1$IW$USESV6$~STKCKD$USESV7$~SHL$OTIME$ROPI$EBA8$MICROLIB$REQ8$PRES8$EABIv2 0x00000000   Number         0  anon$$obj.o ABSOLUTE
    __ARM_use_no_argv                        0x00000000   Number         0  main.o ABSOLUTE
    _printf_a                                0x00000000   Number         0  stubs.o ABSOLUTE
    _printf_c                                0x00000000   Number         0  stubs.o ABSOLUTE
    _printf_charcount                        0x00000000   Number         0  stubs.o ABSOLUTE
    _printf_d                                0x00000000   Number         0  stubs.o ABSOLUTE
    _printf_e                                0x00000000   Number         0  stubs.o ABSOLUTE
    _printf_f                                0x00000000   Number         0  stubs.o ABSOLUTE
    _printf_flags                            0x00000000   Number         0  stubs.o ABSOLUTE
    _printf_fp_dec                           0x00000000   Number         0  stubs.o ABSOLUTE
    _printf_fp_hex                           0x00000000   Number         0  stubs.o ABSOLUTE
    _printf_g                                0x00000000   Number         0  stubs.o ABSOLUTE
    _printf_i                                0x00000000   Number         0  stubs.o ABSOLUTE
    _printf_int_dec                          0x00000000   Number         0  stubs.o ABSOLUTE
    _printf_l                                0x00000000   Number         0  stubs.o ABSOLUTE
    _printf_lc                               0x00000000   Number         0  stubs.o ABSOLUTE
    _printf_ll                               0x00000000   Number         0  stubs.o ABSOLUTE
    _printf_lld                              0x00000000   Number         0  stubs.o ABSOLUTE
    _printf_lli                              0x00000000   Number         0  stubs.o ABSOLUTE
    _printf_llo                              0x00000000   Number         0  stubs.o ABSOLUTE
    _printf_llu                              0x00000000   Number         0  stubs.o ABSOLUTE
    _printf_llx                              0x00000000   Number         0  stubs.o ABSOLUTE
    _printf_longlong_dec                     0x00000000   Number         0  stubs.o ABSOLUTE
    _printf_longlong_hex                     0x00000000   Number         0  stubs.o ABSOLUTE
    _printf_longlong_oct                     0x00000000   Number         0  stubs.o ABSOLUTE
    _printf_ls                               0x00000000   Number         0  stubs.o ABSOLUTE
    _printf_mbtowc                           0x00000000   Number         0  stubs.o ABSOLUTE
    _printf_n                                0x00000000   Number         0  stubs.o ABSOLUTE
    _printf_o                                0x00000000   Number         0  stubs.o ABSOLUTE
    _printf_p                                0x00000000   Number         0  stubs.o ABSOLUTE
    _printf_percent                          0x00000000   Number         0  stubs.o ABSOLUTE
    _printf_pre_padding                      0x00000000   Number         0  stubs.o ABSOLUTE
    _printf_return_value                     0x00000000   Number         0  stubs.o ABSOLUTE
    _printf_s                                0x00000000   Number         0  stubs.o ABSOLUTE
    _printf_sizespec                         0x00000000   Number         0  stubs.o ABSOLUTE
    _printf_str                              0x00000000   Number         0  stubs.o ABSOLUTE
    _printf_truncate_signed                  0x00000000   Number         0  stubs.o ABSOLUTE
    _printf_truncate_unsigned                0x00000000   Number         0  stubs.o ABSOLUTE
    _printf_u                                0x00000000   Number         0  stubs.o ABSOLUTE
    _printf_wc                               0x00000000   Number         0  stubs.o ABSOLUTE
    _printf_wctomb                           0x00000000   Number         0  stubs.o ABSOLUTE
    _printf_widthprec                        0x00000000   Number         0  stubs.o ABSOLUTE
    _printf_x                                0x00000000   Number         0  stubs.o ABSOLUTE
    __cpp_initialize__aeabi_                  - Undefined Weak Reference
    __cxa_finalize                            - Undefined Weak Reference
    __decompress                              - Undefined Weak Reference
    _clock_init                               - Undefined Weak Reference
    _microlib_exit                            - Undefined Weak Reference
    __Vectors_Size                           0x00000130   Number         0  startup_stm32f10x_hd.o ABSOLUTE
    __Vectors                                0x08000000   Data           4  startup_stm32f10x_hd.o(RESET)
    __Vectors_End                            0x08000130   Data           0  startup_stm32f10x_hd.o(RESET)
    __main                                   0x08000131   Thumb Code     0  entry.o(.ARM.Collect$$$$00000000)
    _main_stk                                0x08000131   Thumb Code     0  entry2.o(.ARM.Collect$$$$00000001)
    _main_scatterload                        0x08000135   Thumb Code     0  entry5.o(.ARM.Collect$$$$00000004)
    __main_after_scatterload                 0x08000139   Thumb Code     0  entry5.o(.ARM.Collect$$$$00000004)
    _main_clock                              0x08000139   Thumb Code     0  entry7b.o(.ARM.Collect$$$$00000008)
    _main_cpp_init                           0x08000139   Thumb Code     0  entry8b.o(.ARM.Collect$$$$0000000A)
    _main_init                               0x08000139   Thumb Code     0  entry9a.o(.ARM.Collect$$$$0000000B)
    __rt_final_cpp                           0x08000141   Thumb Code     0  entry10a.o(.ARM.Collect$$$$0000000D)
    __rt_final_exit                          0x08000141   Thumb Code     0  entry11a.o(.ARM.Collect$$$$0000000F)
    Reset_Handler                            0x08000145   Thumb Code     8  startup_stm32f10x_hd.o(.text)
    NMI_Handler                              0x0800014d   Thumb Code     2  startup_stm32f10x_hd.o(.text)
    HardFault_Handler                        0x0800014f   Thumb Code     2  startup_stm32f10x_hd.o(.text)
    MemManage_Handler                        0x08000151   Thumb Code     2  startup_stm32f10x_hd.o(.text)
    BusFault_Handler                         0x08000153   Thumb Code     2  startup_stm32f10x_hd.o(.text)
    UsageFault_Handler                       0x08000155   Thumb Code     2  startup_stm32f10x_hd.o(.text)
    SVC_Handler                              0x08000157   Thumb Code     2  startup_stm32f10x_hd.o(.text)
    DebugMon_Handler                         0x08000159   Thumb Code     2  startup_stm32f10x_hd.o(.text)
    ADC1_2_IRQHandler                        0x0800015f   Thumb Code     0  startup_stm32f10x_hd.o(.text)
    ADC3_IRQHandler                          0x0800015f   Thumb Code     0  startup_stm32f10x_hd.o(.text)
    CAN1_RX1_IRQHandler                      0x0800015f   Thumb Code     0  startup_stm32f10x_hd.o(.text)
    CAN1_SCE_IRQHandler                      0x0800015f   Thumb Code     0  startup_stm32f10x_hd.o(.text)
    DMA1_Channel1_IRQHandler                 0x0800015f   Thumb Code     0  startup_stm32f10x_hd.o(.text)
    DMA1_Channel2_IRQHandler                 0x0800015f   Thumb Code     0  startup_stm32f10x_hd.o(.text)
    DMA1_Channel3_IRQHandler                 0x0800015f   Thumb Code     0  startup_stm32f10x_hd.o(.text)
    DMA1_Channel4_IRQHandler                 0x0800015f   Thumb Code     0  startup_stm32f10x_hd.o(.text)
    DMA1_Channel5_IRQHandler                 0x0800015f   Thumb Code     0  startup_stm32f10x_hd.o(.text)
    DMA1_Channel6_IRQHandler                 0x0800015f   Thumb Code     0  startup_stm32f10x_hd.o(.text)
    DMA1_Channel7_IRQHandler                 0x0800015f   Thumb Code     0  startup_stm32f10x_hd.o(.text)
    DMA2_Channel1_IRQHandler                 0x0800015f   Thumb Code     0  startup_stm32f10x_hd.o(.text)
    DMA2_Channel2_IRQHandler                 0x0800015f   Thumb Code     0  startup_stm32f10x_hd.o(.text)
    DMA2_Channel3_IRQHandler                 0x0800015f   Thumb Code     0  startup_stm32f10x_hd.o(.text)
    DMA2_Channel4_5_IRQHandler               0x0800015f   Thumb Code     0  startup_stm32f10x_hd.o(.text)
    EXTI0_IRQHandler                         0x0800015f   Thumb Code     0  startup_stm32f10x_hd.o(.text)
    EXTI15_10_IRQHandler                     0x0800015f   Thumb Code     0  startup_stm32f10x_hd.o(.text)
    EXTI1_IRQHandler                         0x0800015f   Thumb Code     0  startup_stm32f10x_hd.o(.text)
    EXTI2_IRQHandler                         0x0800015f   Thumb Code     0  startup_stm32f10x_hd.o(.text)
    EXTI3_IRQHandler                         0x0800015f   Thumb Code     0  startup_stm32f10x_hd.o(.text)
    EXTI4_IRQHandler                         0x0800015f   Thumb Code     0  startup_stm32f10x_hd.o(.text)
    EXTI9_5_IRQHandler                       0x0800015f   Thumb Code     0  startup_stm32f10x_hd.o(.text)
    FLASH_IRQHandler                         0x0800015f   Thumb Code     0  startup_stm32f10x_hd.o(.text)
    FSMC_IRQHandler                          0x0800015f   Thumb Code     0  startup_stm32f10x_hd.o(.text)
    I2C1_ER_IRQHandler                       0x0800015f   Thumb Code     0  startup_stm32f10x_hd.o(.text)
    I2C1_EV_IRQHandler                       0x0800015f   Thumb Code     0  startup_stm32f10x_hd.o(.text)
    I2C2_ER_IRQHandler                       0x0800015f   Thumb Code     0  startup_stm32f10x_hd.o(.text)
    I2C2_EV_IRQHandler                       0x0800015f   Thumb Code     0  startup_stm32f10x_hd.o(.text)
    PVD_IRQHandler                           0x0800015f   Thumb Code     0  startup_stm32f10x_hd.o(.text)
    RCC_IRQHandler                           0x0800015f   Thumb Code     0  startup_stm32f10x_hd.o(.text)
    RTCAlarm_IRQHandler                      0x0800015f   Thumb Code     0  startup_stm32f10x_hd.o(.text)
    RTC_IRQHandler                           0x0800015f   Thumb Code     0  startup_stm32f10x_hd.o(.text)
    SDIO_IRQHandler                          0x0800015f   Thumb Code     0  startup_stm32f10x_hd.o(.text)
    SPI1_IRQHandler                          0x0800015f   Thumb Code     0  startup_stm32f10x_hd.o(.text)
    SPI2_IRQHandler                          0x0800015f   Thumb Code     0  startup_stm32f10x_hd.o(.text)
    SPI3_IRQHandler                          0x0800015f   Thumb Code     0  startup_stm32f10x_hd.o(.text)
    TAMPER_IRQHandler                        0x0800015f   Thumb Code     0  startup_stm32f10x_hd.o(.text)
    TIM1_BRK_IRQHandler                      0x0800015f   Thumb Code     0  startup_stm32f10x_hd.o(.text)
    TIM1_CC_IRQHandler                       0x0800015f   Thumb Code     0  startup_stm32f10x_hd.o(.text)
    TIM1_TRG_COM_IRQHandler                  0x0800015f   Thumb Code     0  startup_stm32f10x_hd.o(.text)
    TIM1_UP_IRQHandler                       0x0800015f   Thumb Code     0  startup_stm32f10x_hd.o(.text)
    TIM2_IRQHandler                          0x0800015f   Thumb Code     0  startup_stm32f10x_hd.o(.text)
    TIM3_IRQHandler                          0x0800015f   Thumb Code     0  startup_stm32f10x_hd.o(.text)
    TIM4_IRQHandler                          0x0800015f   Thumb Code     0  startup_stm32f10x_hd.o(.text)
    TIM5_IRQHandler                          0x0800015f   Thumb Code     0  startup_stm32f10x_hd.o(.text)
    TIM6_IRQHandler                          0x0800015f   Thumb Code     0  startup_stm32f10x_hd.o(.text)
    TIM7_IRQHandler                          0x0800015f   Thumb Code     0  startup_stm32f10x_hd.o(.text)
    TIM8_BRK_IRQHandler                      0x0800015f   Thumb Code     0  startup_stm32f10x_hd.o(.text)
    TIM8_CC_IRQHandler                       0x0800015f   Thumb Code     0  startup_stm32f10x_hd.o(.text)
    TIM8_TRG_COM_IRQHandler                  0x0800015f   Thumb Code     0  startup_stm32f10x_hd.o(.text)
    TIM8_UP_IRQHandler                       0x0800015f   Thumb Code     0  startup_stm32f10x_hd.o(.text)
    UART4_IRQHandler                         0x0800015f   Thumb Code     0  startup_stm32f10x_hd.o(.text)
    UART5_IRQHandler                         0x0800015f   Thumb Code     0  startup_stm32f10x_hd.o(.text)
    USART1_IRQHandler                        0x0800015f   Thumb Code     0  startup_stm32f10x_hd.o(.text)
    USART2_IRQHandler                        0x0800015f   Thumb Code     0  startup_stm32f10x_hd.o(.text)
    USBWakeUp_IRQHandler                     0x0800015f   Thumb Code     0  startup_stm32f10x_hd.o(.text)
    USB_HP_CAN1_TX_IRQHandler                0x0800015f   Thumb Code     0  startup_stm32f10x_hd.o(.text)
    USB_LP_CAN1_RX0_IRQHandler               0x0800015f   Thumb Code     0  startup_stm32f10x_hd.o(.text)
    WWDG_IRQHandler                          0x0800015f   Thumb Code     0  startup_stm32f10x_hd.o(.text)
    SystemInit                               0x08000211   Thumb Code    64  system_stm32f10x.o(.text)
    SystemCoreClockUpdate                    0x08000251   Thumb Code   106  system_stm32f10x.o(.text)
    NVIC_PriorityGroupConfig                 0x080002dd   Thumb Code    10  misc.o(.text)
    NVIC_Init                                0x080002e7   Thumb Code    96  misc.o(.text)
    NVIC_SetVectorTable                      0x08000347   Thumb Code    14  misc.o(.text)
    NVIC_SystemLPConfig                      0x08000355   Thumb Code    24  misc.o(.text)
    SysTick_CLKSourceConfig                  0x0800036d   Thumb Code    28  misc.o(.text)
    ADC_DeInit                               0x08000395   Thumb Code    88  stm32f10x_adc.o(.text)
    ADC_Init                                 0x080003ed   Thumb Code    62  stm32f10x_adc.o(.text)
    ADC_StructInit                           0x0800042b   Thumb Code    18  stm32f10x_adc.o(.text)
    ADC_Cmd                                  0x0800043d   Thumb Code    24  stm32f10x_adc.o(.text)
    ADC_DMACmd                               0x08000455   Thumb Code    24  stm32f10x_adc.o(.text)
    ADC_ITConfig                             0x0800046d   Thumb Code    22  stm32f10x_adc.o(.text)
    ADC_ResetCalibration                     0x08000483   Thumb Code    10  stm32f10x_adc.o(.text)
    ADC_GetResetCalibrationStatus            0x0800048d   Thumb Code    14  stm32f10x_adc.o(.text)
    ADC_StartCalibration                     0x0800049b   Thumb Code    10  stm32f10x_adc.o(.text)
    ADC_GetCalibrationStatus                 0x080004a5   Thumb Code    14  stm32f10x_adc.o(.text)
    ADC_SoftwareStartConvCmd                 0x080004b3   Thumb Code    24  stm32f10x_adc.o(.text)
    ADC_GetSoftwareStartConvStatus           0x080004cb   Thumb Code    14  stm32f10x_adc.o(.text)
    ADC_DiscModeChannelCountConfig           0x080004d9   Thumb Code    16  stm32f10x_adc.o(.text)
    ADC_DiscModeCmd                          0x080004e9   Thumb Code    24  stm32f10x_adc.o(.text)
    ADC_RegularChannelConfig                 0x08000501   Thumb Code   116  stm32f10x_adc.o(.text)
    ADC_ExternalTrigConvCmd                  0x08000575   Thumb Code    24  stm32f10x_adc.o(.text)
    ADC_GetConversionValue                   0x0800058d   Thumb Code     6  stm32f10x_adc.o(.text)
    ADC_GetDualModeConversionValue           0x08000593   Thumb Code     8  stm32f10x_adc.o(.text)
    ADC_AutoInjectedConvCmd                  0x0800059b   Thumb Code    24  stm32f10x_adc.o(.text)
    ADC_InjectedDiscModeCmd                  0x080005b3   Thumb Code    24  stm32f10x_adc.o(.text)
    ADC_ExternalTrigInjectedConvConfig       0x080005cb   Thumb Code    12  stm32f10x_adc.o(.text)
    ADC_ExternalTrigInjectedConvCmd          0x080005d7   Thumb Code    24  stm32f10x_adc.o(.text)
    ADC_SoftwareStartInjectedConvCmd         0x080005ef   Thumb Code    24  stm32f10x_adc.o(.text)
    ADC_GetSoftwareStartInjectedConvCmdStatus 0x08000607   Thumb Code    14  stm32f10x_adc.o(.text)
    ADC_InjectedChannelConfig                0x08000615   Thumb Code    74  stm32f10x_adc.o(.text)
    ADC_InjectedSequencerLengthConfig        0x0800065f   Thumb Code    16  stm32f10x_adc.o(.text)
    ADC_SetInjectedOffset                    0x0800066f   Thumb Code    16  stm32f10x_adc.o(.text)
    ADC_GetInjectedConversionValue           0x0800067f   Thumb Code    20  stm32f10x_adc.o(.text)
    ADC_AnalogWatchdogCmd                    0x08000693   Thumb Code    12  stm32f10x_adc.o(.text)
    ADC_AnalogWatchdogThresholdsConfig       0x0800069f   Thumb Code     6  stm32f10x_adc.o(.text)
    ADC_AnalogWatchdogSingleChannelConfig    0x080006a5   Thumb Code    12  stm32f10x_adc.o(.text)
    ADC_TempSensorVrefintCmd                 0x080006b1   Thumb Code    28  stm32f10x_adc.o(.text)
    ADC_GetFlagStatus                        0x080006cd   Thumb Code    14  stm32f10x_adc.o(.text)
    ADC_ClearFlag                            0x080006db   Thumb Code     6  stm32f10x_adc.o(.text)
    ADC_GetITStatus                          0x080006e1   Thumb Code    28  stm32f10x_adc.o(.text)
    ADC_ClearITPendingBit                    0x080006fd   Thumb Code     8  stm32f10x_adc.o(.text)
    DMA_DeInit                               0x0800071d   Thumb Code   238  stm32f10x_dma.o(.text)
    DMA_Init                                 0x0800080b   Thumb Code    58  stm32f10x_dma.o(.text)
    DMA_StructInit                           0x08000845   Thumb Code    26  stm32f10x_dma.o(.text)
    DMA_Cmd                                  0x0800085f   Thumb Code    26  stm32f10x_dma.o(.text)
    DMA_ITConfig                             0x08000879   Thumb Code    20  stm32f10x_dma.o(.text)
    DMA_SetCurrDataCounter                   0x0800088d   Thumb Code     4  stm32f10x_dma.o(.text)
    DMA_GetCurrDataCounter                   0x08000891   Thumb Code     6  stm32f10x_dma.o(.text)
    DMA_GetFlagStatus                        0x08000897   Thumb Code    30  stm32f10x_dma.o(.text)
    DMA_ClearFlag                            0x080008b5   Thumb Code    20  stm32f10x_dma.o(.text)
    DMA_GetITStatus                          0x080008c9   Thumb Code    30  stm32f10x_dma.o(.text)
    DMA_ClearITPendingBit                    0x080008e7   Thumb Code    20  stm32f10x_dma.o(.text)
    GPIO_DeInit                              0x08000905   Thumb Code   188  stm32f10x_gpio.o(.text)
    GPIO_AFIODeInit                          0x080009c1   Thumb Code    22  stm32f10x_gpio.o(.text)
    GPIO_Init                                0x080009d7   Thumb Code   166  stm32f10x_gpio.o(.text)
    GPIO_StructInit                          0x08000a7d   Thumb Code    16  stm32f10x_gpio.o(.text)
    GPIO_ReadInputDataBit                    0x08000a8d   Thumb Code    14  stm32f10x_gpio.o(.text)
    GPIO_ReadInputData                       0x08000a9b   Thumb Code     6  stm32f10x_gpio.o(.text)
    GPIO_ReadOutputDataBit                   0x08000aa1   Thumb Code    14  stm32f10x_gpio.o(.text)
    GPIO_ReadOutputData                      0x08000aaf   Thumb Code     6  stm32f10x_gpio.o(.text)
    GPIO_SetBits                             0x08000ab5   Thumb Code     4  stm32f10x_gpio.o(.text)
    GPIO_ResetBits                           0x08000ab9   Thumb Code     4  stm32f10x_gpio.o(.text)
    GPIO_WriteBit                            0x08000abd   Thumb Code    12  stm32f10x_gpio.o(.text)
    GPIO_Write                               0x08000ac9   Thumb Code     4  stm32f10x_gpio.o(.text)
    GPIO_PinLockConfig                       0x08000acd   Thumb Code    16  stm32f10x_gpio.o(.text)
    GPIO_EventOutputConfig                   0x08000add   Thumb Code    22  stm32f10x_gpio.o(.text)
    GPIO_EventOutputCmd                      0x08000af3   Thumb Code     6  stm32f10x_gpio.o(.text)
    GPIO_PinRemapConfig                      0x08000af9   Thumb Code    86  stm32f10x_gpio.o(.text)
    GPIO_EXTILineConfig                      0x08000b4f   Thumb Code    34  stm32f10x_gpio.o(.text)
    GPIO_ETH_MediaInterfaceConfig            0x08000b71   Thumb Code     8  stm32f10x_gpio.o(.text)
    RCC_DeInit                               0x08000b9d   Thumb Code    50  stm32f10x_rcc.o(.text)
    RCC_HSEConfig                            0x08000bcf   Thumb Code    50  stm32f10x_rcc.o(.text)
    RCC_GetFlagStatus                        0x08000c01   Thumb Code    42  stm32f10x_rcc.o(.text)
    RCC_WaitForHSEStartUp                    0x08000c2b   Thumb Code    48  stm32f10x_rcc.o(.text)
    RCC_AdjustHSICalibrationValue            0x08000c5b   Thumb Code    16  stm32f10x_rcc.o(.text)
    RCC_HSICmd                               0x08000c6b   Thumb Code     6  stm32f10x_rcc.o(.text)
    RCC_PLLConfig                            0x08000c71   Thumb Code    16  stm32f10x_rcc.o(.text)
    RCC_PLLCmd                               0x08000c81   Thumb Code     6  stm32f10x_rcc.o(.text)
    RCC_SYSCLKConfig                         0x08000c87   Thumb Code    14  stm32f10x_rcc.o(.text)
    RCC_GetSYSCLKSource                      0x08000c95   Thumb Code    10  stm32f10x_rcc.o(.text)
    RCC_HCLKConfig                           0x08000c9f   Thumb Code    14  stm32f10x_rcc.o(.text)
    RCC_PCLK1Config                          0x08000cad   Thumb Code    14  stm32f10x_rcc.o(.text)
    RCC_PCLK2Config                          0x08000cbb   Thumb Code    16  stm32f10x_rcc.o(.text)
    RCC_ITConfig                             0x08000ccb   Thumb Code    22  stm32f10x_rcc.o(.text)
    RCC_USBCLKConfig                         0x08000ce1   Thumb Code     8  stm32f10x_rcc.o(.text)
    RCC_ADCCLKConfig                         0x08000ce9   Thumb Code    14  stm32f10x_rcc.o(.text)
    RCC_LSEConfig                            0x08000cf7   Thumb Code    36  stm32f10x_rcc.o(.text)
    RCC_LSICmd                               0x08000d1b   Thumb Code     6  stm32f10x_rcc.o(.text)
    RCC_RTCCLKConfig                         0x08000d21   Thumb Code    10  stm32f10x_rcc.o(.text)
    RCC_RTCCLKCmd                            0x08000d2b   Thumb Code     8  stm32f10x_rcc.o(.text)
    RCC_GetClocksFreq                        0x08000d33   Thumb Code   154  stm32f10x_rcc.o(.text)
    RCC_AHBPeriphClockCmd                    0x08000dcd   Thumb Code    22  stm32f10x_rcc.o(.text)
    RCC_APB2PeriphClockCmd                   0x08000de3   Thumb Code    22  stm32f10x_rcc.o(.text)
    RCC_APB1PeriphClockCmd                   0x08000df9   Thumb Code    22  stm32f10x_rcc.o(.text)
    RCC_APB2PeriphResetCmd                   0x08000e0f   Thumb Code    22  stm32f10x_rcc.o(.text)
    RCC_APB1PeriphResetCmd                   0x08000e25   Thumb Code    22  stm32f10x_rcc.o(.text)
    RCC_BackupResetCmd                       0x08000e3b   Thumb Code     8  stm32f10x_rcc.o(.text)
    RCC_ClockSecuritySystemCmd               0x08000e43   Thumb Code     6  stm32f10x_rcc.o(.text)
    RCC_MCOConfig                            0x08000e49   Thumb Code     6  stm32f10x_rcc.o(.text)
    RCC_ClearFlag                            0x08000e4f   Thumb Code    12  stm32f10x_rcc.o(.text)
    RCC_GetITStatus                          0x08000e5b   Thumb Code    16  stm32f10x_rcc.o(.text)
    RCC_ClearITPendingBit                    0x08000e6b   Thumb Code     6  stm32f10x_rcc.o(.text)
    USART_DeInit                             0x08000e91   Thumb Code   144  stm32f10x_usart.o(.text)
    USART_Init                               0x08000f21   Thumb Code   182  stm32f10x_usart.o(.text)
    USART_StructInit                         0x08000fd7   Thumb Code    22  stm32f10x_usart.o(.text)
    USART_ClockInit                          0x08000fed   Thumb Code    30  stm32f10x_usart.o(.text)
    USART_ClockStructInit                    0x0800100b   Thumb Code    12  stm32f10x_usart.o(.text)
    USART_Cmd                                0x08001017   Thumb Code    24  stm32f10x_usart.o(.text)
    USART_ITConfig                           0x0800102f   Thumb Code    54  stm32f10x_usart.o(.text)
    USART_DMACmd                             0x08001065   Thumb Code    20  stm32f10x_usart.o(.text)
    USART_SetAddress                         0x08001079   Thumb Code    16  stm32f10x_usart.o(.text)
    USART_WakeUpConfig                       0x08001089   Thumb Code    16  stm32f10x_usart.o(.text)
    USART_ReceiverWakeUpCmd                  0x08001099   Thumb Code    24  stm32f10x_usart.o(.text)
    USART_LINBreakDetectLengthConfig         0x080010b1   Thumb Code    16  stm32f10x_usart.o(.text)
    USART_LINCmd                             0x080010c1   Thumb Code    24  stm32f10x_usart.o(.text)
    USART_SendData                           0x080010d9   Thumb Code     8  stm32f10x_usart.o(.text)
    USART_ReceiveData                        0x080010e1   Thumb Code     8  stm32f10x_usart.o(.text)
    USART_SendBreak                          0x080010e9   Thumb Code    10  stm32f10x_usart.o(.text)
    USART_SetGuardTime                       0x080010f3   Thumb Code    16  stm32f10x_usart.o(.text)
    USART_SetPrescaler                       0x08001103   Thumb Code    16  stm32f10x_usart.o(.text)
    USART_SmartCardCmd                       0x08001113   Thumb Code    24  stm32f10x_usart.o(.text)
    USART_SmartCardNACKCmd                   0x0800112b   Thumb Code    24  stm32f10x_usart.o(.text)
    USART_HalfDuplexCmd                      0x08001143   Thumb Code    24  stm32f10x_usart.o(.text)
    USART_OverSampling8Cmd                   0x0800115b   Thumb Code    24  stm32f10x_usart.o(.text)
    USART_OneBitMethodCmd                    0x08001173   Thumb Code    24  stm32f10x_usart.o(.text)
    USART_IrDAConfig                         0x0800118b   Thumb Code    16  stm32f10x_usart.o(.text)
    USART_IrDACmd                            0x0800119b   Thumb Code    24  stm32f10x_usart.o(.text)
    USART_GetFlagStatus                      0x080011b3   Thumb Code    14  stm32f10x_usart.o(.text)
    USART_ClearFlag                          0x080011c1   Thumb Code     8  stm32f10x_usart.o(.text)
    USART_GetITStatus                        0x080011c9   Thumb Code    64  stm32f10x_usart.o(.text)
    USART_ClearITPendingBit                  0x08001209   Thumb Code    16  stm32f10x_usart.o(.text)
    main                                     0x0800147b   Thumb Code    54  main.o(.text)
    USART3_IRQHandler                        0x080016f1   Thumb Code   120  stm32f10x_it.o(.text)
    LED_GPIO_Config                          0x08001781   Thumb Code    92  bsp_led.o(.text)
    Key_GPIO_Config                          0x080017e1   Thumb Code    50  bsp_key.o(.text)
    Key_Scan                                 0x08001813   Thumb Code    38  bsp_key.o(.text)
    USART_Config                             0x08001867   Thumb Code   138  bsp_usart.o(.text)
    Usart_SendByte                           0x080018f1   Thumb Code    24  bsp_usart.o(.text)
    Usart_SendArray                          0x08001909   Thumb Code    46  bsp_usart.o(.text)
    Usart_SendString                         0x08001937   Thumb Code    38  bsp_usart.o(.text)
    Usart_SendHalfWord                       0x0800195d   Thumb Code    50  bsp_usart.o(.text)
    fputc                                    0x0800198f   Thumb Code    30  bsp_usart.o(.text)
    fgetc                                    0x080019ad   Thumb Code    26  bsp_usart.o(.text)
    ESP8266_Init                             0x08001acf   Thumb Code    34  bsp_esp8266.o(.text)
    ESP8266_Rst                              0x08001af1   Thumb Code    36  bsp_esp8266.o(.text)
    ESP8266_Cmd                              0x08001b15   Thumb Code   160  bsp_esp8266.o(.text)
    ESP8266_AT_Test                          0x08001bb5   Thumb Code    58  bsp_esp8266.o(.text)
    ESP8266_Net_Mode_Choose                  0x08001bef   Thumb Code    44  bsp_esp8266.o(.text)
    ESP8266_JoinAP                           0x08001c1b   Thumb Code    34  bsp_esp8266.o(.text)
    ESP8266_BuildAP                          0x08001c3d   Thumb Code    34  bsp_esp8266.o(.text)
    ESP8266_Enable_MultipleId                0x08001c5f   Thumb Code    40  bsp_esp8266.o(.text)
    ESP8266_Link_Server                      0x08001c87   Thumb Code   104  bsp_esp8266.o(.text)
    ESP8266_StartOrShutServer                0x08001cef   Thumb Code   100  bsp_esp8266.o(.text)
    ESP8266_Get_LinkStatus                   0x08001d53   Thumb Code    64  bsp_esp8266.o(.text)
    ESP8266_Get_IdLinkStatus                 0x08001d93   Thumb Code   506  bsp_esp8266.o(.text)
    ESP8266_Inquire_ApIp                     0x08001f8d   Thumb Code    68  bsp_esp8266.o(.text)
    ESP8266_UnvarnishSend                    0x08001fd1   Thumb Code    42  bsp_esp8266.o(.text)
    ESP8266_ExitUnvarnishSend                0x08001ffb   Thumb Code    30  bsp_esp8266.o(.text)
    ESP8266_SendString                       0x08002019   Thumb Code    90  bsp_esp8266.o(.text)
    ESP8266_ReceiveString                    0x08002073   Thumb Code    72  bsp_esp8266.o(.text)
    DHT11_Init                               0x0800215b   Thumb Code    18  bsp_dht11.o(.text)
    DHT11_Read_TempAndHumidity               0x080021ff   Thumb Code   152  bsp_dht11.o(.text)
    USART_printf                             0x080022f9   Thumb Code   228  common.o(.text)
    Get_ESP82666_Cmd                         0x080023dd   Thumb Code   118  wifi.o(.text)
    Wifi_Config                              0x08002453   Thumb Code    58  wifi.o(.text)
    Server_Connect                           0x0800248d   Thumb Code    36  wifi.o(.text)
    ESP8266_StaTcpClient_UnvarnishTest       0x080024b1   Thumb Code   330  wifi.o(.text)
    Mqtt_Connect                             0x0800272d   Thumb Code    96  mqtt.o(.text)
    Mqtt_SendHeatbeat                        0x0800278d   Thumb Code    22  mqtt.o(.text)
    Packet_Data                              0x080027a3   Thumb Code    50  mqtt.o(.text)
    Mqtt_Publish                             0x080027d5   Thumb Code    80  mqtt.o(.text)
    Mqtt_Subscribe                           0x08002825   Thumb Code    62  mqtt.o(.text)
    CPU_TS_TmrInit                           0x08002941   Thumb Code    26  delay.o(.text)
    CPU_TS_TmrRd                             0x0800295b   Thumb Code     6  delay.o(.text)
    CPU_TS_Tmr_Delay_US                      0x08002961   Thumb Code    62  delay.o(.text)
    ADCx_Init                                0x08002aa5   Thumb Code    12  bsp_adc.o(.text)
    osPriqueueInit                           0x08002ac1   Thumb Code    42  los_priqueue.o(.text)
    osPriqueueEnqueue                        0x08002aeb   Thumb Code    24  los_priqueue.o(.text)
    osPriqueueDequeue                        0x08002b03   Thumb Code    20  los_priqueue.o(.text)
    osPriqueueTop                            0x08002b17   Thumb Code    42  los_priqueue.o(.text)
    osPriqueueSize                           0x08002b41   Thumb Code    26  los_priqueue.o(.text)
    osPriqueueTotalSize                      0x08002b5b   Thumb Code    24  los_priqueue.o(.text)
    osSwTmrTask                              0x08002b7d   Thumb Code    56  los_swtmr.o(.text)
    osSwTmrTaskCreate                        0x08002bb5   Thumb Code    46  los_swtmr.o(.text)
    osSwTmrInit                              0x08002be3   Thumb Code   118  los_swtmr.o(.text)
    osSwTmrStart                             0x08002c59   Thumb Code   382  los_swtmr.o(.text)
    osSwtmrStop                              0x08002dd7   Thumb Code    76  los_swtmr.o(.text)
    osSwtmrScan                              0x08002e89   Thumb Code    26  los_swtmr.o(.text)
    osSwTmrGetNextTimeout                    0x08002ea3   Thumb Code    46  los_swtmr.o(.text)
    osSwtimerInsert                          0x08002ed1   Thumb Code    62  los_swtmr.o(.text)
    osSwTmrAdjust                            0x08002f0f   Thumb Code    72  los_swtmr.o(.text)
    osSwtmrTimeGet                           0x08002f57   Thumb Code    56  los_swtmr.o(.text)
    LOS_SwtmrCreate                          0x08002f8f   Thumb Code   160  los_swtmr.o(.text)
    LOS_SwtmrStart                           0x0800302f   Thumb Code   192  los_swtmr.o(.text)
    LOS_SwtmrStop                            0x080030ef   Thumb Code   106  los_swtmr.o(.text)
    LOS_SwtmrTimeGet                         0x08003159   Thumb Code   122  los_swtmr.o(.text)
    LOS_SwtmrDelete                          0x080031d3   Thumb Code   112  los_swtmr.o(.text)
    LOS_TickCountGet                         0x08003269   Thumb Code     6  los_sys.o(.text)
    LOS_CyclePerTickGet                      0x0800326f   Thumb Code    14  los_sys.o(.text)
    LOS_MS2Tick                              0x0800327d   Thumb Code    28  los_sys.o(.text)
    LOS_Tick2MS                              0x08003299   Thumb Code    18  los_sys.o(.text)
    osCpuTick2MS                             0x080032ab   Thumb Code    74  los_sys.o(.text)
    osCpuTick2US                             0x080032f5   Thumb Code    72  los_sys.o(.text)
    osTaskNextSwitchTimeGet                  0x08003351   Thumb Code    60  los_task.o(.text)
    osIdleTask                               0x0800338d   Thumb Code     2  los_task.o(.text)
    osTaskPriModify                          0x0800338f   Thumb Code    52  los_task.o(.text)
    osTaskAdd2TimerList                      0x080033c3   Thumb Code   136  los_task.o(.text)
    osTimerListDelete                        0x0800344b   Thumb Code    48  los_task.o(.text)
    osTaskScan                               0x0800347b   Thumb Code   182  los_task.o(.text)
    osConvertTskStatus                       0x08003531   Thumb Code    68  los_task.o(.text)
    osGetTaskWaterLine                       0x08003575   Thumb Code    88  los_task.o(.text)
    osGetAllTskInfo                          0x080035cd   Thumb Code   196  los_task.o(.text)
    osTaskInit                               0x08003691   Thumb Code   390  los_task.o(.text)
    LOS_TaskCreateOnly                       0x08003817   Thumb Code   322  los_task.o(.text)
    LOS_TaskCreate                           0x08003959   Thumb Code   112  los_task.o(.text)
    osIdleTaskCreate                         0x080039c9   Thumb Code    50  los_task.o(.text)
    LOS_CurTaskIDGet                         0x080039fb   Thumb Code    18  los_task.o(.text)
    LOS_NextTaskIDGet                        0x08003a0d   Thumb Code    18  los_task.o(.text)
    LOS_CurTaskNameGet                       0x08003a1f   Thumb Code    16  los_task.o(.text)
    osTaskSwitchCheck                        0x08003a2f   Thumb Code   178  los_task.o(.text)
    osTaskMonInit                            0x08003ae1   Thumb Code    34  los_task.o(.text)
    LOS_TaskDelete                           0x08003b03   Thumb Code   522  los_task.o(.text)
    osTaskEntry                              0x08003d0d   Thumb Code    38  los_task.o(.text)
    LOS_TaskResume                           0x08003d33   Thumb Code   134  los_task.o(.text)
    LOS_TaskSuspend                          0x08003db9   Thumb Code   170  los_task.o(.text)
    LOS_TaskYield                            0x08003e63   Thumb Code   106  los_task.o(.text)
    LOS_TaskDelay                            0x08003ecd   Thumb Code    98  los_task.o(.text)
    LOS_TaskPriGet                           0x08003f2f   Thumb Code    62  los_task.o(.text)
    LOS_TaskPriSet                           0x08003f6d   Thumb Code   150  los_task.o(.text)
    LOS_CurTaskPriSet                        0x08004003   Thumb Code    12  los_task.o(.text)
    osTaskWait                               0x0800400f   Thumb Code    70  los_task.o(.text)
    osTaskWake                               0x08004055   Thumb Code    66  los_task.o(.text)
    LOS_TaskLock                             0x08004097   Thumb Code    24  los_task.o(.text)
    LOS_TaskUnlock                           0x080040af   Thumb Code    58  los_task.o(.text)
    LOS_TaskInfoGet                          0x080040e9   Thumb Code   222  los_task.o(.text)
    LOS_TaskStatusGet                        0x080041c7   Thumb Code    70  los_task.o(.text)
    LOS_TaskSwitchInfoGet                    0x0800420d   Thumb Code    60  los_task.o(.text)
    LOS_TaskInfoMonitor                      0x08004249   Thumb Code     4  los_task.o(.text)
    LOS_TaskIsRunning                        0x0800424d   Thumb Code     6  los_task.o(.text)
    LOS_NewTaskIDGet                         0x08004253   Thumb Code    18  los_task.o(.text)
    LOS_TaskNameGet                          0x08004265   Thumb Code    54  los_task.o(.text)
    osTickHandler                            0x080042dd   Thumb Code    30  los_tick.o(.text)
    LOS_SysClockGet                          0x080042fb   Thumb Code     6  los_tick.o(.text)
    osQueueInit                              0x08004305   Thumb Code    78  los_queue.o(.text)
    LOS_QueueCreate                          0x08004353   Thumb Code   188  los_queue.o(.text)
    osQueueOperate                           0x0800450f   Thumb Code   336  los_queue.o(.text)
    LOS_QueueReadCopy                        0x0800465f   Thumb Code    42  los_queue.o(.text)
    LOS_QueueWriteHeadCopy                   0x08004689   Thumb Code    44  los_queue.o(.text)
    LOS_QueueWriteCopy                       0x080046b5   Thumb Code    42  los_queue.o(.text)
    LOS_QueueRead                            0x080046df   Thumb Code    74  los_queue.o(.text)
    LOS_QueueWrite                           0x08004729   Thumb Code    22  los_queue.o(.text)
    LOS_QueueWriteHead                       0x0800473f   Thumb Code    22  los_queue.o(.text)
    osQueueMailAlloc                         0x08004755   Thumb Code   146  los_queue.o(.text)
    osQueueMailFree                          0x080047e7   Thumb Code   142  los_queue.o(.text)
    LOS_QueueDelete                          0x08004875   Thumb Code   158  los_queue.o(.text)
    LOS_QueueInfoGet                         0x08004913   Thumb Code   200  los_queue.o(.text)
    osSemInit                                0x08004a09   Thumb Code    72  los_sem.o(.text)
    osSemCreate                              0x08004a51   Thumb Code   134  los_sem.o(.text)
    LOS_SemCreate                            0x08004ad7   Thumb Code     8  los_sem.o(.text)
    LOS_BinarySemCreate                      0x08004adf   Thumb Code     6  los_sem.o(.text)
    LOS_SemDelete                            0x08004ae5   Thumb Code   120  los_sem.o(.text)
    LOS_SemPend                              0x08004b5d   Thumb Code   240  los_sem.o(.text)
    LOS_SemPost                              0x08004c4d   Thumb Code   152  los_sem.o(.text)
    osHeapPrvGetNext                         0x08004d7d   Thumb Code    22  los_heap.o(.text)
    osHeapInit                               0x08004d93   Thumb Code    62  los_heap.o(.text)
    osHeapStatisticsGet                      0x08004dd1   Thumb Code    76  los_heap.o(.text)
    osAlarmHeapInfo                          0x08004e1d   Thumb Code    26  los_heap.o(.text)
    osHeapAlloc                              0x08004e37   Thumb Code   238  los_heap.o(.text)
    osHeapFree                               0x08004f25   Thumb Code   218  los_heap.o(.text)
    osHeapGetHeapMemoryPeak                  0x08004fff   Thumb Code     6  los_heap.o(.text)
    osHeapGetMaxFreeBlkSize                  0x08005005   Thumb Code    40  los_heap.o(.text)
    LOS_Align                                0x0800507d   Thumb Code    20  los_misc.o(.text)
    LOS_Msleep                               0x08005091   Thumb Code    40  los_misc.o(.text)
    LOS_ErrHandle                            0x080050b9   Thumb Code    34  los_err.o(.text)
    osEnableFPU                              0x080050e5   Thumb Code    12  los_init.o(.text)
    LOS_Reboot                               0x080050f1   Thumb Code     6  los_init.o(.text)
    LOS_Start                                0x080050ff   Thumb Code    34  los_init.o(.text)
    LOS_KernelInit                           0x08005121   Thumb Code   132  los_init.o(.text)
    LOS_MemboxInit                           0x08005229   Thumb Code    44  los_membox.o(.text)
    LOS_MemboxAlloc                          0x08005255   Thumb Code    64  los_membox.o(.text)
    LOS_MemboxFree                           0x08005295   Thumb Code    36  los_membox.o(.text)
    LOS_MemboxClr                            0x080052b9   Thumb Code    10  los_membox.o(.text)
    LOS_MemboxStatisticsGet                  0x080052c3   Thumb Code    32  los_membox.o(.text)
    osSlabCtrlHdrGet                         0x0800530d   Thumb Code     4  los_memory.o(.text)
    LOS_MemInit                              0x08005311   Thumb Code   164  los_memory.o(.text)
    osMemSystemInit                          0x080053b5   Thumb Code     8  los_memory.o(.text)
    LOS_MemDeInit                            0x080053bd   Thumb Code    66  los_memory.o(.text)
    LOS_MemPoolList                          0x080053ff   Thumb Code    28  los_memory.o(.text)
    LOS_MemAlloc                             0x0800541b   Thumb Code    16  los_memory.o(.text)
    LOS_MemAllocAlign                        0x0800542b   Thumb Code    64  los_memory.o(.text)
    LOS_MemFree                              0x0800546b   Thumb Code    42  los_memory.o(.text)
    LOS_MemRealloc                           0x08005495   Thumb Code   112  los_memory.o(.text)
    LOS_MemStatisticsGet                     0x08005505   Thumb Code    44  los_memory.o(.text)
    LOS_MemGetMaxFreeBlkSize                 0x08005531   Thumb Code    16  los_memory.o(.text)
    LOS_StartToRun                           0x08005585   Thumb Code     0  los_dispatch_keil.o(.text)
    LOS_IntLock                              0x080055c9   Thumb Code     0  los_dispatch_keil.o(.text)
    LOS_IntUnLock                            0x080055d1   Thumb Code     0  los_dispatch_keil.o(.text)
    LOS_IntRestore                           0x080055d9   Thumb Code     0  los_dispatch_keil.o(.text)
    osTaskSchedule                           0x080055df   Thumb Code     0  los_dispatch_keil.o(.text)
    osPendSV                                 0x080055e9   Thumb Code     0  los_dispatch_keil.o(.text)
    osSchedule                               0x08005655   Thumb Code     4  los_hw.o(.text)
    LOS_Schedule                             0x08005659   Thumb Code    54  los_hw.o(.text)
    osTaskExit                               0x0800568f   Thumb Code     4  los_hw.o(.text)
    osTskStackInit                           0x08005693   Thumb Code   124  los_hw.o(.text)
    osEnterSleep                             0x0800570f   Thumb Code    12  los_hw.o(.text)
    osTickStart                              0x08005729   Thumb Code    90  los_hw_tick.o(.text)
    LOS_SysTickCurrCycleGet                  0x08005783   Thumb Code    38  los_hw_tick.o(.text)
    LOS_GetCpuCycle                          0x080057a9   Thumb Code    82  los_hw_tick.o(.text)
    LOS_GetSystickCycle                      0x080057fb   Thumb Code    78  los_hw_tick.o(.text)
    osIntNumGet                              0x0800585d   Thumb Code     6  los_hwi.o(.text)
    PendSV_Handler                           0x08005863   Thumb Code     4  los_hwi.o(.text)
    SysTick_Handler                          0x08005867   Thumb Code     4  los_hwi.o(.text)
    MQTTSerialize_connectLength              0x0800586d   Thumb Code   114  mqttconnectclient.o(.text)
    MQTTSerialize_connect                    0x080058df   Thumb Code   298  mqttconnectclient.o(.text)
    MQTTDeserialize_connack                  0x08005a09   Thumb Code    96  mqttconnectclient.o(.text)
    MQTTSerialize_zero                       0x08005a69   Thumb Code    58  mqttconnectclient.o(.text)
    MQTTSerialize_disconnect                 0x08005aa3   Thumb Code     4  mqttconnectclient.o(.text)
    MQTTSerialize_pingreq                    0x08005aa7   Thumb Code     4  mqttconnectclient.o(.text)
    MQTTPacket_encode                        0x08005abd   Thumb Code    42  mqttpacket.o(.text)
    MQTTPacket_decode                        0x08005ae7   Thumb Code    56  mqttpacket.o(.text)
    MQTTPacket_len                           0x08005b1f   Thumb Code    34  mqttpacket.o(.text)
    bufchar                                  0x08005b41   Thumb Code    30  mqttpacket.o(.text)
    MQTTPacket_decodeBuf                     0x08005b5f   Thumb Code    10  mqttpacket.o(.text)
    readInt                                  0x08005b69   Thumb Code    18  mqttpacket.o(.text)
    readChar                                 0x08005b7b   Thumb Code    12  mqttpacket.o(.text)
    writeChar                                0x08005b87   Thumb Code    12  mqttpacket.o(.text)
    writeInt                                 0x08005b93   Thumb Code    30  mqttpacket.o(.text)
    writeCString                             0x08005bb1   Thumb Code    40  mqttpacket.o(.text)
    getLenStringLen                          0x08005bd9   Thumb Code    10  mqttpacket.o(.text)
    writeMQTTString                          0x08005be3   Thumb Code    66  mqttpacket.o(.text)
    readMQTTLenString                        0x08005c25   Thumb Code    52  mqttpacket.o(.text)
    MQTTstrlen                               0x08005c59   Thumb Code    22  mqttpacket.o(.text)
    MQTTPacket_equals                        0x08005c6f   Thumb Code    56  mqttpacket.o(.text)
    MQTTPacket_read                          0x08005ca7   Thumb Code    86  mqttpacket.o(.text)
    MQTTPacket_readnb                        0x08005d53   Thumb Code   166  mqttpacket.o(.text)
    MQTTSerialize_publishLength              0x08005e01   Thumb Code    28  mqttserializepublish.o(.text)
    MQTTSerialize_publish                    0x08005e1d   Thumb Code   136  mqttserializepublish.o(.text)
    MQTTSerialize_ack                        0x08005ea5   Thumb Code    86  mqttserializepublish.o(.text)
    MQTTSerialize_puback                     0x08005efb   Thumb Code    14  mqttserializepublish.o(.text)
    MQTTSerialize_pubrel                     0x08005f09   Thumb Code    14  mqttserializepublish.o(.text)
    MQTTSerialize_pubcomp                    0x08005f17   Thumb Code    14  mqttserializepublish.o(.text)
    MQTTSerialize_subscribeLength            0x08005f25   Thumb Code    44  mqttsubscribeclient.o(.text)
    MQTTSerialize_subscribe                  0x08005f51   Thumb Code   148  mqttsubscribeclient.o(.text)
    MQTTDeserialize_suback                   0x08005fe5   Thumb Code   132  mqttsubscribeclient.o(.text)
    WiFi_SendString                          0x08006069   Thumb Code    46  mqtt_transport.o(.text)
    transport_sendPacketBuffer               0x08006097   Thumb Code    10  mqtt_transport.o(.text)
    transport_getdata                        0x080060a1   Thumb Code    16  mqtt_transport.o(.text)
    __aeabi_uldivmod                         0x080060b9   Thumb Code    98  uldiv.o(.text)
    __aeabi_memcpy                           0x0800611b   Thumb Code    36  memcpya.o(.text)
    __aeabi_memcpy4                          0x0800611b   Thumb Code     0  memcpya.o(.text)
    __aeabi_memcpy8                          0x0800611b   Thumb Code     0  memcpya.o(.text)
    __aeabi_memset                           0x0800613f   Thumb Code    14  memseta.o(.text)
    __aeabi_memset4                          0x0800613f   Thumb Code     0  memseta.o(.text)
    __aeabi_memset8                          0x0800613f   Thumb Code     0  memseta.o(.text)
    __aeabi_memclr                           0x0800614d   Thumb Code     4  memseta.o(.text)
    __aeabi_memclr4                          0x0800614d   Thumb Code     0  memseta.o(.text)
    __aeabi_memclr8                          0x0800614d   Thumb Code     0  memseta.o(.text)
    _memset$wrapper                          0x08006151   Thumb Code    18  memseta.o(.text)
    strstr                                   0x08006163   Thumb Code    36  strstr.o(.text)
    strncpy                                  0x08006187   Thumb Code    24  strncpy.o(.text)
    strlen                                   0x0800619f   Thumb Code    14  strlen.o(.text)
    strncmp                                  0x080061ad   Thumb Code    30  strncmp.o(.text)
    __aeabi_fadd                             0x080061cb   Thumb Code   164  fadd.o(.text)
    __aeabi_fsub                             0x0800626f   Thumb Code     6  fadd.o(.text)
    __aeabi_frsub                            0x08006275   Thumb Code     6  fadd.o(.text)
    __aeabi_fmul                             0x0800627b   Thumb Code   100  fmul.o(.text)
    __aeabi_fdiv                             0x080062df   Thumb Code   124  fdiv.o(.text)
    __aeabi_ddiv                             0x0800635b   Thumb Code   222  ddiv.o(.text)
    __aeabi_ui2f                             0x08006439   Thumb Code    10  ffltui.o(.text)
    __aeabi_ui2d                             0x08006443   Thumb Code    26  dfltui.o(.text)
    __aeabi_ul2d                             0x0800645d   Thumb Code    24  dfltul.o(.text)
    __aeabi_d2ulz                            0x08006475   Thumb Code    48  dfixul.o(.text)
    __aeabi_f2d                              0x080064a5   Thumb Code    38  f2d.o(.text)
    __aeabi_uidiv                            0x080064cb   Thumb Code     0  uidiv.o(.text)
    __aeabi_uidivmod                         0x080064cb   Thumb Code    44  uidiv.o(.text)
    __aeabi_llsl                             0x080064f7   Thumb Code    30  llshl.o(.text)
    _ll_shift_l                              0x080064f7   Thumb Code     0  llshl.o(.text)
    __aeabi_llsr                             0x08006515   Thumb Code    32  llushr.o(.text)
    _ll_ushift_r                             0x08006515   Thumb Code     0  llushr.o(.text)
    __I$use$fp                               0x08006535   Thumb Code     0  iusefp.o(.text)
    _float_round                             0x08006535   Thumb Code    18  fepilogue.o(.text)
    _float_epilogue                          0x08006547   Thumb Code    92  fepilogue.o(.text)
    _double_round                            0x080065a3   Thumb Code    30  depilogue.o(.text)
    _double_epilogue                         0x080065c1   Thumb Code   156  depilogue.o(.text)
    __aeabi_dadd                             0x0800665d   Thumb Code   322  dadd.o(.text)
    __aeabi_dsub                             0x0800679f   Thumb Code     6  dadd.o(.text)
    __aeabi_drsub                            0x080067a5   Thumb Code     6  dadd.o(.text)
    __aeabi_dmul                             0x080067ab   Thumb Code   228  dmul.o(.text)
    __aeabi_cdrcmple                         0x08006891   Thumb Code    48  cdrcmple.o(.text)
    __scatterload                            0x080068c1   Thumb Code    28  init.o(.text)
    __scatterload_rt2                        0x080068c1   Thumb Code     0  init.o(.text)
    __aeabi_lasr                             0x080068e5   Thumb Code    36  llsshr.o(.text)
    _ll_sshift_r                             0x080068e5   Thumb Code     0  llsshr.o(.text)
    __0printf                                0x08006909   Thumb Code    22  printfa.o(i.__0printf)
    __1printf                                0x08006909   Thumb Code     0  printfa.o(i.__0printf)
    __2printf                                0x08006909   Thumb Code     0  printfa.o(i.__0printf)
    __c89printf                              0x08006909   Thumb Code     0  printfa.o(i.__0printf)
    printf                                   0x08006909   Thumb Code     0  printfa.o(i.__0printf)
    __0sprintf                               0x08006929   Thumb Code    34  printfa.o(i.__0sprintf)
    __1sprintf                               0x08006929   Thumb Code     0  printfa.o(i.__0sprintf)
    __2sprintf                               0x08006929   Thumb Code     0  printfa.o(i.__0sprintf)
    __c89sprintf                             0x08006929   Thumb Code     0  printfa.o(i.__0sprintf)
    sprintf                                  0x08006929   Thumb Code     0  printfa.o(i.__0sprintf)
    __scatterload_copy                       0x08006951   Thumb Code    14  handlers.o(i.__scatterload_copy)
    __scatterload_null                       0x0800695f   Thumb Code     2  handlers.o(i.__scatterload_null)
    __scatterload_zeroinit                   0x08006961   Thumb Code    14  handlers.o(i.__scatterload_zeroinit)
    Region$$Table$$Base                      0x080074ec   Number         0  anon$$obj.o(Region$$Table)
    Region$$Table$$Limit                     0x0800750c   Number         0  anon$$obj.o(Region$$Table)
    SystemCoreClock                          0x20000000   Data           4  system_stm32f10x.o(.data)
    AHBPrescTable                            0x20000004   Data          16  system_stm32f10x.o(.data)
    Read_Publish_Task_Handle                 0x20000028   Data           4  main.o(.data)
    Connect_Init_Task_Handle                 0x2000002c   Data           4  main.o(.data)
    Key_Task_Handle                          0x20000030   Data           4  main.o(.data)
    Mqtt_SendHeatbeat_Handle                 0x20000034   Data           4  main.o(.data)
    ucTcpClosedFlag                          0x20000038   Data           1  wifi.o(.data)
    ledCmd                                   0x2000003c   Data          32  wifi.o(.data)
    buflen                                   0x2000005c   Data           4  mqtt.o(.data)
    ADC_ConvertedValue                       0x20000060   Data           4  bsp_adc.o(.data)
    g_pstLosPriorityQueueList                0x20000064   Data           4  los_priqueue.o(.data)
    m_uwSwTmrHandlerQueue                    0x20000074   Data           4  los_swtmr.o(.data)
    m_pstSwtmrCBArray                        0x20000078   Data           4  los_swtmr.o(.data)
    m_pstSwtmrFreeList                       0x2000007c   Data           4  los_swtmr.o(.data)
    m_pstSwtmrSortList                       0x20000080   Data           4  los_swtmr.o(.data)
    g_usLosTaskLock                          0x20000084   Data           2  los_task.o(.data)
    g_pfnTskSwitchHook                       0x20000088   Data           4  los_task.o(.data)
    g_pfnUsrTskSwitchHook                    0x2000008c   Data           4  los_task.o(.data)
    g_pstTaskCBArray                         0x20000090   Data           4  los_task.o(.data)
    g_uwTskMaxNum                            0x20000094   Data           4  los_task.o(.data)
    g_uwIdleTaskID                           0x20000098   Data           4  los_task.o(.data)
    g_uwSwtmrTaskID                          0x2000009c   Data           4  los_task.o(.data)
    g_bTaskScheduled                         0x200000a0   Data           4  los_task.o(.data)
    g_stLosTask                              0x200000a4   Data           8  los_task.o(.data)
    g_stTaskTimerList                        0x200000ac   Data           8  los_task.o(.data)
    g_stLosFreeTask                          0x200000b4   Data           8  los_task.o(.data)
    g_stTskRecyleList                        0x200000bc   Data           8  los_task.o(.data)
    g_stTskSortLink                          0x200000c4   Data           8  los_task.o(.data)
    g_uwSysClock                             0x200000d0   Data           4  los_tick.o(.data)
    g_ullTickCount                           0x200000d8   Data           8  los_tick.o(.data)
    g_uwCyclesPerTick                        0x200000e0   Data           4  los_tick.o(.data)
    g_pstAllQueue                            0x200000e4   Data           4  los_queue.o(.data)
    g_stFreeQueueList                        0x200000e8   Data           8  los_queue.o(.data)
    g_pstAllSem                              0x200000f0   Data           4  los_sem.o(.data)
    g_stUnusedSemList                        0x200000f4   Data           8  los_sem.o(.data)
    g_stUserErrFunc                          0x2000010c   Data           4  los_err.o(.data)
    m_aucSysMem0                             0x20000110   Data           4  los_init.o(.data)
    g_pPoolHead                              0x20000114   Data           4  los_memory.o(.data)
    __stdout                                 0x2000011c   Data           4  stdout.o(.data)
    strEsp8266_Fram_Record                   0x20000120   Data        1026  bsp_esp8266.o(.bss)
    strUSART_Fram_Record                     0x20000522   Data        1026  bsp_esp8266.o(.bss)
    buf                                      0x20000924   Data         300  mqtt.o(.bss)
    mqtt_message                             0x20000a50   Data         300  mqtt.o(.bss)
    m_uwSwTmrAlignID                         0x20000b7c   Data          64  los_swtmr.o(.bss)
    g_astTskSwitchInfo                       0x20000bbc   Data         342  los_task.o(.bss)
    Image$$RW_IRAM1$$ZI$$Limit               0x20001118   Number         0  anon$$obj.o ABSOLUTE
    __initial_sp                             0x20001118   Data           0  startup_stm32f10x_hd.o(STACK)



==============================================================================

Memory Map of the image

  Image Entry point : 0x08000131

  Load Region LR_IROM1 (Base: 0x08000000, Size: 0x0000762c, Max: 0x00080000, ABSOLUTE)

    Execution Region ER_IROM1 (Exec base: 0x08000000, Load base: 0x08000000, Size: 0x0000750c, Max: 0x00080000, ABSOLUTE)

    Exec Addr    Load Addr    Size         Type   Attr      Idx    E Section Name        Object

    0x08000000   0x08000000   0x00000130   Data   RO            3    RESET               startup_stm32f10x_hd.o
    0x08000130   0x08000130   0x00000000   Code   RO         2122  * .ARM.Collect$$$$00000000  mc_w.l(entry.o)
    0x08000130   0x08000130   0x00000004   Code   RO         2422    .ARM.Collect$$$$00000001  mc_w.l(entry2.o)
    0x08000134   0x08000134   0x00000004   Code   RO         2425    .ARM.Collect$$$$00000004  mc_w.l(entry5.o)
    0x08000138   0x08000138   0x00000000   Code   RO         2427    .ARM.Collect$$$$00000008  mc_w.l(entry7b.o)
    0x08000138   0x08000138   0x00000000   Code   RO         2429    .ARM.Collect$$$$0000000A  mc_w.l(entry8b.o)
    0x08000138   0x08000138   0x00000008   Code   RO         2430    .ARM.Collect$$$$0000000B  mc_w.l(entry9a.o)
    0x08000140   0x08000140   0x00000000   Code   RO         2432    .ARM.Collect$$$$0000000D  mc_w.l(entry10a.o)
    0x08000140   0x08000140   0x00000000   Code   RO         2434    .ARM.Collect$$$$0000000F  mc_w.l(entry11a.o)
    0x08000140   0x08000140   0x00000004   Code   RO         2423    .ARM.Collect$$$$00002712  mc_w.l(entry2.o)
    0x08000144   0x08000144   0x00000024   Code   RO            4    .text               startup_stm32f10x_hd.o
    0x08000168   0x08000168   0x00000174   Code   RO           27    .text               system_stm32f10x.o
    0x080002dc   0x080002dc   0x000000b8   Code   RO          142    .text               misc.o
    0x08000394   0x08000394   0x00000388   Code   RO          170    .text               stm32f10x_adc.o
    0x0800071c   0x0800071c   0x000001e8   Code   RO          338    .text               stm32f10x_dma.o
    0x08000904   0x08000904   0x00000298   Code   RO          434    .text               stm32f10x_gpio.o
    0x08000b9c   0x08000b9c   0x000002f4   Code   RO          530    .text               stm32f10x_rcc.o
    0x08000e90   0x08000e90   0x0000039c   Code   RO          652    .text               stm32f10x_usart.o
    0x0800122c   0x0800122c   0x000004c4   Code   RO          700    .text               main.o
    0x080016f0   0x080016f0   0x00000090   Code   RO          823    .text               stm32f10x_it.o
    0x08001780   0x08001780   0x00000060   Code   RO          857    .text               bsp_led.o
    0x080017e0   0x080017e0   0x00000060   Code   RO          884    .text               bsp_key.o
    0x08001840   0x08001840   0x00000190   Code   RO          912    .text               bsp_usart.o
    0x080019d0   0x080019d0   0x00000764   Code   RO          936    .text               bsp_esp8266.o
    0x08002134   0x08002134   0x00000168   Code   RO          971    .text               bsp_dht11.o
    0x0800229c   0x0800229c   0x00000140   Code   RO         1001    .text               common.o
    0x080023dc   0x080023dc   0x00000350   Code   RO         1028    .text               wifi.o
    0x0800272c   0x0800272c   0x00000214   Code   RO         1059    .text               mqtt.o
    0x08002940   0x08002940   0x00000070   Code   RO         1113    .text               delay.o
    0x080029b0   0x080029b0   0x00000110   Code   RO         1137    .text               bsp_adc.o
    0x08002ac0   0x08002ac0   0x000000bc   Code   RO         1263    .text               los_priqueue.o
    0x08002b7c   0x08002b7c   0x000006ec   Code   RO         1310    .text               los_swtmr.o
    0x08003268   0x08003268   0x000000e8   Code   RO         1347    .text               los_sys.o
    0x08003350   0x08003350   0x00000f8c   Code   RO         1374    .text               los_task.o
    0x080042dc   0x080042dc   0x00000028   Code   RO         1423    .text               los_tick.o
    0x08004304   0x08004304   0x00000704   Code   RO         1551    .text               los_queue.o
    0x08004a08   0x08004a08   0x00000374   Code   RO         1581    .text               los_sem.o
    0x08004d7c   0x08004d7c   0x00000300   Code   RO         1614    .text               los_heap.o
    0x0800507c   0x0800507c   0x0000003c   Code   RO         1668    .text               los_misc.o
    0x080050b8   0x080050b8   0x0000002c   Code   RO         1692    .text               los_err.o
    0x080050e4   0x080050e4   0x00000144   Code   RO         1725    .text               los_init.o
    0x08005228   0x08005228   0x000000e4   Code   RO         1756    .text               los_membox.o
    0x0800530c   0x0800530c   0x00000278   Code   RO         1780    .text               los_memory.o
    0x08005584   0x08005584   0x000000d0   Code   RO         1887    .text               los_dispatch_keil.o
    0x08005654   0x08005654   0x000000d4   Code   RO         1893    .text               los_hw.o
    0x08005728   0x08005728   0x00000134   Code   RO         1917    .text               los_hw_tick.o
    0x0800585c   0x0800585c   0x0000000e   Code   RO         1945    .text               los_hwi.o
    0x0800586a   0x0800586a   0x00000002   PAD
    0x0800586c   0x0800586c   0x00000250   Code   RO         1969    .text               mqttconnectclient.o
    0x08005abc   0x08005abc   0x00000344   Code   RO         2021    .text               mqttpacket.o
    0x08005e00   0x08005e00   0x00000124   Code   RO         2035    .text               mqttserializepublish.o
    0x08005f24   0x08005f24   0x00000144   Code   RO         2047    .text               mqttsubscribeclient.o
    0x08006068   0x08006068   0x00000050   Code   RO         2101    .text               mqtt_transport.o
    0x080060b8   0x080060b8   0x00000062   Code   RO         2125    .text               mc_w.l(uldiv.o)
    0x0800611a   0x0800611a   0x00000024   Code   RO         2127    .text               mc_w.l(memcpya.o)
    0x0800613e   0x0800613e   0x00000024   Code   RO         2129    .text               mc_w.l(memseta.o)
    0x08006162   0x08006162   0x00000024   Code   RO         2131    .text               mc_w.l(strstr.o)
    0x08006186   0x08006186   0x00000018   Code   RO         2133    .text               mc_w.l(strncpy.o)
    0x0800619e   0x0800619e   0x0000000e   Code   RO         2135    .text               mc_w.l(strlen.o)
    0x080061ac   0x080061ac   0x0000001e   Code   RO         2139    .text               mc_w.l(strncmp.o)
    0x080061ca   0x080061ca   0x000000b0   Code   RO         2404    .text               mf_w.l(fadd.o)
    0x0800627a   0x0800627a   0x00000064   Code   RO         2406    .text               mf_w.l(fmul.o)
    0x080062de   0x080062de   0x0000007c   Code   RO         2408    .text               mf_w.l(fdiv.o)
    0x0800635a   0x0800635a   0x000000de   Code   RO         2410    .text               mf_w.l(ddiv.o)
    0x08006438   0x08006438   0x0000000a   Code   RO         2412    .text               mf_w.l(ffltui.o)
    0x08006442   0x08006442   0x0000001a   Code   RO         2414    .text               mf_w.l(dfltui.o)
    0x0800645c   0x0800645c   0x00000018   Code   RO         2416    .text               mf_w.l(dfltul.o)
    0x08006474   0x08006474   0x00000030   Code   RO         2418    .text               mf_w.l(dfixul.o)
    0x080064a4   0x080064a4   0x00000026   Code   RO         2420    .text               mf_w.l(f2d.o)
    0x080064ca   0x080064ca   0x0000002c   Code   RO         2437    .text               mc_w.l(uidiv.o)
    0x080064f6   0x080064f6   0x0000001e   Code   RO         2439    .text               mc_w.l(llshl.o)
    0x08006514   0x08006514   0x00000020   Code   RO         2441    .text               mc_w.l(llushr.o)
    0x08006534   0x08006534   0x00000000   Code   RO         2443    .text               mc_w.l(iusefp.o)
    0x08006534   0x08006534   0x0000006e   Code   RO         2444    .text               mf_w.l(fepilogue.o)
    0x080065a2   0x080065a2   0x000000ba   Code   RO         2446    .text               mf_w.l(depilogue.o)
    0x0800665c   0x0800665c   0x0000014e   Code   RO         2448    .text               mf_w.l(dadd.o)
    0x080067aa   0x080067aa   0x000000e4   Code   RO         2450    .text               mf_w.l(dmul.o)
    0x0800688e   0x0800688e   0x00000002   PAD
    0x08006890   0x08006890   0x00000030   Code   RO         2452    .text               mf_w.l(cdrcmple.o)
    0x080068c0   0x080068c0   0x00000024   Code   RO         2454    .text               mc_w.l(init.o)
    0x080068e4   0x080068e4   0x00000024   Code   RO         2456    .text               mc_w.l(llsshr.o)
    0x08006908   0x08006908   0x00000020   Code   RO         2376    i.__0printf         mc_w.l(printfa.o)
    0x08006928   0x08006928   0x00000028   Code   RO         2378    i.__0sprintf        mc_w.l(printfa.o)
    0x08006950   0x08006950   0x0000000e   Code   RO         2460    i.__scatterload_copy  mc_w.l(handlers.o)
    0x0800695e   0x0800695e   0x00000002   Code   RO         2461    i.__scatterload_null  mc_w.l(handlers.o)
    0x08006960   0x08006960   0x0000000e   Code   RO         2462    i.__scatterload_zeroinit  mc_w.l(handlers.o)
    0x0800696e   0x0800696e   0x00000002   PAD
    0x08006970   0x08006970   0x00000184   Code   RO         2383    i._fp_digits        mc_w.l(printfa.o)
    0x08006af4   0x08006af4   0x000006dc   Code   RO         2384    i._printf_core      mc_w.l(printfa.o)
    0x080071d0   0x080071d0   0x00000024   Code   RO         2385    i._printf_post_padding  mc_w.l(printfa.o)
    0x080071f4   0x080071f4   0x0000002e   Code   RO         2386    i._printf_pre_padding  mc_w.l(printfa.o)
    0x08007222   0x08007222   0x0000000a   Code   RO         2388    i._sputc            mc_w.l(printfa.o)
    0x0800722c   0x0800722c   0x00000058   Data   RO         1061    .constdata          mqtt.o
    0x08007284   0x08007284   0x0000005b   Data   RO         1029    .conststring        wifi.o
    0x080072df   0x080072df   0x00000001   PAD
    0x080072e0   0x080072e0   0x000000ba   Data   RO         1062    .conststring        mqtt.o
    0x0800739a   0x0800739a   0x00000002   PAD
    0x0800739c   0x0800739c   0x00000150   Data   RO         1376    .conststring        los_task.o
    0x080074ec   0x080074ec   0x00000020   Data   RO         2458    Region$$Table       anon$$obj.o


    Execution Region RW_IRAM1 (Exec base: 0x20000000, Load base: 0x0800750c, Size: 0x00001118, Max: 0x00010000, ABSOLUTE)

    Exec Addr    Load Addr    Size         Type   Attr      Idx    E Section Name        Object

    0x20000000   0x0800750c   0x00000014   Data   RW           28    .data               system_stm32f10x.o
    0x20000014   0x08007520   0x00000014   Data   RW          531    .data               stm32f10x_rcc.o
    0x20000028   0x08007534   0x00000010   Data   RW          701    .data               main.o
    0x20000038   0x08007544   0x00000024   Data   RW         1030    .data               wifi.o
    0x2000005c   0x08007568   0x00000004   Data   RW         1063    .data               mqtt.o
    0x20000060   0x0800756c   0x00000004   Data   RW         1138    .data               bsp_adc.o
    0x20000064   0x08007570   0x00000004   Data   RW         1264    .data               los_priqueue.o
    0x20000068   0x08007574   0x0000001c   Data   RW         1312    .data               los_swtmr.o
    0x20000084   0x08007590   0x00000048   Data   RW         1377    .data               los_task.o
    0x200000cc   0x080075d8   0x00000004   PAD
    0x200000d0   0x080075dc   0x00000010   Data   RW         1424    .data               los_tick.o
    0x200000e0   0x080075ec   0x00000004   Data   RW         1427    .data               los_tick.o
    0x200000e4   0x080075f0   0x0000000c   Data   RW         1552    .data               los_queue.o
    0x200000f0   0x080075fc   0x0000000c   Data   RW         1582    .data               los_sem.o
    0x200000fc   0x08007608   0x00000010   Data   RW         1615    .data               los_heap.o
    0x2000010c   0x08007618   0x00000004   Data   RW         1693    .data               los_err.o
    0x20000110   0x0800761c   0x00000004   Data   RW         1726    .data               los_init.o
    0x20000114   0x08007620   0x00000004   Data   RW         1781    .data               los_memory.o
    0x20000118   0x08007624   0x00000004   Data   RW         2022    .data               mqttpacket.o
    0x2000011c   0x08007628   0x00000004   Data   RW         2436    .data               mc_w.l(stdout.o)
    0x20000120        -       0x00000402   Zero   RW          937    .bss                bsp_esp8266.o
    0x20000522        -       0x00000402   Zero   RW          938    .bss                bsp_esp8266.o
    0x20000924        -       0x00000258   Zero   RW         1060    .bss                mqtt.o
    0x20000b7c        -       0x00000040   Zero   RW         1311    .bss                los_swtmr.o
    0x20000bbc        -       0x00000156   Zero   RW         1375    .bss                los_task.o
    0x20000d12   0x0800762c   0x00000006   PAD
    0x20000d18        -       0x00000400   Zero   RW            1    STACK               startup_stm32f10x_hd.o


==============================================================================

Image component sizes


      Code (inc. data)   RO Data    RW Data    ZI Data      Debug   Object Name

       272         16          0          4          0       1477   bsp_adc.o
       360          6          0          0          0       2756   bsp_dht11.o
      1892        508          0          0       2052       8818   bsp_esp8266.o
        96          8          0          0          0       1143   bsp_key.o
        96          4          0          0          0        530   bsp_led.o
       400         10          0          0          0       2662   bsp_usart.o
         0          0          0          0          0       8162   cmsis_liteos.o
       320          0          0          0          0       2411   common.o
         0          0          0          0          0       4500   core_cm3.o
       112         18          0          0          0        938   delay.o
       208         26          0          0          0        392   los_dispatch_keil.o
        44         10          0          4          0       2382   los_err.o
       768         80          0         16          0       4857   los_heap.o
       212         14          0          0          0       1789   los_hw.o
       308         20          0          0          0      24613   los_hw_tick.o
        14          0          0          0          0       2217   los_hwi.o
       324        132          0          4          0       1949   los_init.o
       228         42          0          0          0       2518   los_membox.o
       632         68          0          4          0       5927   los_memory.o
        60          0          0          0          0        927   los_misc.o
       188         10          0          4          0      11346   los_priqueue.o
      1796         80          0         12          0      12165   los_queue.o
       884        124          0         12          0       5588   los_sem.o
      1772         46          0         28         64       9719   los_swtmr.o
       232         20          0          0          0       2369   los_sys.o
      3980        396        336         72        342      23964   los_task.o
        40          4          0         20          0       1132   los_tick.o
      1220        576          0         16          0      12592   main.o
       184         12          0          0          0       1961   misc.o
       532        222        274          4        600       5255   mqtt.o
        80          8          0          0          0       1491   mqtt_transport.o
       592         18          0          0          0       3098   mqttconnectclient.o
       836          8          0          4          0       6380   mqttpacket.o
       292          0          0          0          0       2758   mqttserializepublish.o
       324          0          0          0          0       2591   mqttsubscribeclient.o
        36          8        304          0       1024        856   startup_stm32f10x_hd.o
       904         24          0          0          0      11853   stm32f10x_adc.o
       488         10          0          0          0       4826   stm32f10x_dma.o
       664         36          0          0          0       6245   stm32f10x_gpio.o
       144         24          0          0          0       1788   stm32f10x_it.o
       756         32          0         20          0       9376   stm32f10x_rcc.o
       924         20          0          0          0       9208   stm32f10x_usart.o
       372         34          0         20          0     248859   system_stm32f10x.o
       848        314         91         36          0       2282   wifi.o

    ----------------------------------------------------------------------
     24436       2988       1040        284       4088     478670   Object Totals
         0          0         32          0          0          0   (incl. Generated)
         2          0          3          4          6          0   (incl. Padding)

    ----------------------------------------------------------------------

      Code (inc. data)   RO Data    RW Data    ZI Data      Debug   Library Member Name

         0          0          0          0          0          0   entry.o
         0          0          0          0          0          0   entry10a.o
         0          0          0          0          0          0   entry11a.o
         8          4          0          0          0          0   entry2.o
         4          0          0          0          0          0   entry5.o
         0          0          0          0          0          0   entry7b.o
         0          0          0          0          0          0   entry8b.o
         8          4          0          0          0          0   entry9a.o
        30          0          0          0          0          0   handlers.o
        36          8          0          0          0         68   init.o
         0          0          0          0          0          0   iusefp.o
        30          0          0          0          0         68   llshl.o
        36          0          0          0          0         68   llsshr.o
        32          0          0          0          0         68   llushr.o
        36          0          0          0          0         68   memcpya.o
        36          0          0          0          0        108   memseta.o
      2308         96          0          0          0        604   printfa.o
         0          0          0          4          0          0   stdout.o
        14          0          0          0          0         68   strlen.o
        30          0          0          0          0         80   strncmp.o
        24          0          0          0          0         76   strncpy.o
        36          0          0          0          0         80   strstr.o
        44          0          0          0          0         80   uidiv.o
        98          0          0          0          0         92   uldiv.o
        48          0          0          0          0         68   cdrcmple.o
       334          0          0          0          0        148   dadd.o
       222          0          0          0          0        100   ddiv.o
       186          0          0          0          0        176   depilogue.o
        48          0          0          0          0         68   dfixul.o
        26          0          0          0          0         76   dfltui.o
        24          0          0          0          0         76   dfltul.o
       228          0          0          0          0         96   dmul.o
        38          0          0          0          0         68   f2d.o
       176          0          0          0          0        140   fadd.o
       124          0          0          0          0         88   fdiv.o
       110          0          0          0          0        168   fepilogue.o
        10          0          0          0          0         68   ffltui.o
       100          0          0          0          0         76   fmul.o

    ----------------------------------------------------------------------
      4488        112          0          4          0       2944   Library Totals
         4          0          0          0          0          0   (incl. Padding)

    ----------------------------------------------------------------------

      Code (inc. data)   RO Data    RW Data    ZI Data      Debug   Library Name

      2810        112          0          4          0       1528   mc_w.l
      1674          0          0          0          0       1416   mf_w.l

    ----------------------------------------------------------------------
      4488        112          0          4          0       2944   Library Totals

    ----------------------------------------------------------------------

==============================================================================


      Code (inc. data)   RO Data    RW Data    ZI Data      Debug   

     28924       3100       1040        288       4088     476618   Grand Totals
     28924       3100       1040        288       4088     476618   ELF Image Totals
     28924       3100       1040        288          0          0   ROM Totals

==============================================================================

    Total RO  Size (Code + RO Data)                29964 (  29.26kB)
    Total RW  Size (RW Data + ZI Data)              4376 (   4.27kB)
    Total ROM Size (Code + RO Data + RW Data)      30252 (  29.54kB)

==============================================================================

