Component: ARM Compiler 5.06 update 6 (build 750) Tool: armlink [4d35ed]

==============================================================================

Section Cross References

    startup_stm32f10x_hd.o(RESET) refers to startup_stm32f10x_hd.o(STACK) for __initial_sp
    startup_stm32f10x_hd.o(RESET) refers to startup_stm32f10x_hd.o(.text) for Reset_Handler
    startup_stm32f10x_hd.o(RESET) refers to los_hwi.o(.text) for PendSV_Handler
    startup_stm32f10x_hd.o(RESET) refers to stm32f10x_it.o(.text) for USART3_IRQHandler
    startup_stm32f10x_hd.o(.text) refers to system_stm32f10x.o(.text) for SystemInit
    startup_stm32f10x_hd.o(.text) refers to entry.o(.ARM.Collect$$$$00000000) for __main
    system_stm32f10x.o(.text) refers to system_stm32f10x.o(.data) for .data
    stm32f10x_adc.o(.text) refers to stm32f10x_rcc.o(.text) for RCC_APB2PeriphResetCmd
    stm32f10x_bkp.o(.text) refers to stm32f10x_rcc.o(.text) for RCC_BackupResetCmd
    stm32f10x_can.o(.text) refers to stm32f10x_rcc.o(.text) for RCC_APB1PeriphResetCmd
    stm32f10x_cec.o(.text) refers to stm32f10x_rcc.o(.text) for RCC_APB1PeriphResetCmd
    stm32f10x_dac.o(.text) refers to stm32f10x_rcc.o(.text) for RCC_APB1PeriphResetCmd
    stm32f10x_gpio.o(.text) refers to stm32f10x_rcc.o(.text) for RCC_APB2PeriphResetCmd
    stm32f10x_i2c.o(.text) refers to stm32f10x_rcc.o(.text) for RCC_APB1PeriphResetCmd
    stm32f10x_pwr.o(.text) refers to stm32f10x_rcc.o(.text) for RCC_APB1PeriphResetCmd
    stm32f10x_rcc.o(.text) refers to stm32f10x_rcc.o(.data) for .data
    stm32f10x_spi.o(.text) refers to stm32f10x_rcc.o(.text) for RCC_APB2PeriphResetCmd
    stm32f10x_tim.o(.text) refers to stm32f10x_rcc.o(.text) for RCC_APB2PeriphResetCmd
    stm32f10x_usart.o(.text) refers to stm32f10x_rcc.o(.text) for RCC_APB2PeriphResetCmd
    stm32f10x_wwdg.o(.text) refers to stm32f10x_rcc.o(.text) for RCC_APB1PeriphResetCmd
    main.o(.text) refers to printfa.o(i.__0printf) for __2printf
    main.o(.text) refers to mqtt.o(.text) for Mqtt_Publish
    main.o(.text) refers to los_task.o(.text) for LOS_TaskDelay
    main.o(.text) refers to bsp_dht11.o(.text) for DHT11_Read_TempAndHumidity
    main.o(.text) refers to wifi.o(.text) for Wifi_Config
    main.o(.text) refers to bsp_key.o(.text) for Key_Scan
    main.o(.text) refers to misc.o(.text) for NVIC_PriorityGroupConfig
    main.o(.text) refers to bsp_led.o(.text) for LED_GPIO_Config
    main.o(.text) refers to bsp_usart.o(.text) for USART_Config
    main.o(.text) refers to bsp_esp8266.o(.text) for ESP8266_Init
    main.o(.text) refers to los_init.o(.text) for LOS_KernelInit
    main.o(.text) refers to main.o(.data) for .data
    stm32f10x_it.o(.text) refers to stm32f10x_usart.o(.text) for USART_GetITStatus
    stm32f10x_it.o(.text) refers to strstr.o(.text) for strstr
    stm32f10x_it.o(.text) refers to bsp_esp8266.o(.bss) for strEsp8266_Fram_Record
    stm32f10x_it.o(.text) refers to wifi.o(.data) for ucTcpClosedFlag
    bsp_led.o(.text) refers to stm32f10x_rcc.o(.text) for RCC_APB2PeriphClockCmd
    bsp_led.o(.text) refers to stm32f10x_gpio.o(.text) for GPIO_Init
    bsp_key.o(.text) refers to stm32f10x_rcc.o(.text) for RCC_APB2PeriphClockCmd
    bsp_key.o(.text) refers to stm32f10x_gpio.o(.text) for GPIO_Init
    bsp_usart.o(.text) refers to misc.o(.text) for NVIC_PriorityGroupConfig
    bsp_usart.o(.text) refers to stm32f10x_rcc.o(.text) for RCC_APB2PeriphClockCmd
    bsp_usart.o(.text) refers to stm32f10x_gpio.o(.text) for GPIO_Init
    bsp_usart.o(.text) refers to stm32f10x_usart.o(.text) for USART_Init
    bsp_esp8266.o(.text) refers to misc.o(.text) for NVIC_PriorityGroupConfig
    bsp_esp8266.o(.text) refers to stm32f10x_rcc.o(.text) for RCC_APB1PeriphClockCmd
    bsp_esp8266.o(.text) refers to stm32f10x_gpio.o(.text) for GPIO_Init
    bsp_esp8266.o(.text) refers to stm32f10x_usart.o(.text) for USART_Init
    bsp_esp8266.o(.text) refers to los_task.o(.text) for LOS_TaskDelay
    bsp_esp8266.o(.text) refers to common.o(.text) for USART_printf
    bsp_esp8266.o(.text) refers to printfa.o(i.__0printf) for __2printf
    bsp_esp8266.o(.text) refers to strstr.o(.text) for strstr
    bsp_esp8266.o(.text) refers to printfa.o(i.__0sprintf) for __2sprintf
    bsp_esp8266.o(.text) refers to memseta.o(.text) for __aeabi_memclr4
    bsp_esp8266.o(.text) refers to bsp_esp8266.o(.bss) for .bss
    bsp_dht11.o(.text) refers to stm32f10x_rcc.o(.text) for RCC_APB2PeriphClockCmd
    bsp_dht11.o(.text) refers to stm32f10x_gpio.o(.text) for GPIO_Init
    bsp_dht11.o(.text) refers to delay.o(.text) for CPU_TS_Tmr_Delay_US
    common.o(.text) refers to stm32f10x_usart.o(.text) for USART_SendData
    wifi.o(.text) refers to strstr.o(.text) for strstr
    wifi.o(.text) refers to printfa.o(i.__0printf) for __2printf
    wifi.o(.text) refers to stm32f10x_gpio.o(.text) for GPIO_SetBits
    wifi.o(.text) refers to bsp_esp8266.o(.text) for ESP8266_AT_Test
    wifi.o(.text) refers to stm32f10x_usart.o(.text) for USART_SendData
[...]
    ..\..\MQTTPacket\transport.c             0x00000000   Number         0  transport.o ABSOLUTE
    ..\..\User\Common\Common.c               0x00000000   Number         0  common.o ABSOLUTE
    ..\..\User\ESP8266\bsp_esp8266.c         0x00000000   Number         0  bsp_esp8266.o ABSOLUTE
    ..\..\User\Key\bsp_key.c                 0x00000000   Number         0  bsp_key.o ABSOLUTE
    ..\..\User\Led\bsp_led.c                 0x00000000   Number         0  bsp_led.o ABSOLUTE
    ..\..\User\delay\delay.c                 0x00000000   Number         0  delay.o ABSOLUTE
    ..\..\User\dht11\bsp_dht11.c             0x00000000   Number         0  bsp_dht11.o ABSOLUTE
    ..\..\User\main.c                        0x00000000   Number         0  main.o ABSOLUTE
    ..\..\User\mqtt\mqtt.c                   0x00000000   Number         0  mqtt.o ABSOLUTE
    ..\..\User\stm32f10x_it.c                0x00000000   Number         0  stm32f10x_it.o ABSOLUTE
    ..\..\User\usart\bsp_usart.c             0x00000000   Number         0  bsp_usart.o ABSOLUTE
    ..\..\User\wifi\wifi.c                   0x00000000   Number         0  wifi.o ABSOLUTE
    ..\\..\\Libraries\\CMSIS\\core_cm3.c     0x00000000   Number         0  core_cm3.o ABSOLUTE
    ..\\..\\Libraries\\CMSIS\\system_stm32f10x.c 0x00000000   Number         0  system_stm32f10x.o ABSOLUTE
    ..\\..\\Libraries\\FWlib\\src\\misc.c    0x00000000   Number         0  misc.o ABSOLUTE
    ..\\..\\Libraries\\FWlib\\src\\stm32f10x_adc.c 0x00000000   Number         0  stm32f10x_adc.o ABSOLUTE
    ..\\..\\Libraries\\FWlib\\src\\stm32f10x_bkp.c 0x00000000   Number         0  stm32f10x_bkp.o ABSOLUTE
    ..\\..\\Libraries\\FWlib\\src\\stm32f10x_can.c 0x00000000   Number         0  stm32f10x_can.o ABSOLUTE
    ..\\..\\Libraries\\FWlib\\src\\stm32f10x_cec.c 0x00000000   Number         0  stm32f10x_cec.o ABSOLUTE
    ..\\..\\Libraries\\FWlib\\src\\stm32f10x_crc.c 0x00000000   Number         0  stm32f10x_crc.o ABSOLUTE
    ..\\..\\Libraries\\FWlib\\src\\stm32f10x_dac.c 0x00000000   Number         0  stm32f10x_dac.o ABSOLUTE
    ..\\..\\Libraries\\FWlib\\src\\stm32f10x_dbgmcu.c 0x00000000   Number         0  stm32f10x_dbgmcu.o ABSOLUTE
    ..\\..\\Libraries\\FWlib\\src\\stm32f10x_dma.c 0x00000000   Number         0  stm32f10x_dma.o ABSOLUTE
    ..\\..\\Libraries\\FWlib\\src\\stm32f10x_exti.c 0x00000000   Number         0  stm32f10x_exti.o ABSOLUTE
    ..\\..\\Libraries\\FWlib\\src\\stm32f10x_flash.c 0x00000000   Number         0  stm32f10x_flash.o ABSOLUTE
    ..\\..\\Libraries\\FWlib\\src\\stm32f10x_fsmc.c 0x00000000   Number         0  stm32f10x_fsmc.o ABSOLUTE
    ..\\..\\Libraries\\FWlib\\src\\stm32f10x_gpio.c 0x00000000   Number         0  stm32f10x_gpio.o ABSOLUTE
    ..\\..\\Libraries\\FWlib\\src\\stm32f10x_i2c.c 0x00000000   Number         0  stm32f10x_i2c.o ABSOLUTE
    ..\\..\\Libraries\\FWlib\\src\\stm32f10x_iwdg.c 0x00000000   Number         0  stm32f10x_iwdg.o ABSOLUTE
    ..\\..\\Libraries\\FWlib\\src\\stm32f10x_pwr.c 0x00000000   Number         0  stm32f10x_pwr.o ABSOLUTE
    ..\\..\\Libraries\\FWlib\\src\\stm32f10x_rcc.c 0x00000000   Number         0  stm32f10x_rcc.o ABSOLUTE
    ..\\..\\Libraries\\FWlib\\src\\stm32f10x_rtc.c 0x00000000   Number         0  stm32f10x_rtc.o ABSOLUTE
    ..\\..\\Libraries\\FWlib\\src\\stm32f10x_sdio.c 0x00000000   Number         0  stm32f10x_sdio.o ABSOLUTE
    ..\\..\\Libraries\\FWlib\\src\\stm32f10x_spi.c 0x00000000   Number         0  stm32f10x_spi.o ABSOLUTE
    ..\\..\\Libraries\\FWlib\\src\\stm32f10x_tim.c 0x00000000   Number         0  stm32f10x_tim.o ABSOLUTE
    ..\\..\\Libraries\\FWlib\\src\\stm32f10x_usart.c 0x00000000   Number         0  stm32f10x_usart.o ABSOLUTE
    ..\\..\\Libraries\\FWlib\\src\\stm32f10x_wwdg.c 0x00000000   Number         0  stm32f10x_wwdg.o ABSOLUTE
    ..\\..\\LiteOS\\arch\\arm\\arm-m\\src\\los_hw.c 0x00000000   Number         0  los_hw.o ABSOLUTE
    ..\\..\\LiteOS\\arch\\arm\\arm-m\\src\\los_hw_tick.c 0x00000000   Number         0  los_hw_tick.o ABSOLUTE
    ..\\..\\LiteOS\\arch\\arm\\arm-m\\src\\los_hwi.c 0x00000000   Number         0  los_hwi.o ABSOLUTE
    ..\\..\\LiteOS\\cmsis\\cmsis_liteos.c    0x00000000   Number         0  cmsis_liteos.o ABSOLUTE
    ..\\..\\LiteOS\\kernel\\base\\core\\los_priqueue.c 0x00000000   Number         0  los_priqueue.o ABSOLUTE
    ..\\..\\LiteOS\\kernel\\base\\core\\los_swtmr.c 0x00000000   Number         0  los_swtmr.o ABSOLUTE
    ..\\..\\LiteOS\\kernel\\base\\core\\los_sys.c 0x00000000   Number         0  los_sys.o ABSOLUTE
    ..\\..\\LiteOS\\kernel\\base\\core\\los_task.c 0x00000000   Number         0  los_task.o ABSOLUTE
    ..\\..\\LiteOS\\kernel\\base\\core\\los_tick.c 0x00000000   Number         0  los_tick.o ABSOLUTE
    ..\\..\\LiteOS\\kernel\\base\\core\\los_timeslice.c 0x00000000   Number         0  los_timeslice.o ABSOLUTE
    ..\\..\\LiteOS\\kernel\\base\\ipc\\los_event.c 0x00000000   Number         0  los_event.o ABSOLUTE
    ..\\..\\LiteOS\\kernel\\base\\ipc\\los_mux.c 0x00000000   Number         0  los_mux.o ABSOLUTE
    ..\\..\\LiteOS\\kernel\\base\\ipc\\los_queue.c 0x00000000   Number         0  los_queue.o ABSOLUTE
    ..\\..\\LiteOS\\kernel\\base\\ipc\\los_sem.c 0x00000000   Number         0  los_sem.o ABSOLUTE
    ..\\..\\LiteOS\\kernel\\base\\mem\\bestfit_little\\los_heap.c 0x00000000   Number         0  los_heap.o ABSOLUTE
    ..\\..\\LiteOS\\kernel\\base\\mem\\bestfit_little\\los_membox.c 0x00000000   Number         0  los_membox.o ABSOLUTE
    ..\\..\\LiteOS\\kernel\\base\\mem\\bestfit_little\\los_memcheck.c 0x00000000   Number         0  los_memcheck.o ABSOLUTE
    ..\\..\\LiteOS\\kernel\\base\\mem\\bestfit_little\\los_memory.c 0x00000000   Number         0  los_memory.o ABSOLUTE
    ..\\..\\LiteOS\\kernel\\base\\mem\\common\\los_memstat.c 0x00000000   Number         0  los_memstat.o ABSOLUTE
    ..\\..\\LiteOS\\kernel\\base\\mem\\common\\los_slab.c 0x00000000   Number         0  los_slab.o ABSOLUTE
    ..\\..\\LiteOS\\kernel\\base\\mem\\common\\los_slabmem.c 0x00000000   Number         0  los_slabmem.o ABSOLUTE
    ..\\..\\LiteOS\\kernel\\base\\misc\\los_misc.c 0x00000000   Number         0  los_misc.o ABSOLUTE
    ..\\..\\LiteOS\\kernel\\base\\om\\los_err.c 0x00000000   Number         0  los_err.o ABSOLUTE
    ..\\..\\LiteOS\\kernel\\los_init.c       0x00000000   Number         0  los_init.o ABSOLUTE
    ..\\..\\MQTTPacket\\mqtt_transport.c     0x00000000   Number         0  mqtt_transport.o ABSOLUTE
    ..\\..\\User\\Common\\Common.c           0x00000000   Number         0  common.o ABSOLUTE
    ..\\..\\User\\ESP8266\\bsp_esp8266.c     0x00000000   Number         0  bsp_esp8266.o ABSOLUTE
    ..\\..\\User\\Key\\bsp_key.c             0x00000000   Number         0  bsp_key.o ABSOLUTE
    ..\\..\\User\\Led\\bsp_led.c             0x00000000   Number         0  bsp_led.o ABSOLUTE
    ..\\..\\User\\delay\\delay.c             0x00000000   Number         0  delay.o ABSOLUTE
    ..\\..\\User\\dht11\\bsp_dht11.c         0x00000000   Number         0  bsp_dht11.o ABSOLUTE
    ..\\..\\User\\main.c                     0x00000000   Number         0  main.o ABSOLUTE
    ..\\..\\User\\mqtt\\mqtt.c               0x00000000   Number         0  mqtt.o ABSOLUTE
    ..\\..\\User\\stm32f10x_it.c             0x00000000   Number         0  stm32f10x_it.o ABSOLUTE
    ..\\..\\User\\usart\\bsp_usart.c         0x00000000   Number         0  bsp_usart.o ABSOLUTE
    ..\\..\\User\\wifi\\wifi.c               0x00000000   Number         0  wifi.o ABSOLUTE
    cdrcmple.s                               0x00000000   Number         0  cdrcmple.o ABSOLUTE
    dc.s                                     0x00000000   Number         0  dc.o ABSOLUTE
    handlers.s                               0x00000000   Number         0  handlers.o ABSOLUTE
    init.s                                   0x00000000   Number         0  init.o ABSOLUTE
    RESET                                    0x08000000   Section      304  startup_stm32f10x_hd.o(RESET)
    .ARM.Collect$$$$00000000                 0x08000130   Section        0  entry.o(.ARM.Collect$$$$00000000)
    .ARM.Collect$$$$00000001                 0x08000130   Section        4  entry2.o(.ARM.Collect$$$$00000001)
    .ARM.Collect$$$$00000004                 0x08000134   Section        4  entry5.o(.ARM.Collect$$$$00000004)
    .ARM.Collect$$$$00000008                 0x08000138   Section        0  entry7b.o(.ARM.Collect$$$$00000008)
    .ARM.Collect$$$$0000000A                 0x08000138   Section        0  entry8b.o(.ARM.Collect$$$$0000000A)
    .ARM.Collect$$$$0000000B                 0x08000138   Section        8  entry9a.o(.ARM.Collect$$$$0000000B)
    .ARM.Collect$$$$0000000D                 0x08000140   Section        0  entry10a.o(.ARM.Collect$$$$0000000D)
    .ARM.Collect$$$$0000000F                 0x08000140   Section        0  entry11a.o(.ARM.Collect$$$$0000000F)
    .ARM.Collect$$$$00002712                 0x08000140   Section        4  entry2.o(.ARM.Collect$$$$00002712)
    __lit__00000000                          0x08000140   Data           4  entry2.o(.ARM.Collect$$$$00002712)
    .text                                    0x08000144   Section       36  startup_stm32f10x_hd.o(.text)
    .text                                    0x08000168   Section        0  system_stm32f10x.o(.text)
    SetSysClockTo72                          0x08000169   Thumb Code   166  system_stm32f10x.o(.text)
    SetSysClock                              0x0800020f   Thumb Code     2  system_stm32f10x.o(.text)
    .text                                    0x080002dc   Section        0  misc.o(.text)
    .text                                    0x08000394   Section        0  stm32f10x_gpio.o(.text)
    .text                                    0x0800062c   Section        0  stm32f10x_rcc.o(.text)
    .text                                    0x08000920   Section        0  stm32f10x_usart.o(.text)
    .text                                    0x08000cbc   Section        0  main.o(.text)
    Read_Publish_Task                        0x08000cbd   Thumb Code    84  main.o(.text)
    Creat_Read_Publish_Task                  0x08000d11   Thumb Code    36  main.o(.text)
    Mqtt_SendHeatbeat_Task                   0x08000d35   Thumb Code    22  main.o(.text)
    Creat_Mqtt_SendHeatbeat_Task             0x08000d4b   Thumb Code    36  main.o(.text)
    Connect_Init_Task                        0x08000d6f   Thumb Code    82  main.o(.text)
    Creat_Connect_Init_Task                  0x08000dc1   Thumb Code    36  main.o(.text)
    Key_Task                                 0x08000de5   Thumb Code    84  main.o(.text)
    Creat_Key_Task                           0x08000e39   Thumb Code    36  main.o(.text)
    AppTaskCreate                            0x08000e5d   Thumb Code    46  main.o(.text)
    BSP_Init                                 0x08000e8b   Thumb Code    34  main.o(.text)
    .text                                    0x08001100   Section        0  stm32f10x_it.o(.text)
    .text                                    0x08001190   Section        0  bsp_led.o(.text)
    .text                                    0x080011f0   Section        0  bsp_key.o(.text)
    .text                                    0x08001250   Section        0  bsp_usart.o(.text)
    NVIC_Configuration                       0x08001251   Thumb Code    38  bsp_usart.o(.text)
    .text                                    0x080013e0   Section        0  bsp_esp8266.o(.text)
    ESP8266_USART_NVIC_Configuration         0x080013e1   Thumb Code    40  bsp_esp8266.o(.text)
    ESP8266_USART_Config                     0x08001409   Thumb Code   150  bsp_esp8266.o(.text)
    ESP8266_GPIO_Config                      0x0800149f   Thumb Code    64  bsp_esp8266.o(.text)
    .text                                    0x08001b44   Section        0  bsp_dht11.o(.text)
    DHT11_GPIO_Config                        0x08001b45   Thumb Code    38  bsp_dht11.o(.text)
    DHT11_Mode_IPU                           0x08001b7d   Thumb Code    24  bsp_dht11.o(.text)
    DHT11_Mode_Out_PP                        0x08001b95   Thumb Code    30  bsp_dht11.o(.text)
    DHT11_ReadByte                           0x08001bb3   Thumb Code    92  bsp_dht11.o(.text)
    .text                                    0x08001cac   Section        0  common.o(.text)
    itoa                                     0x08001cad   Thumb Code    92  common.o(.text)
    .text                                    0x08001dec   Section        0  wifi.o(.text)
    .text                                    0x0800213c   Section        0  mqtt.o(.text)
    .text                                    0x0800233c   Section        0  delay.o(.text)
    .text                                    0x080023ac   Section        0  los_priqueue.o(.text)
    .text                                    0x08002468   Section        0  los_swtmr.o(.text)
    osSwTmrTimeoutHandle                     0x0800270f   Thumb Code   102  los_swtmr.o(.text)
    osSwtmrDelete                            0x08002b2f   Thumb Code    26  los_swtmr.o(.text)
    .text                                    0x08002b54   Section        0  los_sys.o(.text)
    .text                                    0x08002c3c   Section        0  los_task.o(.text)
    LOS_ListAdd                              0x08003b87   Thumb Code    14  los_task.o(.text)
    LOS_ListTailInsert                       0x08003b95   Thumb Code     4  los_task.o(.text)
    LOS_ListDelete                           0x08003b99   Thumb Code    20  los_task.o(.text)
    LOS_ListEmpty                            0x08003bad   Thumb Code    14  los_task.o(.text)
    .text                                    0x08003bc8   Section        0  los_tick.o(.text)
    .text                                    0x08003bf0   Section        0  los_queue.o(.text)
    osQueueReadParameterCheck                0x08003cfb   Thumb Code    50  los_queue.o(.text)
    osQueueWriteParameterCheck               0x08003d2d   Thumb Code    48  los_queue.o(.text)
    osQueueBufferOperate                     0x08003d5d   Thumb Code   158  los_queue.o(.text)
    LOS_ListAdd                              0x080042c7   Thumb Code    14  los_queue.o(.text)
    LOS_ListEmpty                            0x080042d5   Thumb Code    14  los_queue.o(.text)
    .text                                    0x080042f4   Section        0  los_sem.o(.text)
    LOS_ListAdd                              0x080045d1   Thumb Code    14  los_sem.o(.text)
    LOS_ListEmpty                            0x080045df   Thumb Code    14  los_sem.o(.text)
    .text                                    0x08004668   Section        0  los_heap.o(.text)
    .text                                    0x08004968   Section        0  los_misc.o(.text)
    .text                                    0x080049a4   Section        0  los_err.o(.text)
    .text                                    0x080049d0   Section        0  los_init.o(.text)
    osRegister                               0x080049e3   Thumb Code     8  los_init.o(.text)
    .text                                    0x08004b14   Section        0  los_membox.o(.text)
    .text                                    0x08004bf8   Section        0  los_memory.o(.text)
    .text                                    0x08004e70   Section      208  los_dispatch_keil.o(.text)
    .text                                    0x08004f40   Section        0  los_hw.o(.text)
    .text                                    0x08005014   Section        0  los_hw_tick.o(.text)
    .text                                    0x08005148   Section        0  los_hwi.o(.text)
    .text                                    0x08005158   Section        0  mqttconnectclient.o(.text)
    .text                                    0x080053a8   Section        0  mqttpacket.o(.text)
    MQTTPacket_decodenb                      0x080055e9   Thumb Code    86  mqttpacket.o(.text)
    .text                                    0x080056ec   Section        0  mqttserializepublish.o(.text)
    .text                                    0x08005810   Section        0  mqttsubscribeclient.o(.text)
    .text                                    0x08005954   Section        0  mqtt_transport.o(.text)
    .text                                    0x080059a4   Section        0  uldiv.o(.text)
    .text                                    0x08005a06   Section        0  memcpya.o(.text)
    .text                                    0x08005a2a   Section        0  memseta.o(.text)
    .text                                    0x08005a4e   Section        0  strstr.o(.text)
    .text                                    0x08005a72   Section        0  strncpy.o(.text)
    .text                                    0x08005a8a   Section        0  strlen.o(.text)
    .text                                    0x08005a98   Section        0  strncmp.o(.text)
    .text                                    0x08005ab6   Section        0  ddiv.o(.text)
    .text                                    0x08005b94   Section        0  dfltui.o(.text)
    .text                                    0x08005bae   Section        0  dfltul.o(.text)
    .text                                    0x08005bc6   Section        0  dfixul.o(.text)
    .text                                    0x08005bf6   Section        0  uidiv.o(.text)
    .text                                    0x08005c22   Section        0  llshl.o(.text)
    .text                                    0x08005c40   Section        0  llushr.o(.text)
    .text                                    0x08005c60   Section        0  iusefp.o(.text)
    .text                                    0x08005c60   Section        0  depilogue.o(.text)
    .text                                    0x08005d1a   Section        0  dadd.o(.text)
    .text                                    0x08005e68   Section        0  dmul.o(.text)
    .text                                    0x08005f4c   Section       48  cdrcmple.o(.text)
    .text                                    0x08005f7c   Section       36  init.o(.text)
    .text                                    0x08005fa0   Section        0  llsshr.o(.text)
    i.__0printf                              0x08005fc4   Section        0  printfa.o(i.__0printf)
    i.__0sprintf                             0x08005fe4   Section        0  printfa.o(i.__0sprintf)
    i.__scatterload_copy                     0x0800600c   Section       14  handlers.o(i.__scatterload_copy)
    i.__scatterload_null                     0x0800601a   Section        2  handlers.o(i.__scatterload_null)
    i.__scatterload_zeroinit                 0x0800601c   Section       14  handlers.o(i.__scatterload_zeroinit)
    i._fp_digits                             0x0800602c   Section        0  printfa.o(i._fp_digits)
    _fp_digits                               0x0800602d   Thumb Code   366  printfa.o(i._fp_digits)
    i._printf_core                           0x080061b0   Section        0  printfa.o(i._printf_core)
    _printf_core                             0x080061b1   Thumb Code  1744  printfa.o(i._printf_core)
    i._printf_post_padding                   0x0800688c   Section        0  printfa.o(i._printf_post_padding)
    _printf_post_padding                     0x0800688d   Thumb Code    36  printfa.o(i._printf_post_padding)
    i._printf_pre_padding                    0x080068b0   Section        0  printfa.o(i._printf_pre_padding)
    _printf_pre_padding                      0x080068b1   Thumb Code    46  printfa.o(i._printf_pre_padding)
    i._sputc                                 0x080068de   Section        0  printfa.o(i._sputc)
    _sputc                                   0x080068df   Thumb Code    10  printfa.o(i._sputc)
    .constdata                               0x080068e8   Section       88  mqtt.o(.constdata)
    .conststring                             0x08006940   Section       91  wifi.o(.conststring)
    .conststring                             0x0800699c   Section      184  mqtt.o(.conststring)
    .conststring                             0x08006a54   Section      336  los_task.o(.conststring)
    .data                                    0x20000000   Section       20  system_stm32f10x.o(.data)
    .data                                    0x20000014   Section       20  stm32f10x_rcc.o(.data)
    ADCPrescTable                            0x20000014   Data           4  stm32f10x_rcc.o(.data)
    APBAHBPrescTable                         0x20000018   Data          16  stm32f10x_rcc.o(.data)
    .data                                    0x20000028   Section       16  main.o(.data)
    .data                                    0x20000038   Section       36  wifi.o(.data)
    .data                                    0x2000005c   Section        4  mqtt.o(.data)
    .data                                    0x20000060   Section        4  los_priqueue.o(.data)
    .data                                    0x20000064   Section       28  los_swtmr.o(.data)
    m_uwSwtimerRousesTime                    0x20000064   Data           4  los_swtmr.o(.data)
    m_pstRouses                              0x20000068   Data           4  los_swtmr.o(.data)
    m_pstRousesPrev                          0x2000006c   Data           4  los_swtmr.o(.data)
    .data                                    0x20000080   Section       72  los_task.o(.data)
    .data                                    0x200000c8   Section       16  los_tick.o(.data)
    .data                                    0x200000d8   Section        4  los_tick.o(.data)
    .data                                    0x200000dc   Section       12  los_queue.o(.data)
    .data                                    0x200000e8   Section       12  los_sem.o(.data)
    .data                                    0x200000f4   Section       16  los_heap.o(.data)
    g_uwAllocCount                           0x200000f4   Data           4  los_heap.o(.data)
    g_uwFreeCount                            0x200000f8   Data           4  los_heap.o(.data)
    g_uwCurHeapUsed                          0x200000fc   Data           4  los_heap.o(.data)
    g_uwMaxHeapUsed                          0x20000100   Data           4  los_heap.o(.data)
    .data                                    0x20000104   Section        4  los_err.o(.data)
    .data                                    0x20000108   Section        4  los_init.o(.data)
    .data                                    0x2000010c   Section        4  los_memory.o(.data)
    .data                                    0x20000110   Section        4  mqttpacket.o(.data)
    bufptr                                   0x20000110   Data           4  mqttpacket.o(.data)
    .data                                    0x20000114   Section        4  stdout.o(.data)
    .bss                                     0x20000118   Section     1026  bsp_esp8266.o(.bss)
    .bss                                     0x2000051a   Section     1026  bsp_esp8266.o(.bss)
    .bss                                     0x2000091c   Section      600  mqtt.o(.bss)
    .bss                                     0x20000b74   Section       64  los_swtmr.o(.bss)
    .bss                                     0x20000bb4   Section      342  los_task.o(.bss)
    STACK                                    0x20000d10   Section     1024  startup_stm32f10x_hd.o(STACK)

    Global Symbols

    Symbol Name                              Value     Ov Type        Size  Object(Section)

    BuildAttributes$$THM_ISAv4$P$D$K$B$S$PE$A:L22UL41UL21$X:L11$S22US41US21$IEEE1$IW$USESV6$~STKCKD$USESV7$~SHL$OSPACE$ROPI$EBA8$MICROLIB$REQ8$PRES8$EABIv2 0x00000000   Number         0  anon$$obj.o ABSOLUTE
    __ARM_use_no_argv                        0x00000000   Number         0  main.o ABSOLUTE
    _printf_a                                0x00000000   Number         0  stubs.o ABSOLUTE
    _printf_c                                0x00000000   Number         0  stubs.o ABSOLUTE
    _printf_charcount                        0x00000000   Number         0  stubs.o ABSOLUTE
    _printf_d                                0x00000000   Number         0  stubs.o ABSOLUTE
    _printf_e                                0x00000000   Number         0  stubs.o ABSOLUTE
    _printf_f                                0x00000000   Number         0  stubs.o ABSOLUTE
    _printf_flags                            0x00000000   Number         0  stubs.o ABSOLUTE
    _printf_fp_dec                           0x00000000   Number         0  stubs.o ABSOLUTE
    _printf_fp_hex                           0x00000000   Number         0  stubs.o ABSOLUTE
    _printf_g                                0x00000000   Number         0  stubs.o ABSOLUTE
    _printf_i                                0x00000000   Number         0  stubs.o ABSOLUTE
    _printf_int_dec                          0x00000000   Number         0  stubs.o ABSOLUTE
    _printf_l                                0x00000000   Number         0  stubs.o ABSOLUTE
    _printf_lc                               0x00000000   Number         0  stubs.o ABSOLUTE
    _printf_ll                               0x00000000   Number         0  stubs.o ABSOLUTE
    _printf_lld                              0x00000000   Number         0  stubs.o ABSOLUTE
    _printf_lli                              0x00000000   Number         0  stubs.o ABSOLUTE
    _printf_llo                              0x00000000   Number         0  stubs.o ABSOLUTE
    _printf_llu                              0x00000000   Number         0  stubs.o ABSOLUTE
    _printf_llx                              0x00000000   Number         0  stubs.o ABSOLUTE
    _printf_longlong_dec                     0x00000000   Number         0  stubs.o ABSOLUTE
    _printf_longlong_hex                     0x00000000   Number         0  stubs.o ABSOLUTE
    _printf_longlong_oct                     0x00000000   Number         0  stubs.o ABSOLUTE
    _printf_ls                               0x00000000   Number         0  stubs.o ABSOLUTE
    _printf_mbtowc                           0x00000000   Number         0  stubs.o ABSOLUTE
    _printf_n                                0x00000000   Number         0  stubs.o ABSOLUTE
    _printf_o                                0x00000000   Number         0  stubs.o ABSOLUTE
    _printf_p                                0x00000000   Number         0  stubs.o ABSOLUTE
    _printf_percent                          0x00000000   Number         0  stubs.o ABSOLUTE
    _printf_pre_padding                      0x00000000   Number         0  stubs.o ABSOLUTE
    _printf_return_value                     0x00000000   Number         0  stubs.o ABSOLUTE
    _printf_s                                0x00000000   Number         0  stubs.o ABSOLUTE
    _printf_sizespec                         0x00000000   Number         0  stubs.o ABSOLUTE
    _printf_str                              0x00000000   Number         0  stubs.o ABSOLUTE
    _printf_truncate_signed                  0x00000000   Number         0  stubs.o ABSOLUTE
    _printf_truncate_unsigned                0x00000000   Number         0  stubs.o ABSOLUTE
    _printf_u                                0x00000000   Number         0  stubs.o ABSOLUTE
    _printf_wc                               0x00000000   Number         0  stubs.o ABSOLUTE
    _printf_wctomb                           0x00000000   Number         0  stubs.o ABSOLUTE
    _printf_widthprec                        0x00000000   Number         0  stubs.o ABSOLUTE
    _printf_x                                0x00000000   Number         0  stubs.o ABSOLUTE
    __cpp_initialize__aeabi_                  - Undefined Weak Reference
    __cxa_finalize                            - Undefined Weak Reference
    __decompress                              - Undefined Weak Reference
    _clock_init                               - Undefined Weak Reference
    _microlib_exit                            - Undefined Weak Reference
    __Vectors_Size                           0x00000130   Number         0  startup_stm32f10x_hd.o ABSOLUTE
    __Vectors                                0x08000000   Data           4  startup_stm32f10x_hd.o(RESET)
    __Vectors_End                            0x08000130   Data           0  startup_stm32f10x_hd.o(RESET)
    __main                                   0x08000131   Thumb Code     0  entry.o(.ARM.Collect$$$$00000000)
    _main_stk                                0x08000131   Thumb Code     0  entry2.o(.ARM.Collect$$$$00000001)
    _main_scatterload                        0x08000135   Thumb Code     0  entry5.o(.ARM.Collect$$$$00000004)
    __main_after_scatterload                 0x08000139   Thumb Code     0  entry5.o(.ARM.Collect$$$$00000004)
    _main_clock                              0x08000139   Thumb Code     0  entry7b.o(.ARM.Collect$$$$00000008)
    _main_cpp_init                           0x08000139   Thumb Code     0  entry8b.o(.ARM.Collect$$$$0000000A)
    _main_init                               0x08000139   Thumb Code     0  entry9a.o(.ARM.Collect$$$$0000000B)
    __rt_final_cpp                           0x08000141   Thumb Code     0  entry10a.o(.ARM.Collect$$$$0000000D)
    __rt_final_exit                          0x08000141   Thumb Code     0  entry11a.o(.ARM.Collect$$$$0000000F)
    Reset_Handler                            0x08000145   Thumb Code     8  startup_stm32f10x_hd.o(.text)
    NMI_Handler                              0x0800014d   Thumb Code     2  startup_stm32f10x_hd.o(.text)
    HardFault_Handler                        0x0800014f   Thumb Code     2  startup_stm32f10x_hd.o(.text)
    MemManage_Handler                        0x08000151   Thumb Code     2  startup_stm32f10x_hd.o(.text)
    BusFault_Handler                         0x08000153   Thumb Code     2  startup_stm32f10x_hd.o(.text)
    UsageFault_Handler                       0x08000155   Thumb Code     2  startup_stm32f10x_hd.o(.text)
    SVC_Handler                              0x08000157   Thumb Code     2  startup_stm32f10x_hd.o(.text)
    DebugMon_Handler                         0x08000159   Thumb Code     2  startup_stm32f10x_hd.o(.text)
    ADC1_2_IRQHandler                        0x0800015f   Thumb Code     0  startup_stm32f10x_hd.o(.text)
    ADC3_IRQHandler                          0x0800015f   Thumb Code     0  startup_stm32f10x_hd.o(.text)
    CAN1_RX1_IRQHandler                      0x0800015f   Thumb Code     0  startup_stm32f10x_hd.o(.text)
    CAN1_SCE_IRQHandler                      0x0800015f   Thumb Code     0  startup_stm32f10x_hd.o(.text)
    DMA1_Channel1_IRQHandler                 0x0800015f   Thumb Code     0  startup_stm32f10x_hd.o(.text)
    DMA1_Channel2_IRQHandler                 0x0800015f   Thumb Code     0  startup_stm32f10x_hd.o(.text)
    DMA1_Channel3_IRQHandler                 0x0800015f   Thumb Code     0  startup_stm32f10x_hd.o(.text)
    DMA1_Channel4_IRQHandler                 0x0800015f   Thumb Code     0  startup_stm32f10x_hd.o(.text)
    DMA1_Channel5_IRQHandler                 0x0800015f   Thumb Code     0  startup_stm32f10x_hd.o(.text)
    DMA1_Channel6_IRQHandler                 0x0800015f   Thumb Code     0  startup_stm32f10x_hd.o(.text)
    DMA1_Channel7_IRQHandler                 0x0800015f   Thumb Code     0  startup_stm32f10x_hd.o(.text)
    DMA2_Channel1_IRQHandler                 0x0800015f   Thumb Code     0  startup_stm32f10x_hd.o(.text)
    DMA2_Channel2_IRQHandler                 0x0800015f   Thumb Code     0  startup_stm32f10x_hd.o(.text)
    DMA2_Channel3_IRQHandler                 0x0800015f   Thumb Code     0  startup_stm32f10x_hd.o(.text)
    DMA2_Channel4_5_IRQHandler               0x0800015f   Thumb Code     0  startup_stm32f10x_hd.o(.text)
    EXTI0_IRQHandler                         0x0800015f   Thumb Code     0  startup_stm32f10x_hd.o(.text)
    EXTI15_10_IRQHandler                     0x0800015f   Thumb Code     0  startup_stm32f10x_hd.o(.text)
    EXTI1_IRQHandler                         0x0800015f   Thumb Code     0  startup_stm32f10x_hd.o(.text)
    EXTI2_IRQHandler                         0x0800015f   Thumb Code     0  startup_stm32f10x_hd.o(.text)
    EXTI3_IRQHandler                         0x0800015f   Thumb Code     0  startup_stm32f10x_hd.o(.text)
    EXTI4_IRQHandler                         0x0800015f   Thumb Code     0  startup_stm32f10x_hd.o(.text)
    EXTI9_5_IRQHandler                       0x0800015f   Thumb Code     0  startup_stm32f10x_hd.o(.text)
    FLASH_IRQHandler                         0x0800015f   Thumb Code     0  startup_stm32f10x_hd.o(.text)
    FSMC_IRQHandler                          0x0800015f   Thumb Code     0  startup_stm32f10x_hd.o(.text)
    I2C1_ER_IRQHandler                       0x0800015f   Thumb Code     0  startup_stm32f10x_hd.o(.text)
    I2C1_EV_IRQHandler                       0x0800015f   Thumb Code     0  startup_stm32f10x_hd.o(.text)
    I2C2_ER_IRQHandler                       0x0800015f   Thumb Code     0  startup_stm32f10x_hd.o(.text)
    I2C2_EV_IRQHandler                       0x0800015f   Thumb Code     0  startup_stm32f10x_hd.o(.text)
    PVD_IRQHandler                           0x0800015f   Thumb Code     0  startup_stm32f10x_hd.o(.text)
    RCC_IRQHandler                           0x0800015f   Thumb Code     0  startup_stm32f10x_hd.o(.text)
    RTCAlarm_IRQHandler                      0x0800015f   Thumb Code     0  startup_stm32f10x_hd.o(.text)
    RTC_IRQHandler                           0x0800015f   Thumb Code     0  startup_stm32f10x_hd.o(.text)
    SDIO_IRQHandler                          0x0800015f   Thumb Code     0  startup_stm32f10x_hd.o(.text)
    SPI1_IRQHandler                          0x0800015f   Thumb Code     0  startup_stm32f10x_hd.o(.text)
    SPI2_IRQHandler                          0x0800015f   Thumb Code     0  startup_stm32f10x_hd.o(.text)
    SPI3_IRQHandler                          0x0800015f   Thumb Code     0  startup_stm32f10x_hd.o(.text)
    TAMPER_IRQHandler                        0x0800015f   Thumb Code     0  startup_stm32f10x_hd.o(.text)
    TIM1_BRK_IRQHandler                      0x0800015f   Thumb Code     0  startup_stm32f10x_hd.o(.text)
    TIM1_CC_IRQHandler                       0x0800015f   Thumb Code     0  startup_stm32f10x_hd.o(.text)
    TIM1_TRG_COM_IRQHandler                  0x0800015f   Thumb Code     0  startup_stm32f10x_hd.o(.text)
    TIM1_UP_IRQHandler                       0x0800015f   Thumb Code     0  startup_stm32f10x_hd.o(.text)
    TIM2_IRQHandler                          0x0800015f   Thumb Code     0  startup_stm32f10x_hd.o(.text)
    TIM3_IRQHandler                          0x0800015f   Thumb Code     0  startup_stm32f10x_hd.o(.text)
    TIM4_IRQHandler                          0x0800015f   Thumb Code     0  startup_stm32f10x_hd.o(.text)
    TIM5_IRQHandler                          0x0800015f   Thumb Code     0  startup_stm32f10x_hd.o(.text)
    TIM6_IRQHandler                          0x0800015f   Thumb Code     0  startup_stm32f10x_hd.o(.text)
    TIM7_IRQHandler                          0x0800015f   Thumb Code     0  startup_stm32f10x_hd.o(.text)
    TIM8_BRK_IRQHandler                      0x0800015f   Thumb Code     0  startup_stm32f10x_hd.o(.text)
    TIM8_CC_IRQHandler                       0x0800015f   Thumb Code     0  startup_stm32f10x_hd.o(.text)
    TIM8_TRG_COM_IRQHandler                  0x0800015f   Thumb Code     0  startup_stm32f10x_hd.o(.text)
    TIM8_UP_IRQHandler                       0x0800015f   Thumb Code     0  startup_stm32f10x_hd.o(.text)
    UART4_IRQHandler                         0x0800015f   Thumb Code     0  startup_stm32f10x_hd.o(.text)
    UART5_IRQHandler                         0x0800015f   Thumb Code     0  startup_stm32f10x_hd.o(.text)
    USART1_IRQHandler                        0x0800015f   Thumb Code     0  startup_stm32f10x_hd.o(.text)
    USART2_IRQHandler                        0x0800015f   Thumb Code     0  startup_stm32f10x_hd.o(.text)
    USBWakeUp_IRQHandler                     0x0800015f   Thumb Code     0  startup_stm32f10x_hd.o(.text)
    USB_HP_CAN1_TX_IRQHandler                0x0800015f   Thumb Code     0  startup_stm32f10x_hd.o(.text)
    USB_LP_CAN1_RX0_IRQHandler               0x0800015f   Thumb Code     0  startup_stm32f10x_hd.o(.text)
    WWDG_IRQHandler                          0x0800015f   Thumb Code     0  startup_stm32f10x_hd.o(.text)
    SystemInit                               0x08000211   Thumb Code    64  system_stm32f10x.o(.text)
    SystemCoreClockUpdate                    0x08000251   Thumb Code   106  system_stm32f10x.o(.text)
    NVIC_PriorityGroupConfig                 0x080002dd   Thumb Code    10  misc.o(.text)
    NVIC_Init                                0x080002e7   Thumb Code    96  misc.o(.text)
    NVIC_SetVectorTable                      0x08000347   Thumb Code    14  misc.o(.text)
    NVIC_SystemLPConfig                      0x08000355   Thumb Code    24  misc.o(.text)
    SysTick_CLKSourceConfig                  0x0800036d   Thumb Code    28  misc.o(.text)
    GPIO_DeInit                              0x08000395   Thumb Code   188  stm32f10x_gpio.o(.text)
    GPIO_AFIODeInit                          0x08000451   Thumb Code    22  stm32f10x_gpio.o(.text)
    GPIO_Init                                0x08000467   Thumb Code   166  stm32f10x_gpio.o(.text)
    GPIO_StructInit                          0x0800050d   Thumb Code    16  stm32f10x_gpio.o(.text)
    GPIO_ReadInputDataBit                    0x0800051d   Thumb Code    14  stm32f10x_gpio.o(.text)
    GPIO_ReadInputData                       0x0800052b   Thumb Code     6  stm32f10x_gpio.o(.text)
    GPIO_ReadOutputDataBit                   0x08000531   Thumb Code    14  stm32f10x_gpio.o(.text)
    GPIO_ReadOutputData                      0x0800053f   Thumb Code     6  stm32f10x_gpio.o(.text)
    GPIO_SetBits                             0x08000545   Thumb Code     4  stm32f10x_gpio.o(.text)
    GPIO_ResetBits                           0x08000549   Thumb Code     4  stm32f10x_gpio.o(.text)
    GPIO_WriteBit                            0x0800054d   Thumb Code    12  stm32f10x_gpio.o(.text)
    GPIO_Write                               0x08000559   Thumb Code     4  stm32f10x_gpio.o(.text)
    GPIO_PinLockConfig                       0x0800055d   Thumb Code    16  stm32f10x_gpio.o(.text)
    GPIO_EventOutputConfig                   0x0800056d   Thumb Code    22  stm32f10x_gpio.o(.text)
    GPIO_EventOutputCmd                      0x08000583   Thumb Code     6  stm32f10x_gpio.o(.text)
    GPIO_PinRemapConfig                      0x08000589   Thumb Code    86  stm32f10x_gpio.o(.text)
    GPIO_EXTILineConfig                      0x080005df   Thumb Code    34  stm32f10x_gpio.o(.text)
    GPIO_ETH_MediaInterfaceConfig            0x08000601   Thumb Code     8  stm32f10x_gpio.o(.text)
    RCC_DeInit                               0x0800062d   Thumb Code    50  stm32f10x_rcc.o(.text)
    RCC_HSEConfig                            0x0800065f   Thumb Code    50  stm32f10x_rcc.o(.text)
    RCC_GetFlagStatus                        0x08000691   Thumb Code    42  stm32f10x_rcc.o(.text)
    RCC_WaitForHSEStartUp                    0x080006bb   Thumb Code    48  stm32f10x_rcc.o(.text)
    RCC_AdjustHSICalibrationValue            0x080006eb   Thumb Code    16  stm32f10x_rcc.o(.text)
    RCC_HSICmd                               0x080006fb   Thumb Code     6  stm32f10x_rcc.o(.text)
    RCC_PLLConfig                            0x08000701   Thumb Code    16  stm32f10x_rcc.o(.text)
    RCC_PLLCmd                               0x08000711   Thumb Code     6  stm32f10x_rcc.o(.text)
    RCC_SYSCLKConfig                         0x08000717   Thumb Code    14  stm32f10x_rcc.o(.text)
    RCC_GetSYSCLKSource                      0x08000725   Thumb Code    10  stm32f10x_rcc.o(.text)
    RCC_HCLKConfig                           0x0800072f   Thumb Code    14  stm32f10x_rcc.o(.text)
    RCC_PCLK1Config                          0x0800073d   Thumb Code    14  stm32f10x_rcc.o(.text)
    RCC_PCLK2Config                          0x0800074b   Thumb Code    16  stm32f10x_rcc.o(.text)
    RCC_ITConfig                             0x0800075b   Thumb Code    22  stm32f10x_rcc.o(.text)
    RCC_USBCLKConfig                         0x08000771   Thumb Code     8  stm32f10x_rcc.o(.text)
    RCC_ADCCLKConfig                         0x08000779   Thumb Code    14  stm32f10x_rcc.o(.text)
    RCC_LSEConfig                            0x08000787   Thumb Code    36  stm32f10x_rcc.o(.text)
    RCC_LSICmd                               0x080007ab   Thumb Code     6  stm32f10x_rcc.o(.text)
    RCC_RTCCLKConfig                         0x080007b1   Thumb Code    10  stm32f10x_rcc.o(.text)
    RCC_RTCCLKCmd                            0x080007bb   Thumb Code     8  stm32f10x_rcc.o(.text)
    RCC_GetClocksFreq                        0x080007c3   Thumb Code   154  stm32f10x_rcc.o(.text)
    RCC_AHBPeriphClockCmd                    0x0800085d   Thumb Code    22  stm32f10x_rcc.o(.text)
    RCC_APB2PeriphClockCmd                   0x08000873   Thumb Code    22  stm32f10x_rcc.o(.text)
    RCC_APB1PeriphClockCmd                   0x08000889   Thumb Code    22  stm32f10x_rcc.o(.text)
    RCC_APB2PeriphResetCmd                   0x0800089f   Thumb Code    22  stm32f10x_rcc.o(.text)
    RCC_APB1PeriphResetCmd                   0x080008b5   Thumb Code    22  stm32f10x_rcc.o(.text)
    RCC_BackupResetCmd                       0x080008cb   Thumb Code     8  stm32f10x_rcc.o(.text)
    RCC_ClockSecuritySystemCmd               0x080008d3   Thumb Code     6  stm32f10x_rcc.o(.text)
    RCC_MCOConfig                            0x080008d9   Thumb Code     6  stm32f10x_rcc.o(.text)
    RCC_ClearFlag                            0x080008df   Thumb Code    12  stm32f10x_rcc.o(.text)
    RCC_GetITStatus                          0x080008eb   Thumb Code    16  stm32f10x_rcc.o(.text)
    RCC_ClearITPendingBit                    0x080008fb   Thumb Code     6  stm32f10x_rcc.o(.text)
    USART_DeInit                             0x08000921   Thumb Code   144  stm32f10x_usart.o(.text)
    USART_Init                               0x080009b1   Thumb Code   182  stm32f10x_usart.o(.text)
    USART_StructInit                         0x08000a67   Thumb Code    22  stm32f10x_usart.o(.text)
    USART_ClockInit                          0x08000a7d   Thumb Code    30  stm32f10x_usart.o(.text)
    USART_ClockStructInit                    0x08000a9b   Thumb Code    12  stm32f10x_usart.o(.text)
    USART_Cmd                                0x08000aa7   Thumb Code    24  stm32f10x_usart.o(.text)
    USART_ITConfig                           0x08000abf   Thumb Code    54  stm32f10x_usart.o(.text)
    USART_DMACmd                             0x08000af5   Thumb Code    20  stm32f10x_usart.o(.text)
    USART_SetAddress                         0x08000b09   Thumb Code    16  stm32f10x_usart.o(.text)
    USART_WakeUpConfig                       0x08000b19   Thumb Code    16  stm32f10x_usart.o(.text)
    USART_ReceiverWakeUpCmd                  0x08000b29   Thumb Code    24  stm32f10x_usart.o(.text)
    USART_LINBreakDetectLengthConfig         0x08000b41   Thumb Code    16  stm32f10x_usart.o(.text)
    USART_LINCmd                             0x08000b51   Thumb Code    24  stm32f10x_usart.o(.text)
    USART_SendData                           0x08000b69   Thumb Code     8  stm32f10x_usart.o(.text)
    USART_ReceiveData                        0x08000b71   Thumb Code     8  stm32f10x_usart.o(.text)
    USART_SendBreak                          0x08000b79   Thumb Code    10  stm32f10x_usart.o(.text)
    USART_SetGuardTime                       0x08000b83   Thumb Code    16  stm32f10x_usart.o(.text)
    USART_SetPrescaler                       0x08000b93   Thumb Code    16  stm32f10x_usart.o(.text)
    USART_SmartCardCmd                       0x08000ba3   Thumb Code    24  stm32f10x_usart.o(.text)
    USART_SmartCardNACKCmd                   0x08000bbb   Thumb Code    24  stm32f10x_usart.o(.text)
    USART_HalfDuplexCmd                      0x08000bd3   Thumb Code    24  stm32f10x_usart.o(.text)
    USART_OverSampling8Cmd                   0x08000beb   Thumb Code    24  stm32f10x_usart.o(.text)
    USART_OneBitMethodCmd                    0x08000c03   Thumb Code    24  stm32f10x_usart.o(.text)
    USART_IrDAConfig                         0x08000c1b   Thumb Code    16  stm32f10x_usart.o(.text)
    USART_IrDACmd                            0x08000c2b   Thumb Code    24  stm32f10x_usart.o(.text)
    USART_GetFlagStatus                      0x08000c43   Thumb Code    14  stm32f10x_usart.o(.text)
    USART_ClearFlag                          0x08000c51   Thumb Code     8  stm32f10x_usart.o(.text)
    USART_GetITStatus                        0x08000c59   Thumb Code    64  stm32f10x_usart.o(.text)
    USART_ClearITPendingBit                  0x08000c99   Thumb Code    16  stm32f10x_usart.o(.text)
    main                                     0x08000ead   Thumb Code    54  main.o(.text)
    USART3_IRQHandler                        0x08001101   Thumb Code   120  stm32f10x_it.o(.text)
    LED_GPIO_Config                          0x08001191   Thumb Code    92  bsp_led.o(.text)
    Key_GPIO_Config                          0x080011f1   Thumb Code    50  bsp_key.o(.text)
    Key_Scan                                 0x08001223   Thumb Code    38  bsp_key.o(.text)
    USART_Config                             0x08001277   Thumb Code   138  bsp_usart.o(.text)
    Usart_SendByte                           0x08001301   Thumb Code    24  bsp_usart.o(.text)
    Usart_SendArray                          0x08001319   Thumb Code    46  bsp_usart.o(.text)
    Usart_SendString                         0x08001347   Thumb Code    38  bsp_usart.o(.text)
    Usart_SendHalfWord                       0x0800136d   Thumb Code    50  bsp_usart.o(.text)
    fputc                                    0x0800139f   Thumb Code    30  bsp_usart.o(.text)
    fgetc                                    0x080013bd   Thumb Code    26  bsp_usart.o(.text)
    ESP8266_Init                             0x080014df   Thumb Code    34  bsp_esp8266.o(.text)
    ESP8266_Rst                              0x08001501   Thumb Code    36  bsp_esp8266.o(.text)
    ESP8266_Cmd                              0x08001525   Thumb Code   160  bsp_esp8266.o(.text)
    ESP8266_AT_Test                          0x080015c5   Thumb Code    58  bsp_esp8266.o(.text)
    ESP8266_Net_Mode_Choose                  0x080015ff   Thumb Code    44  bsp_esp8266.o(.text)
    ESP8266_JoinAP                           0x0800162b   Thumb Code    34  bsp_esp8266.o(.text)
    ESP8266_BuildAP                          0x0800164d   Thumb Code    34  bsp_esp8266.o(.text)
    ESP8266_Enable_MultipleId                0x0800166f   Thumb Code    40  bsp_esp8266.o(.text)
    ESP8266_Link_Server                      0x08001697   Thumb Code   104  bsp_esp8266.o(.text)
    ESP8266_StartOrShutServer                0x080016ff   Thumb Code   100  bsp_esp8266.o(.text)
    ESP8266_Get_LinkStatus                   0x08001763   Thumb Code    64  bsp_esp8266.o(.text)
    ESP8266_Get_IdLinkStatus                 0x080017a3   Thumb Code   506  bsp_esp8266.o(.text)
    ESP8266_Inquire_ApIp                     0x0800199d   Thumb Code    68  bsp_esp8266.o(.text)
    ESP8266_UnvarnishSend                    0x080019e1   Thumb Code    42  bsp_esp8266.o(.text)
    ESP8266_ExitUnvarnishSend                0x08001a0b   Thumb Code    30  bsp_esp8266.o(.text)
    ESP8266_SendString                       0x08001a29   Thumb Code    90  bsp_esp8266.o(.text)
    ESP8266_ReceiveString                    0x08001a83   Thumb Code    72  bsp_esp8266.o(.text)
    DHT11_Init                               0x08001b6b   Thumb Code    18  bsp_dht11.o(.text)
    DHT11_Read_TempAndHumidity               0x08001c0f   Thumb Code   152  bsp_dht11.o(.text)
    USART_printf                             0x08001d09   Thumb Code   228  common.o(.text)
    Get_ESP82666_Cmd                         0x08001ded   Thumb Code   118  wifi.o(.text)
    Wifi_Config                              0x08001e63   Thumb Code    58  wifi.o(.text)
    Server_Connect                           0x08001e9d   Thumb Code    36  wifi.o(.text)
    ESP8266_StaTcpClient_UnvarnishTest       0x08001ec1   Thumb Code   330  wifi.o(.text)
    Mqtt_Connect                             0x0800213d   Thumb Code    96  mqtt.o(.text)
    Mqtt_SendHeatbeat                        0x0800219d   Thumb Code    22  mqtt.o(.text)
    Packet_Data                              0x080021b3   Thumb Code    32  mqtt.o(.text)
    Mqtt_Publish                             0x080021d3   Thumb Code    80  mqtt.o(.text)
    Mqtt_Subscribe                           0x08002223   Thumb Code    62  mqtt.o(.text)
    CPU_TS_TmrInit                           0x0800233d   Thumb Code    26  delay.o(.text)
    CPU_TS_TmrRd                             0x08002357   Thumb Code     6  delay.o(.text)
    CPU_TS_Tmr_Delay_US                      0x0800235d   Thumb Code    62  delay.o(.text)
    osPriqueueInit                           0x080023ad   Thumb Code    42  los_priqueue.o(.text)
    osPriqueueEnqueue                        0x080023d7   Thumb Code    24  los_priqueue.o(.text)
    osPriqueueDequeue                        0x080023ef   Thumb Code    20  los_priqueue.o(.text)
    osPriqueueTop                            0x08002403   Thumb Code    42  los_priqueue.o(.text)
    osPriqueueSize                           0x0800242d   Thumb Code    26  los_priqueue.o(.text)
    osPriqueueTotalSize                      0x08002447   Thumb Code    24  los_priqueue.o(.text)
    osSwTmrTask                              0x08002469   Thumb Code    56  los_swtmr.o(.text)
    osSwTmrTaskCreate                        0x080024a1   Thumb Code    46  los_swtmr.o(.text)
    osSwTmrInit                              0x080024cf   Thumb Code   118  los_swtmr.o(.text)
    osSwTmrStart                             0x08002545   Thumb Code   382  los_swtmr.o(.text)
    osSwtmrStop                              0x080026c3   Thumb Code    76  los_swtmr.o(.text)
    osSwtmrScan                              0x08002775   Thumb Code    26  los_swtmr.o(.text)
    osSwTmrGetNextTimeout                    0x0800278f   Thumb Code    46  los_swtmr.o(.text)
    osSwtimerInsert                          0x080027bd   Thumb Code    62  los_swtmr.o(.text)
    osSwTmrAdjust                            0x080027fb   Thumb Code    72  los_swtmr.o(.text)
    osSwtmrTimeGet                           0x08002843   Thumb Code    56  los_swtmr.o(.text)
    LOS_SwtmrCreate                          0x0800287b   Thumb Code   160  los_swtmr.o(.text)
    LOS_SwtmrStart                           0x0800291b   Thumb Code   192  los_swtmr.o(.text)
    LOS_SwtmrStop                            0x080029db   Thumb Code   106  los_swtmr.o(.text)
    LOS_SwtmrTimeGet                         0x08002a45   Thumb Code   122  los_swtmr.o(.text)
    LOS_SwtmrDelete                          0x08002abf   Thumb Code   112  los_swtmr.o(.text)
    LOS_TickCountGet                         0x08002b55   Thumb Code     6  los_sys.o(.text)
    LOS_CyclePerTickGet                      0x08002b5b   Thumb Code    14  los_sys.o(.text)
    LOS_MS2Tick                              0x08002b69   Thumb Code    28  los_sys.o(.text)
    LOS_Tick2MS                              0x08002b85   Thumb Code    18  los_sys.o(.text)
    osCpuTick2MS                             0x08002b97   Thumb Code    74  los_sys.o(.text)
    osCpuTick2US                             0x08002be1   Thumb Code    72  los_sys.o(.text)
    osTaskNextSwitchTimeGet                  0x08002c3d   Thumb Code    60  los_task.o(.text)
    osIdleTask                               0x08002c79   Thumb Code     2  los_task.o(.text)
    osTaskPriModify                          0x08002c7b   Thumb Code    52  los_task.o(.text)
    osTaskAdd2TimerList                      0x08002caf   Thumb Code   136  los_task.o(.text)
    osTimerListDelete                        0x08002d37   Thumb Code    48  los_task.o(.text)
    osTaskScan                               0x08002d67   Thumb Code   182  los_task.o(.text)
    osConvertTskStatus                       0x08002e1d   Thumb Code    68  los_task.o(.text)
    osGetTaskWaterLine                       0x08002e61   Thumb Code    88  los_task.o(.text)
    osGetAllTskInfo                          0x08002eb9   Thumb Code   196  los_task.o(.text)
    osTaskInit                               0x08002f7d   Thumb Code   390  los_task.o(.text)
    LOS_TaskCreateOnly                       0x08003103   Thumb Code   322  los_task.o(.text)
    LOS_TaskCreate                           0x08003245   Thumb Code   112  los_task.o(.text)
    osIdleTaskCreate                         0x080032b5   Thumb Code    50  los_task.o(.text)
    LOS_CurTaskIDGet                         0x080032e7   Thumb Code    18  los_task.o(.text)
    LOS_NextTaskIDGet                        0x080032f9   Thumb Code    18  los_task.o(.text)
    LOS_CurTaskNameGet                       0x0800330b   Thumb Code    16  los_task.o(.text)
    osTaskSwitchCheck                        0x0800331b   Thumb Code   178  los_task.o(.text)
    osTaskMonInit                            0x080033cd   Thumb Code    34  los_task.o(.text)
    LOS_TaskDelete                           0x080033ef   Thumb Code   522  los_task.o(.text)
    osTaskEntry                              0x080035f9   Thumb Code    38  los_task.o(.text)
    LOS_TaskResume                           0x0800361f   Thumb Code   134  los_task.o(.text)
    LOS_TaskSuspend                          0x080036a5   Thumb Code   170  los_task.o(.text)
    LOS_TaskYield                            0x0800374f   Thumb Code   106  los_task.o(.text)
    LOS_TaskDelay                            0x080037b9   Thumb Code    98  los_task.o(.text)
    LOS_TaskPriGet                           0x0800381b   Thumb Code    62  los_task.o(.text)
    LOS_TaskPriSet                           0x08003859   Thumb Code   150  los_task.o(.text)
    LOS_CurTaskPriSet                        0x080038ef   Thumb Code    12  los_task.o(.text)
    osTaskWait                               0x080038fb   Thumb Code    70  los_task.o(.text)
    osTaskWake                               0x08003941   Thumb Code    66  los_task.o(.text)
    LOS_TaskLock                             0x08003983   Thumb Code    24  los_task.o(.text)
    LOS_TaskUnlock                           0x0800399b   Thumb Code    58  los_task.o(.text)
    LOS_TaskInfoGet                          0x080039d5   Thumb Code   222  los_task.o(.text)
    LOS_TaskStatusGet                        0x08003ab3   Thumb Code    70  los_task.o(.text)
    LOS_TaskSwitchInfoGet                    0x08003af9   Thumb Code    60  los_task.o(.text)
    LOS_TaskInfoMonitor                      0x08003b35   Thumb Code     4  los_task.o(.text)
    LOS_TaskIsRunning                        0x08003b39   Thumb Code     6  los_task.o(.text)
    LOS_NewTaskIDGet                         0x08003b3f   Thumb Code    18  los_task.o(.text)
    LOS_TaskNameGet                          0x08003b51   Thumb Code    54  los_task.o(.text)
    osTickHandler                            0x08003bc9   Thumb Code    30  los_tick.o(.text)
    LOS_SysClockGet                          0x08003be7   Thumb Code     6  los_tick.o(.text)
    osQueueInit                              0x08003bf1   Thumb Code    78  los_queue.o(.text)
    LOS_QueueCreate                          0x08003c3f   Thumb Code   188  los_queue.o(.text)
    osQueueOperate                           0x08003dfb   Thumb Code   336  los_queue.o(.text)
    LOS_QueueReadCopy                        0x08003f4b   Thumb Code    42  los_queue.o(.text)
    LOS_QueueWriteHeadCopy                   0x08003f75   Thumb Code    44  los_queue.o(.text)
    LOS_QueueWriteCopy                       0x08003fa1   Thumb Code    42  los_queue.o(.text)
    LOS_QueueRead                            0x08003fcb   Thumb Code    74  los_queue.o(.text)
    LOS_QueueWrite                           0x08004015   Thumb Code    22  los_queue.o(.text)
    LOS_QueueWriteHead                       0x0800402b   Thumb Code    22  los_queue.o(.text)
    osQueueMailAlloc                         0x08004041   Thumb Code   146  los_queue.o(.text)
    osQueueMailFree                          0x080040d3   Thumb Code   142  los_queue.o(.text)
    LOS_QueueDelete                          0x08004161   Thumb Code   158  los_queue.o(.text)
    LOS_QueueInfoGet                         0x080041ff   Thumb Code   200  los_queue.o(.text)
    osSemInit                                0x080042f5   Thumb Code    72  los_sem.o(.text)
    osSemCreate                              0x0800433d   Thumb Code   134  los_sem.o(.text)
    LOS_SemCreate                            0x080043c3   Thumb Code     8  los_sem.o(.text)
    LOS_BinarySemCreate                      0x080043cb   Thumb Code     6  los_sem.o(.text)
    LOS_SemDelete                            0x080043d1   Thumb Code   120  los_sem.o(.text)
    LOS_SemPend                              0x08004449   Thumb Code   240  los_sem.o(.text)
    LOS_SemPost                              0x08004539   Thumb Code   152  los_sem.o(.text)
    osHeapPrvGetNext                         0x08004669   Thumb Code    22  los_heap.o(.text)
    osHeapInit                               0x0800467f   Thumb Code    62  los_heap.o(.text)
    osHeapStatisticsGet                      0x080046bd   Thumb Code    76  los_heap.o(.text)
    osAlarmHeapInfo                          0x08004709   Thumb Code    26  los_heap.o(.text)
    osHeapAlloc                              0x08004723   Thumb Code   238  los_heap.o(.text)
    osHeapFree                               0x08004811   Thumb Code   218  los_heap.o(.text)
    osHeapGetHeapMemoryPeak                  0x080048eb   Thumb Code     6  los_heap.o(.text)
    osHeapGetMaxFreeBlkSize                  0x080048f1   Thumb Code    40  los_heap.o(.text)
    LOS_Align                                0x08004969   Thumb Code    20  los_misc.o(.text)
    LOS_Msleep                               0x0800497d   Thumb Code    40  los_misc.o(.text)
    LOS_ErrHandle                            0x080049a5   Thumb Code    34  los_err.o(.text)
    osEnableFPU                              0x080049d1   Thumb Code    12  los_init.o(.text)
    LOS_Reboot                               0x080049dd   Thumb Code     6  los_init.o(.text)
    LOS_Start                                0x080049eb   Thumb Code    34  los_init.o(.text)
    LOS_KernelInit                           0x08004a0d   Thumb Code   132  los_init.o(.text)
    LOS_MemboxInit                           0x08004b15   Thumb Code    44  los_membox.o(.text)
    LOS_MemboxAlloc                          0x08004b41   Thumb Code    64  los_membox.o(.text)
    LOS_MemboxFree                           0x08004b81   Thumb Code    36  los_membox.o(.text)
    LOS_MemboxClr                            0x08004ba5   Thumb Code    10  los_membox.o(.text)
    LOS_MemboxStatisticsGet                  0x08004baf   Thumb Code    32  los_membox.o(.text)
    osSlabCtrlHdrGet                         0x08004bf9   Thumb Code     4  los_memory.o(.text)
    LOS_MemInit                              0x08004bfd   Thumb Code   164  los_memory.o(.text)
    osMemSystemInit                          0x08004ca1   Thumb Code     8  los_memory.o(.text)
    LOS_MemDeInit                            0x08004ca9   Thumb Code    66  los_memory.o(.text)
    LOS_MemPoolList                          0x08004ceb   Thumb Code    28  los_memory.o(.text)
    LOS_MemAlloc                             0x08004d07   Thumb Code    16  los_memory.o(.text)
    LOS_MemAllocAlign                        0x08004d17   Thumb Code    64  los_memory.o(.text)
    LOS_MemFree                              0x08004d57   Thumb Code    42  los_memory.o(.text)
    LOS_MemRealloc                           0x08004d81   Thumb Code   112  los_memory.o(.text)
    LOS_MemStatisticsGet                     0x08004df1   Thumb Code    44  los_memory.o(.text)
    LOS_MemGetMaxFreeBlkSize                 0x08004e1d   Thumb Code    16  los_memory.o(.text)
    LOS_StartToRun                           0x08004e71   Thumb Code     0  los_dispatch_keil.o(.text)
    LOS_IntLock                              0x08004eb5   Thumb Code     0  los_dispatch_keil.o(.text)
    LOS_IntUnLock                            0x08004ebd   Thumb Code     0  los_dispatch_keil.o(.text)
    LOS_IntRestore                           0x08004ec5   Thumb Code     0  los_dispatch_keil.o(.text)
    osTaskSchedule                           0x08004ecb   Thumb Code     0  los_dispatch_keil.o(.text)
    osPendSV                                 0x08004ed5   Thumb Code     0  los_dispatch_keil.o(.text)
    osSchedule                               0x08004f41   Thumb Code     4  los_hw.o(.text)
    LOS_Schedule                             0x08004f45   Thumb Code    54  los_hw.o(.text)
    osTaskExit                               0x08004f7b   Thumb Code     4  los_hw.o(.text)
    osTskStackInit                           0x08004f7f   Thumb Code   124  los_hw.o(.text)
    osEnterSleep                             0x08004ffb   Thumb Code    12  los_hw.o(.text)
    osTickStart                              0x08005015   Thumb Code    90  los_hw_tick.o(.text)
    LOS_SysTickCurrCycleGet                  0x0800506f   Thumb Code    38  los_hw_tick.o(.text)
    LOS_GetCpuCycle                          0x08005095   Thumb Code    82  los_hw_tick.o(.text)
    LOS_GetSystickCycle                      0x080050e7   Thumb Code    78  los_hw_tick.o(.text)
    osIntNumGet                              0x08005149   Thumb Code     6  los_hwi.o(.text)
    PendSV_Handler                           0x0800514f   Thumb Code     4  los_hwi.o(.text)
    SysTick_Handler                          0x08005153   Thumb Code     4  los_hwi.o(.text)
    MQTTSerialize_connectLength              0x08005159   Thumb Code   114  mqttconnectclient.o(.text)
    MQTTSerialize_connect                    0x080051cb   Thumb Code   298  mqttconnectclient.o(.text)
    MQTTDeserialize_connack                  0x080052f5   Thumb Code    96  mqttconnectclient.o(.text)
    MQTTSerialize_zero                       0x08005355   Thumb Code    58  mqttconnectclient.o(.text)
    MQTTSerialize_disconnect                 0x0800538f   Thumb Code     4  mqttconnectclient.o(.text)
    MQTTSerialize_pingreq                    0x08005393   Thumb Code     4  mqttconnectclient.o(.text)
    MQTTPacket_encode                        0x080053a9   Thumb Code    42  mqttpacket.o(.text)
    MQTTPacket_decode                        0x080053d3   Thumb Code    56  mqttpacket.o(.text)
    MQTTPacket_len                           0x0800540b   Thumb Code    34  mqttpacket.o(.text)
    bufchar                                  0x0800542d   Thumb Code    30  mqttpacket.o(.text)
    MQTTPacket_decodeBuf                     0x0800544b   Thumb Code    10  mqttpacket.o(.text)
    readInt                                  0x08005455   Thumb Code    18  mqttpacket.o(.text)
    readChar                                 0x08005467   Thumb Code    12  mqttpacket.o(.text)
    writeChar                                0x08005473   Thumb Code    12  mqttpacket.o(.text)
    writeInt                                 0x0800547f   Thumb Code    30  mqttpacket.o(.text)
    writeCString                             0x0800549d   Thumb Code    40  mqttpacket.o(.text)
    getLenStringLen                          0x080054c5   Thumb Code    10  mqttpacket.o(.text)
    writeMQTTString                          0x080054cf   Thumb Code    66  mqttpacket.o(.text)
    readMQTTLenString                        0x08005511   Thumb Code    52  mqttpacket.o(.text)
    MQTTstrlen                               0x08005545   Thumb Code    22  mqttpacket.o(.text)
    MQTTPacket_equals                        0x0800555b   Thumb Code    56  mqttpacket.o(.text)
    MQTTPacket_read                          0x08005593   Thumb Code    86  mqttpacket.o(.text)
    MQTTPacket_readnb                        0x0800563f   Thumb Code   166  mqttpacket.o(.text)
    MQTTSerialize_publishLength              0x080056ed   Thumb Code    28  mqttserializepublish.o(.text)
    MQTTSerialize_publish                    0x08005709   Thumb Code   136  mqttserializepublish.o(.text)
    MQTTSerialize_ack                        0x08005791   Thumb Code    86  mqttserializepublish.o(.text)
    MQTTSerialize_puback                     0x080057e7   Thumb Code    14  mqttserializepublish.o(.text)
    MQTTSerialize_pubrel                     0x080057f5   Thumb Code    14  mqttserializepublish.o(.text)
    MQTTSerialize_pubcomp                    0x08005803   Thumb Code    14  mqttserializepublish.o(.text)
    MQTTSerialize_subscribeLength            0x08005811   Thumb Code    44  mqttsubscribeclient.o(.text)
    MQTTSerialize_subscribe                  0x0800583d   Thumb Code   148  mqttsubscribeclient.o(.text)
    MQTTDeserialize_suback                   0x080058d1   Thumb Code   132  mqttsubscribeclient.o(.text)
    WiFi_SendString                          0x08005955   Thumb Code    46  mqtt_transport.o(.text)
    transport_sendPacketBuffer               0x08005983   Thumb Code    10  mqtt_transport.o(.text)
    transport_getdata                        0x0800598d   Thumb Code    16  mqtt_transport.o(.text)
    __aeabi_uldivmod                         0x080059a5   Thumb Code    98  uldiv.o(.text)
    __aeabi_memcpy                           0x08005a07   Thumb Code    36  memcpya.o(.text)
    __aeabi_memcpy4                          0x08005a07   Thumb Code     0  memcpya.o(.text)
    __aeabi_memcpy8                          0x08005a07   Thumb Code     0  memcpya.o(.text)
    __aeabi_memset                           0x08005a2b   Thumb Code    14  memseta.o(.text)
    __aeabi_memset4                          0x08005a2b   Thumb Code     0  memseta.o(.text)
    __aeabi_memset8                          0x08005a2b   Thumb Code     0  memseta.o(.text)
    __aeabi_memclr                           0x08005a39   Thumb Code     4  memseta.o(.text)
    __aeabi_memclr4                          0x08005a39   Thumb Code     0  memseta.o(.text)
    __aeabi_memclr8                          0x08005a39   Thumb Code     0  memseta.o(.text)
    _memset$wrapper                          0x08005a3d   Thumb Code    18  memseta.o(.text)
    strstr                                   0x08005a4f   Thumb Code    36  strstr.o(.text)
    strncpy                                  0x08005a73   Thumb Code    24  strncpy.o(.text)
    strlen                                   0x08005a8b   Thumb Code    14  strlen.o(.text)
    strncmp                                  0x08005a99   Thumb Code    30  strncmp.o(.text)
    __aeabi_ddiv                             0x08005ab7   Thumb Code   222  ddiv.o(.text)
    __aeabi_ui2d                             0x08005b95   Thumb Code    26  dfltui.o(.text)
    __aeabi_ul2d                             0x08005baf   Thumb Code    24  dfltul.o(.text)
    __aeabi_d2ulz                            0x08005bc7   Thumb Code    48  dfixul.o(.text)
    __aeabi_uidiv                            0x08005bf7   Thumb Code     0  uidiv.o(.text)
    __aeabi_uidivmod                         0x08005bf7   Thumb Code    44  uidiv.o(.text)
    __aeabi_llsl                             0x08005c23   Thumb Code    30  llshl.o(.text)
    _ll_shift_l                              0x08005c23   Thumb Code     0  llshl.o(.text)
    __aeabi_llsr                             0x08005c41   Thumb Code    32  llushr.o(.text)
    _ll_ushift_r                             0x08005c41   Thumb Code     0  llushr.o(.text)
    __I$use$fp                               0x08005c61   Thumb Code     0  iusefp.o(.text)
    _double_round                            0x08005c61   Thumb Code    30  depilogue.o(.text)
    _double_epilogue                         0x08005c7f   Thumb Code   156  depilogue.o(.text)
    __aeabi_dadd                             0x08005d1b   Thumb Code   322  dadd.o(.text)
    __aeabi_dsub                             0x08005e5d   Thumb Code     6  dadd.o(.text)
    __aeabi_drsub                            0x08005e63   Thumb Code     6  dadd.o(.text)
    __aeabi_dmul                             0x08005e69   Thumb Code   228  dmul.o(.text)
    __aeabi_cdrcmple                         0x08005f4d   Thumb Code    48  cdrcmple.o(.text)
    __scatterload                            0x08005f7d   Thumb Code    28  init.o(.text)
    __scatterload_rt2                        0x08005f7d   Thumb Code     0  init.o(.text)
    __aeabi_lasr                             0x08005fa1   Thumb Code    36  llsshr.o(.text)
    _ll_sshift_r                             0x08005fa1   Thumb Code     0  llsshr.o(.text)
    __0printf                                0x08005fc5   Thumb Code    22  printfa.o(i.__0printf)
    __1printf                                0x08005fc5   Thumb Code     0  printfa.o(i.__0printf)
    __2printf                                0x08005fc5   Thumb Code     0  printfa.o(i.__0printf)
    __c89printf                              0x08005fc5   Thumb Code     0  printfa.o(i.__0printf)
    printf                                   0x08005fc5   Thumb Code     0  printfa.o(i.__0printf)
    __0sprintf                               0x08005fe5   Thumb Code    34  printfa.o(i.__0sprintf)
    __1sprintf                               0x08005fe5   Thumb Code     0  printfa.o(i.__0sprintf)
    __2sprintf                               0x08005fe5   Thumb Code     0  printfa.o(i.__0sprintf)
    __c89sprintf                             0x08005fe5   Thumb Code     0  printfa.o(i.__0sprintf)
    sprintf                                  0x08005fe5   Thumb Code     0  printfa.o(i.__0sprintf)
    __scatterload_copy                       0x0800600d   Thumb Code    14  handlers.o(i.__scatterload_copy)
    __scatterload_null                       0x0800601b   Thumb Code     2  handlers.o(i.__scatterload_null)
    __scatterload_zeroinit                   0x0800601d   Thumb Code    14  handlers.o(i.__scatterload_zeroinit)
    Region$$Table$$Base                      0x08006ba4   Number         0  anon$$obj.o(Region$$Table)
    Region$$Table$$Limit                     0x08006bc4   Number         0  anon$$obj.o(Region$$Table)
    SystemCoreClock                          0x20000000   Data           4  system_stm32f10x.o(.data)
    AHBPrescTable                            0x20000004   Data          16  system_stm32f10x.o(.data)
    Read_Publish_Task_Handle                 0x20000028   Data           4  main.o(.data)
    Connect_Init_Task_Handle                 0x2000002c   Data           4  main.o(.data)
    Key_Task_Handle                          0x20000030   Data           4  main.o(.data)
    Mqtt_SendHeatbeat_Handle                 0x20000034   Data           4  main.o(.data)
    ucTcpClosedFlag                          0x20000038   Data           1  wifi.o(.data)
    ledCmd                                   0x2000003c   Data          32  wifi.o(.data)
    buflen                                   0x2000005c   Data           4  mqtt.o(.data)
    g_pstLosPriorityQueueList                0x20000060   Data           4  los_priqueue.o(.data)
    m_uwSwTmrHandlerQueue                    0x20000070   Data           4  los_swtmr.o(.data)
    m_pstSwtmrCBArray                        0x20000074   Data           4  los_swtmr.o(.data)
    m_pstSwtmrFreeList                       0x20000078   Data           4  los_swtmr.o(.data)
    m_pstSwtmrSortList                       0x2000007c   Data           4  los_swtmr.o(.data)
    g_usLosTaskLock                          0x20000080   Data           2  los_task.o(.data)
    g_pfnTskSwitchHook                       0x20000084   Data           4  los_task.o(.data)
    g_pfnUsrTskSwitchHook                    0x20000088   Data           4  los_task.o(.data)
    g_pstTaskCBArray                         0x2000008c   Data           4  los_task.o(.data)
    g_uwTskMaxNum                            0x20000090   Data           4  los_task.o(.data)
    g_uwIdleTaskID                           0x20000094   Data           4  los_task.o(.data)
    g_uwSwtmrTaskID                          0x20000098   Data           4  los_task.o(.data)
    g_bTaskScheduled                         0x2000009c   Data           4  los_task.o(.data)
    g_stLosTask                              0x200000a0   Data           8  los_task.o(.data)
    g_stTaskTimerList                        0x200000a8   Data           8  los_task.o(.data)
    g_stLosFreeTask                          0x200000b0   Data           8  los_task.o(.data)
    g_stTskRecyleList                        0x200000b8   Data           8  los_task.o(.data)
    g_stTskSortLink                          0x200000c0   Data           8  los_task.o(.data)
    g_uwSysClock                             0x200000c8   Data           4  los_tick.o(.data)
    g_ullTickCount                           0x200000d0   Data           8  los_tick.o(.data)
    g_uwCyclesPerTick                        0x200000d8   Data           4  los_tick.o(.data)
    g_pstAllQueue                            0x200000dc   Data           4  los_queue.o(.data)
    g_stFreeQueueList                        0x200000e0   Data           8  los_queue.o(.data)
    g_pstAllSem                              0x200000e8   Data           4  los_sem.o(.data)
    g_stUnusedSemList                        0x200000ec   Data           8  los_sem.o(.data)
    g_stUserErrFunc                          0x20000104   Data           4  los_err.o(.data)
    m_aucSysMem0                             0x20000108   Data           4  los_init.o(.data)
    g_pPoolHead                              0x2000010c   Data           4  los_memory.o(.data)
    __stdout                                 0x20000114   Data           4  stdout.o(.data)
    strEsp8266_Fram_Record                   0x20000118   Data        1026  bsp_esp8266.o(.bss)
    strUSART_Fram_Record                     0x2000051a   Data        1026  bsp_esp8266.o(.bss)
    buf                                      0x2000091c   Data         300  mqtt.o(.bss)
    mqtt_message                             0x20000a48   Data         300  mqtt.o(.bss)
    m_uwSwTmrAlignID                         0x20000b74   Data          64  los_swtmr.o(.bss)
    g_astTskSwitchInfo                       0x20000bb4   Data         342  los_task.o(.bss)
    Image$$RW_IRAM1$$ZI$$Limit               0x20001110   Number         0  anon$$obj.o ABSOLUTE
    __initial_sp                             0x20001110   Data           0  startup_stm32f10x_hd.o(STACK)



==============================================================================

Memory Map of the image

  Image Entry point : 0x08000131

  Load Region LR_IROM1 (Base: 0x08000000, Size: 0x00006cdc, Max: 0x00080000, ABSOLUTE)

    Execution Region ER_IROM1 (Exec base: 0x08000000, Load base: 0x08000000, Size: 0x00006bc4, Max: 0x00080000, ABSOLUTE)

    Exec Addr    Load Addr    Size         Type   Attr      Idx    E Section Name        Object

    0x08000000   0x08000000   0x00000130   Data   RO            3    RESET               startup_stm32f10x_hd.o
    0x08000130   0x08000130   0x00000000   Code   RO         2088  * .ARM.Collect$$$$00000000  mc_w.l(entry.o)
    0x08000130   0x08000130   0x00000004   Code   RO         2378    .ARM.Collect$$$$00000001  mc_w.l(entry2.o)
    0x08000134   0x08000134   0x00000004   Code   RO         2381    .ARM.Collect$$$$00000004  mc_w.l(entry5.o)
    0x08000138   0x08000138   0x00000000   Code   RO         2383    .ARM.Collect$$$$00000008  mc_w.l(entry7b.o)
    0x08000138   0x08000138   0x00000000   Code   RO         2385    .ARM.Collect$$$$0000000A  mc_w.l(entry8b.o)
    0x08000138   0x08000138   0x00000008   Code   RO         2386    .ARM.Collect$$$$0000000B  mc_w.l(entry9a.o)
    0x08000140   0x08000140   0x00000000   Code   RO         2388    .ARM.Collect$$$$0000000D  mc_w.l(entry10a.o)
    0x08000140   0x08000140   0x00000000   Code   RO         2390    .ARM.Collect$$$$0000000F  mc_w.l(entry11a.o)
    0x08000140   0x08000140   0x00000004   Code   RO         2379    .ARM.Collect$$$$00002712  mc_w.l(entry2.o)
    0x08000144   0x08000144   0x00000024   Code   RO            4    .text               startup_stm32f10x_hd.o
    0x08000168   0x08000168   0x00000174   Code   RO           27    .text               system_stm32f10x.o
    0x080002dc   0x080002dc   0x000000b8   Code   RO          142    .text               misc.o
    0x08000394   0x08000394   0x00000298   Code   RO          434    .text               stm32f10x_gpio.o
    0x0800062c   0x0800062c   0x000002f4   Code   RO          530    .text               stm32f10x_rcc.o
    0x08000920   0x08000920   0x0000039c   Code   RO          652    .text               stm32f10x_usart.o
    0x08000cbc   0x08000cbc   0x00000444   Code   RO          700    .text               main.o
    0x08001100   0x08001100   0x00000090   Code   RO          819    .text               stm32f10x_it.o
    0x08001190   0x08001190   0x00000060   Code   RO          853    .text               bsp_led.o
    0x080011f0   0x080011f0   0x00000060   Code   RO          880    .text               bsp_key.o
    0x08001250   0x08001250   0x00000190   Code   RO          908    .text               bsp_usart.o
    0x080013e0   0x080013e0   0x00000764   Code   RO          932    .text               bsp_esp8266.o
    0x08001b44   0x08001b44   0x00000168   Code   RO          967    .text               bsp_dht11.o
    0x08001cac   0x08001cac   0x00000140   Code   RO          997    .text               common.o
    0x08001dec   0x08001dec   0x00000350   Code   RO         1024    .text               wifi.o
    0x0800213c   0x0800213c   0x00000200   Code   RO         1055    .text               mqtt.o
    0x0800233c   0x0800233c   0x00000070   Code   RO         1109    .text               delay.o
    0x080023ac   0x080023ac   0x000000bc   Code   RO         1229    .text               los_priqueue.o
    0x08002468   0x08002468   0x000006ec   Code   RO         1276    .text               los_swtmr.o
    0x08002b54   0x08002b54   0x000000e8   Code   RO         1313    .text               los_sys.o
    0x08002c3c   0x08002c3c   0x00000f8c   Code   RO         1340    .text               los_task.o
    0x08003bc8   0x08003bc8   0x00000028   Code   RO         1389    .text               los_tick.o
    0x08003bf0   0x08003bf0   0x00000704   Code   RO         1517    .text               los_queue.o
    0x080042f4   0x080042f4   0x00000374   Code   RO         1547    .text               los_sem.o
    0x08004668   0x08004668   0x00000300   Code   RO         1580    .text               los_heap.o
    0x08004968   0x08004968   0x0000003c   Code   RO         1634    .text               los_misc.o
    0x080049a4   0x080049a4   0x0000002c   Code   RO         1658    .text               los_err.o
    0x080049d0   0x080049d0   0x00000144   Code   RO         1691    .text               los_init.o
    0x08004b14   0x08004b14   0x000000e4   Code   RO         1722    .text               los_membox.o
    0x08004bf8   0x08004bf8   0x00000278   Code   RO         1746    .text               los_memory.o
    0x08004e70   0x08004e70   0x000000d0   Code   RO         1853    .text               los_dispatch_keil.o
    0x08004f40   0x08004f40   0x000000d4   Code   RO         1859    .text               los_hw.o
    0x08005014   0x08005014   0x00000134   Code   RO         1883    .text               los_hw_tick.o
    0x08005148   0x08005148   0x0000000e   Code   RO         1911    .text               los_hwi.o
    0x08005156   0x08005156   0x00000002   PAD
    0x08005158   0x08005158   0x00000250   Code   RO         1935    .text               mqttconnectclient.o
    0x080053a8   0x080053a8   0x00000344   Code   RO         1987    .text               mqttpacket.o
    0x080056ec   0x080056ec   0x00000124   Code   RO         2001    .text               mqttserializepublish.o
    0x08005810   0x08005810   0x00000144   Code   RO         2013    .text               mqttsubscribeclient.o
    0x08005954   0x08005954   0x00000050   Code   RO         2067    .text               mqtt_transport.o
    0x080059a4   0x080059a4   0x00000062   Code   RO         2091    .text               mc_w.l(uldiv.o)
    0x08005a06   0x08005a06   0x00000024   Code   RO         2093    .text               mc_w.l(memcpya.o)
    0x08005a2a   0x08005a2a   0x00000024   Code   RO         2095    .text               mc_w.l(memseta.o)
    0x08005a4e   0x08005a4e   0x00000024   Code   RO         2097    .text               mc_w.l(strstr.o)
    0x08005a72   0x08005a72   0x00000018   Code   RO         2099    .text               mc_w.l(strncpy.o)
    0x08005a8a   0x08005a8a   0x0000000e   Code   RO         2101    .text               mc_w.l(strlen.o)
    0x08005a98   0x08005a98   0x0000001e   Code   RO         2105    .text               mc_w.l(strncmp.o)
    0x08005ab6   0x08005ab6   0x000000de   Code   RO         2370    .text               mf_w.l(ddiv.o)
    0x08005b94   0x08005b94   0x0000001a   Code   RO         2372    .text               mf_w.l(dfltui.o)
    0x08005bae   0x08005bae   0x00000018   Code   RO         2374    .text               mf_w.l(dfltul.o)
    0x08005bc6   0x08005bc6   0x00000030   Code   RO         2376    .text               mf_w.l(dfixul.o)
    0x08005bf6   0x08005bf6   0x0000002c   Code   RO         2393    .text               mc_w.l(uidiv.o)
    0x08005c22   0x08005c22   0x0000001e   Code   RO         2395    .text               mc_w.l(llshl.o)
    0x08005c40   0x08005c40   0x00000020   Code   RO         2397    .text               mc_w.l(llushr.o)
    0x08005c60   0x08005c60   0x00000000   Code   RO         2399    .text               mc_w.l(iusefp.o)
    0x08005c60   0x08005c60   0x000000ba   Code   RO         2400    .text               mf_w.l(depilogue.o)
    0x08005d1a   0x08005d1a   0x0000014e   Code   RO         2402    .text               mf_w.l(dadd.o)
    0x08005e68   0x08005e68   0x000000e4   Code   RO         2404    .text               mf_w.l(dmul.o)
    0x08005f4c   0x08005f4c   0x00000030   Code   RO         2406    .text               mf_w.l(cdrcmple.o)
    0x08005f7c   0x08005f7c   0x00000024   Code   RO         2408    .text               mc_w.l(init.o)
    0x08005fa0   0x08005fa0   0x00000024   Code   RO         2410    .text               mc_w.l(llsshr.o)
    0x08005fc4   0x08005fc4   0x00000020   Code   RO         2342    i.__0printf         mc_w.l(printfa.o)
    0x08005fe4   0x08005fe4   0x00000028   Code   RO         2344    i.__0sprintf        mc_w.l(printfa.o)
    0x0800600c   0x0800600c   0x0000000e   Code   RO         2414    i.__scatterload_copy  mc_w.l(handlers.o)
    0x0800601a   0x0800601a   0x00000002   Code   RO         2415    i.__scatterload_null  mc_w.l(handlers.o)
    0x0800601c   0x0800601c   0x0000000e   Code   RO         2416    i.__scatterload_zeroinit  mc_w.l(handlers.o)
    0x0800602a   0x0800602a   0x00000002   PAD
    0x0800602c   0x0800602c   0x00000184   Code   RO         2349    i._fp_digits        mc_w.l(printfa.o)
    0x080061b0   0x080061b0   0x000006dc   Code   RO         2350    i._printf_core      mc_w.l(printfa.o)
    0x0800688c   0x0800688c   0x00000024   Code   RO         2351    i._printf_post_padding  mc_w.l(printfa.o)
    0x080068b0   0x080068b0   0x0000002e   Code   RO         2352    i._printf_pre_padding  mc_w.l(printfa.o)
    0x080068de   0x080068de   0x0000000a   Code   RO         2354    i._sputc            mc_w.l(printfa.o)
    0x080068e8   0x080068e8   0x00000058   Data   RO         1057    .constdata          mqtt.o
    0x08006940   0x08006940   0x0000005b   Data   RO         1025    .conststring        wifi.o
    0x0800699b   0x0800699b   0x00000001   PAD
    0x0800699c   0x0800699c   0x000000b8   Data   RO         1058    .conststring        mqtt.o
    0x08006a54   0x08006a54   0x00000150   Data   RO         1342    .conststring        los_task.o
    0x08006ba4   0x08006ba4   0x00000020   Data   RO         2412    Region$$Table       anon$$obj.o


    Execution Region RW_IRAM1 (Exec base: 0x20000000, Load base: 0x08006bc4, Size: 0x00001110, Max: 0x00010000, ABSOLUTE)

    Exec Addr    Load Addr    Size         Type   Attr      Idx    E Section Name        Object

    0x20000000   0x08006bc4   0x00000014   Data   RW           28    .data               system_stm32f10x.o
    0x20000014   0x08006bd8   0x00000014   Data   RW          531    .data               stm32f10x_rcc.o
    0x20000028   0x08006bec   0x00000010   Data   RW          701    .data               main.o
    0x20000038   0x08006bfc   0x00000024   Data   RW         1026    .data               wifi.o
    0x2000005c   0x08006c20   0x00000004   Data   RW         1059    .data               mqtt.o
    0x20000060   0x08006c24   0x00000004   Data   RW         1230    .data               los_priqueue.o
    0x20000064   0x08006c28   0x0000001c   Data   RW         1278    .data               los_swtmr.o
    0x20000080   0x08006c44   0x00000048   Data   RW         1343    .data               los_task.o
    0x200000c8   0x08006c8c   0x00000010   Data   RW         1390    .data               los_tick.o
    0x200000d8   0x08006c9c   0x00000004   Data   RW         1393    .data               los_tick.o
    0x200000dc   0x08006ca0   0x0000000c   Data   RW         1518    .data               los_queue.o
    0x200000e8   0x08006cac   0x0000000c   Data   RW         1548    .data               los_sem.o
    0x200000f4   0x08006cb8   0x00000010   Data   RW         1581    .data               los_heap.o
    0x20000104   0x08006cc8   0x00000004   Data   RW         1659    .data               los_err.o
    0x20000108   0x08006ccc   0x00000004   Data   RW         1692    .data               los_init.o
    0x2000010c   0x08006cd0   0x00000004   Data   RW         1747    .data               los_memory.o
    0x20000110   0x08006cd4   0x00000004   Data   RW         1988    .data               mqttpacket.o
    0x20000114   0x08006cd8   0x00000004   Data   RW         2392    .data               mc_w.l(stdout.o)
    0x20000118        -       0x00000402   Zero   RW          933    .bss                bsp_esp8266.o
    0x2000051a        -       0x00000402   Zero   RW          934    .bss                bsp_esp8266.o
    0x2000091c        -       0x00000258   Zero   RW         1056    .bss                mqtt.o
    0x20000b74        -       0x00000040   Zero   RW         1277    .bss                los_swtmr.o
    0x20000bb4        -       0x00000156   Zero   RW         1341    .bss                los_task.o
    0x20000d0a   0x08006cdc   0x00000006   PAD
    0x20000d10        -       0x00000400   Zero   RW            1    STACK               startup_stm32f10x_hd.o


==============================================================================

Image component sizes


      Code (inc. data)   RO Data    RW Data    ZI Data      Debug   Object Name

       360          6          0          0          0       2756   bsp_dht11.o
      1892        508          0          0       2052       8818   bsp_esp8266.o
        96          8          0          0          0       1143   bsp_key.o
        96          4          0          0          0        530   bsp_led.o
       400         10          0          0          0       2662   bsp_usart.o
         0          0          0          0          0       8162   cmsis_liteos.o
       320          0          0          0          0       2411   common.o
         0          0          0          0          0       4500   core_cm3.o
       112         18          0          0          0        938   delay.o
       208         26          0          0          0        392   los_dispatch_keil.o
        44         10          0          4          0       2382   los_err.o
       768         80          0         16          0       4857   los_heap.o
       212         14          0          0          0       1789   los_hw.o
       308         20          0          0          0      24613   los_hw_tick.o
        14          0          0          0          0       2217   los_hwi.o
       324        132          0          4          0       1949   los_init.o
       228         42          0          0          0       2518   los_membox.o
       632         68          0          4          0       5927   los_memory.o
        60          0          0          0          0        927   los_misc.o
       188         10          0          4          0      11346   los_priqueue.o
      1796         80          0         12          0      12165   los_queue.o
       884        124          0         12          0       5588   los_sem.o
      1772         46          0         28         64       9719   los_swtmr.o
       232         20          0          0          0       2369   los_sys.o
      3980        396        336         72        342      23964   los_task.o
        40          4          0         20          0       1132   los_tick.o
      1092        542          0         16          0      11824   main.o
       184         12          0          0          0       1961   misc.o
       512        220        272          4        600       5231   mqtt.o
        80          8          0          0          0       1539   mqtt_transport.o
       592         18          0          0          0       3098   mqttconnectclient.o
       836          8          0          4          0       6380   mqttpacket.o
       292          0          0          0          0       2758   mqttserializepublish.o
       324          0          0          0          0       2591   mqttsubscribeclient.o
        36          8        304          0       1024        856   startup_stm32f10x_hd.o
       664         36          0          0          0       6245   stm32f10x_gpio.o
       144         24          0          0          0       1788   stm32f10x_it.o
       756         32          0         20          0       9376   stm32f10x_rcc.o
       924         20          0          0          0       9208   stm32f10x_usart.o
       372         34          0         20          0     229947   system_stm32f10x.o
       848        314         91         36          0       2282   wifi.o

    ----------------------------------------------------------------------
     22624       2902       1036        276       4088     440858   Object Totals
         0          0         32          0          0          0   (incl. Generated)
         2          0          1          0          6          0   (incl. Padding)

    ----------------------------------------------------------------------

      Code (inc. data)   RO Data    RW Data    ZI Data      Debug   Library Member Name

         0          0          0          0          0          0   entry.o
         0          0          0          0          0          0   entry10a.o
         0          0          0          0          0          0   entry11a.o
         8          4          0          0          0          0   entry2.o
         4          0          0          0          0          0   entry5.o
         0          0          0          0          0          0   entry7b.o
         0          0          0          0          0          0   entry8b.o
         8          4          0          0          0          0   entry9a.o
        30          0          0          0          0          0   handlers.o
        36          8          0          0          0         68   init.o
         0          0          0          0          0          0   iusefp.o
        30          0          0          0          0         68   llshl.o
        36          0          0          0          0         68   llsshr.o
        32          0          0          0          0         68   llushr.o
        36          0          0          0          0         68   memcpya.o
        36          0          0          0          0        108   memseta.o
      2308         96          0          0          0        604   printfa.o
         0          0          0          4          0          0   stdout.o
        14          0          0          0          0         68   strlen.o
        30          0          0          0          0         80   strncmp.o
        24          0          0          0          0         76   strncpy.o
        36          0          0          0          0         80   strstr.o
        44          0          0          0          0         80   uidiv.o
        98          0          0          0          0         92   uldiv.o
        48          0          0          0          0         68   cdrcmple.o
       334          0          0          0          0        148   dadd.o
       222          0          0          0          0        100   ddiv.o
       186          0          0          0          0        176   depilogue.o
        48          0          0          0          0         68   dfixul.o
        26          0          0          0          0         76   dfltui.o
        24          0          0          0          0         76   dfltul.o
       228          0          0          0          0         96   dmul.o

    ----------------------------------------------------------------------
      3928        112          0          4          0       2336   Library Totals
         2          0          0          0          0          0   (incl. Padding)

    ----------------------------------------------------------------------

      Code (inc. data)   RO Data    RW Data    ZI Data      Debug   Library Name

      2810        112          0          4          0       1528   mc_w.l
      1116          0          0          0          0        808   mf_w.l

    ----------------------------------------------------------------------
      3928        112          0          4          0       2336   Library Totals

    ----------------------------------------------------------------------

==============================================================================


      Code (inc. data)   RO Data    RW Data    ZI Data      Debug   

     26552       3014       1036        280       4088     438978   Grand Totals
     26552       3014       1036        280       4088     438978   ELF Image Totals
     26552       3014       1036        280          0          0   ROM Totals

==============================================================================

    Total RO  Size (Code + RO Data)                27588 (  26.94kB)
    Total RW  Size (RW Data + ZI Data)              4368 (   4.27kB)
    Total ROM Size (Code + RO Data + RW Data)      27868 (  27.21kB)

==============================================================================

