<!doctype html public "-//w3c//dtd html 4.0 transitional//en">
<html><head>
<title>Static Call Graph - [..\..\Output\Fire_LiteOS.axf]</title></head>
<body><HR>
<H1>Static Call Graph for image ..\..\Output\Fire_LiteOS.axf</H1><HR>
<BR><P>#&#060CALLGRAPH&#062# ARM Linker, 5060750: Last Updated: Wed Mar 03 16:15:20 2021
<BR><P>
<H3>Maximum Stack Usage =        212 bytes + Unknown(Functions without stacksize, Cycles, Untraceable Function Pointers)</H3><H3>
Call chain for Maximum Stack Depth:</H3>
main &rArr; LOS_KernelInit &rArr; osSwTmrInit &rArr; osSwTmrTaskCreate &rArr; LOS_TaskCreate &rArr; LOS_TaskCreateOnly &rArr; LOS_MemAllocAlign &rArr; osHeapAlloc &rArr; osAlarmHeapInfo &rArr; osHeapStatisticsGet
<P>
<H3>
Functions with no stack information
</H3><UL>
 <LI><a href="#[ef]">LOS_StartToRun</a>
 <LI><a href="#[8e]">LOS_IntLock</a>
 <LI><a href="#[160]">LOS_IntUnLock</a>
 <LI><a href="#[8f]">LOS_IntRestore</a>
 <LI><a href="#[fb]">osTaskSchedule</a>
 <LI><a href="#[101]">osPendSV</a>
</UL>
</UL>
<P>
<H3>
Mutually Recursive functions
</H3> <LI><a href="#[1]">NMI_Handler</a>&nbsp;&nbsp;&nbsp;&rArr;&nbsp;&nbsp;&nbsp;<a href="#[1]">NMI_Handler</a><BR>
 <LI><a href="#[2]">HardFault_Handler</a>&nbsp;&nbsp;&nbsp;&rArr;&nbsp;&nbsp;&nbsp;<a href="#[2]">HardFault_Handler</a><BR>
 <LI><a href="#[3]">MemManage_Handler</a>&nbsp;&nbsp;&nbsp;&rArr;&nbsp;&nbsp;&nbsp;<a href="#[3]">MemManage_Handler</a><BR>
 <LI><a href="#[4]">BusFault_Handler</a>&nbsp;&nbsp;&nbsp;&rArr;&nbsp;&nbsp;&nbsp;<a href="#[4]">BusFault_Handler</a><BR>
 <LI><a href="#[5]">UsageFault_Handler</a>&nbsp;&nbsp;&nbsp;&rArr;&nbsp;&nbsp;&nbsp;<a href="#[5]">UsageFault_Handler</a><BR>
 <LI><a href="#[6]">SVC_Handler</a>&nbsp;&nbsp;&nbsp;&rArr;&nbsp;&nbsp;&nbsp;<a href="#[6]">SVC_Handler</a><BR>
 <LI><a href="#[7]">DebugMon_Handler</a>&nbsp;&nbsp;&nbsp;&rArr;&nbsp;&nbsp;&nbsp;<a href="#[7]">DebugMon_Handler</a><BR>
 <LI><a href="#[1c]">ADC1_2_IRQHandler</a>&nbsp;&nbsp;&nbsp;&rArr;&nbsp;&nbsp;&nbsp;<a href="#[1c]">ADC1_2_IRQHandler</a><BR>
 <LI><a href="#[4b]">osIdleTask</a>&nbsp;&nbsp;&nbsp;&rArr;&nbsp;&nbsp;&nbsp;<a href="#[4b]">osIdleTask</a><BR>
</UL>
<P>
<H3>
Function Pointers
</H3><UL>
 <LI><a href="#[1c]">ADC1_2_IRQHandler</a> from startup_stm32f10x_hd.o(.text) referenced from startup_stm32f10x_hd.o(RESET)
 <LI><a href="#[39]">ADC3_IRQHandler</a> from startup_stm32f10x_hd.o(.text) referenced from startup_stm32f10x_hd.o(RESET)
 <LI><a href="#[4]">BusFault_Handler</a> from startup_stm32f10x_hd.o(.text) referenced from startup_stm32f10x_hd.o(RESET)
 <LI><a href="#[1f]">CAN1_RX1_IRQHandler</a> from startup_stm32f10x_hd.o(.text) referenced from startup_stm32f10x_hd.o(RESET)
 <LI><a href="#[20]">CAN1_SCE_IRQHandler</a> from startup_stm32f10x_hd.o(.text) referenced from startup_stm32f10x_hd.o(RESET)
 <LI><a href="#[15]">DMA1_Channel1_IRQHandler</a> from startup_stm32f10x_hd.o(.text) referenced from startup_stm32f10x_hd.o(RESET)
 <LI><a href="#[16]">DMA1_Channel2_IRQHandler</a> from startup_stm32f10x_hd.o(.text) referenced from startup_stm32f10x_hd.o(RESET)
 <LI><a href="#[17]">DMA1_Channel3_IRQHandler</a> from startup_stm32f10x_hd.o(.text) referenced from startup_stm32f10x_hd.o(RESET)
 <LI><a href="#[18]">DMA1_Channel4_IRQHandler</a> from startup_stm32f10x_hd.o(.text) referenced from startup_stm32f10x_hd.o(RESET)
 <LI><a href="#[19]">DMA1_Channel5_IRQHandler</a> from startup_stm32f10x_hd.o(.text) referenced from startup_stm32f10x_hd.o(RESET)
 <LI><a href="#[1a]">DMA1_Channel6_IRQHandler</a> from startup_stm32f10x_hd.o(.text) referenced from startup_stm32f10x_hd.o(RESET)
 <LI><a href="#[1b]">DMA1_Channel7_IRQHandler</a> from startup_stm32f10x_hd.o(.text) referenced from startup_stm32f10x_hd.o(RESET)
 <LI><a href="#[42]">DMA2_Channel1_IRQHandler</a> from startup_stm32f10x_hd.o(.text) referenced from startup_stm32f10x_hd.o(RESET)
 <LI><a href="#[43]">DMA2_Channel2_IRQHandler</a> from startup_stm32f10x_hd.o(.text) referenced from startup_stm32f10x_hd.o(RESET)
 <LI><a href="#[44]">DMA2_Channel3_IRQHandler</a> from startup_stm32f10x_hd.o(.text) referenced from startup_stm32f10x_hd.o(RESET)
 <LI><a href="#[45]">DMA2_Channel4_5_IRQHandler</a> from startup_stm32f10x_hd.o(.text) referenced from startup_stm32f10x_hd.o(RESET)
 <LI><a href="#[7]">DebugMon_Handler</a> from startup_stm32f10x_hd.o(.text) referenced from startup_stm32f10x_hd.o(RESET)
 <LI><a href="#[10]">EXTI0_IRQHandler</a> from startup_stm32f10x_hd.o(.text) referenced from startup_stm32f10x_hd.o(RESET)
 <LI><a href="#[32]">EXTI15_10_IRQHandler</a> from startup_stm32f10x_hd.o(.text) referenced from startup_stm32f10x_hd.o(RESET)
 <LI><a href="#[11]">EXTI1_IRQHandler</a> from startup_stm32f10x_hd.o(.text) referenced from startup_stm32f10x_hd.o(RESET)
 <LI><a href="#[12]">EXTI2_IRQHandler</a> from startup_stm32f10x_hd.o(.text) referenced from startup_stm32f10x_hd.o(RESET)
 <LI><a href="#[13]">EXTI3_IRQHandler</a> from startup_stm32f10x_hd.o(.text) referenced from startup_stm32f10x_hd.o(RESET)
 <LI><a href="#[14]">EXTI4_IRQHandler</a> from startup_stm32f10x_hd.o(.text) referenced from startup_stm32f10x_hd.o(RESET)
 <LI><a href="#[21]">EXTI9_5_IRQHandler</a> from startup_stm32f10x_hd.o(.text) referenced from startup_stm32f10x_hd.o(RESET)
 <LI><a href="#[e]">FLASH_IRQHandler</a> from startup_stm32f10x_hd.o(.text) referenced from startup_stm32f10x_hd.o(RESET)
 <LI><a href="#[3a]">FSMC_IRQHandler</a> from startup_stm32f10x_hd.o(.text) referenced from startup_stm32f10x_hd.o(RESET)
 <LI><a href="#[2]">HardFault_Handler</a> from startup_stm32f10x_hd.o(.text) referenced from startup_stm32f10x_hd.o(RESET)
 <LI><a href="#[2a]">I2C1_ER_IRQHandler</a> from startup_stm32f10x_hd.o(.text) referenced from startup_stm32f10x_hd.o(RESET)
 <LI><a href="#[29]">I2C1_EV_IRQHandler</a> from startup_stm32f10x_hd.o(.text) referenced from startup_stm32f10x_hd.o(RESET)
 <LI><a href="#[2c]">I2C2_ER_IRQHandler</a> from startup_stm32f10x_hd.o(.text) referenced from startup_stm32f10x_hd.o(RESET)
 <LI><a href="#[2b]">I2C2_EV_IRQHandler</a> from startup_stm32f10x_hd.o(.text) referenced from startup_stm32f10x_hd.o(RESET)
 <LI><a href="#[49]">Key_Task</a> from main.o(.text) referenced from main.o(.text)
 <LI><a href="#[4a]">LED_Task</a> from main.o(.text) referenced from main.o(.text)
 <LI><a href="#[3]">MemManage_Handler</a> from startup_stm32f10x_hd.o(.text) referenced from startup_stm32f10x_hd.o(RESET)
 <LI><a href="#[1]">NMI_Handler</a> from startup_stm32f10x_hd.o(.text) referenced from startup_stm32f10x_hd.o(RESET)
 <LI><a href="#[b]">PVD_IRQHandler</a> from startup_stm32f10x_hd.o(.text) referenced from startup_stm32f10x_hd.o(RESET)
 <LI><a href="#[8]">PendSV_Handler</a> from los_hwi.o(.text) referenced from startup_stm32f10x_hd.o(RESET)
 <LI><a href="#[f]">RCC_IRQHandler</a> from startup_stm32f10x_hd.o(.text) referenced from startup_stm32f10x_hd.o(RESET)
 <LI><a href="#[33]">RTCAlarm_IRQHandler</a> from startup_stm32f10x_hd.o(.text) referenced from startup_stm32f10x_hd.o(RESET)
 <LI><a href="#[d]">RTC_IRQHandler</a> from startup_stm32f10x_hd.o(.text) referenced from startup_stm32f10x_hd.o(RESET)
 <LI><a href="#[0]">Reset_Handler</a> from startup_stm32f10x_hd.o(.text) referenced from startup_stm32f10x_hd.o(RESET)
 <LI><a href="#[3b]">SDIO_IRQHandler</a> from startup_stm32f10x_hd.o(.text) referenced from startup_stm32f10x_hd.o(RESET)
 <LI><a href="#[2d]">SPI1_IRQHandler</a> from startup_stm32f10x_hd.o(.text) referenced from startup_stm32f10x_hd.o(RESET)
 <LI><a href="#[2e]">SPI2_IRQHandler</a> from startup_stm32f10x_hd.o(.text) referenced from startup_stm32f10x_hd.o(RESET)
 <LI><a href="#[3d]">SPI3_IRQHandler</a> from startup_stm32f10x_hd.o(.text) referenced from startup_stm32f10x_hd.o(RESET)
 <LI><a href="#[6]">SVC_Handler</a> from startup_stm32f10x_hd.o(.text) referenced from startup_stm32f10x_hd.o(RESET)
 <LI><a href="#[9]">SysTick_Handler</a> from los_hwi.o(.text) referenced from startup_stm32f10x_hd.o(RESET)
 <LI><a href="#[47]">SystemInit</a> from system_stm32f10x.o(.text) referenced from startup_stm32f10x_hd.o(.text)
 <LI><a href="#[c]">TAMPER_IRQHandler</a> from startup_stm32f10x_hd.o(.text) referenced from startup_stm32f10x_hd.o(RESET)
 <LI><a href="#[22]">TIM1_BRK_IRQHandler</a> from startup_stm32f10x_hd.o(.text) referenced from startup_stm32f10x_hd.o(RESET)
 <LI><a href="#[25]">TIM1_CC_IRQHandler</a> from startup_stm32f10x_hd.o(.text) referenced from startup_stm32f10x_hd.o(RESET)
 <LI><a href="#[24]">TIM1_TRG_COM_IRQHandler</a> from startup_stm32f10x_hd.o(.text) referenced from startup_stm32f10x_hd.o(RESET)
 <LI><a href="#[23]">TIM1_UP_IRQHandler</a> from startup_stm32f10x_hd.o(.text) referenced from startup_stm32f10x_hd.o(RESET)
 <LI><a href="#[26]">TIM2_IRQHandler</a> from startup_stm32f10x_hd.o(.text) referenced from startup_stm32f10x_hd.o(RESET)
 <LI><a href="#[27]">TIM3_IRQHandler</a> from startup_stm32f10x_hd.o(.text) referenced from startup_stm32f10x_hd.o(RESET)
 <LI><a href="#[28]">TIM4_IRQHandler</a> from startup_stm32f10x_hd.o(.text) referenced from startup_stm32f10x_hd.o(RESET)
 <LI><a href="#[3c]">TIM5_IRQHandler</a> from startup_stm32f10x_hd.o(.text) referenced from startup_stm32f10x_hd.o(RESET)
 <LI><a href="#[40]">TIM6_IRQHandler</a> from startup_stm32f10x_hd.o(.text) referenced from startup_stm32f10x_hd.o(RESET)
 <LI><a href="#[41]">TIM7_IRQHandler</a> from startup_stm32f10x_hd.o(.text) referenced from startup_stm32f10x_hd.o(RESET)
 <LI><a href="#[35]">TIM8_BRK_IRQHandler</a> from startup_stm32f10x_hd.o(.text) referenced from startup_stm32f10x_hd.o(RESET)
 <LI><a href="#[38]">TIM8_CC_IRQHandler</a> from startup_stm32f10x_hd.o(.text) referenced from startup_stm32f10x_hd.o(RESET)
 <LI><a href="#[37]">TIM8_TRG_COM_IRQHandler</a> from startup_stm32f10x_hd.o(.text) referenced from startup_stm32f10x_hd.o(RESET)
 <LI><a href="#[36]">TIM8_UP_IRQHandler</a> from startup_stm32f10x_hd.o(.text) referenced from startup_stm32f10x_hd.o(RESET)
 <LI><a href="#[3e]">UART4_IRQHandler</a> from startup_stm32f10x_hd.o(.text) referenced from startup_stm32f10x_hd.o(RESET)
 <LI><a href="#[3f]">UART5_IRQHandler</a> from startup_stm32f10x_hd.o(.text) referenced from startup_stm32f10x_hd.o(RESET)
 <LI><a href="#[2f]">USART1_IRQHandler</a> from startup_stm32f10x_hd.o(.text) referenced from startup_stm32f10x_hd.o(RESET)
 <LI><a href="#[30]">USART2_IRQHandler</a> from startup_stm32f10x_hd.o(.text) referenced from startup_stm32f10x_hd.o(RESET)
 <LI><a href="#[31]">USART3_IRQHandler</a> from startup_stm32f10x_hd.o(.text) referenced from startup_stm32f10x_hd.o(RESET)
 <LI><a href="#[34]">USBWakeUp_IRQHandler</a> from startup_stm32f10x_hd.o(.text) referenced from startup_stm32f10x_hd.o(RESET)
 <LI><a href="#[1d]">USB_HP_CAN1_TX_IRQHandler</a> from startup_stm32f10x_hd.o(.text) referenced from startup_stm32f10x_hd.o(RESET)
 <LI><a href="#[1e]">USB_LP_CAN1_RX0_IRQHandler</a> from startup_stm32f10x_hd.o(.text) referenced from startup_stm32f10x_hd.o(RESET)
 <LI><a href="#[5]">UsageFault_Handler</a> from startup_stm32f10x_hd.o(.text) referenced from startup_stm32f10x_hd.o(RESET)
 <LI><a href="#[a]">WWDG_IRQHandler</a> from startup_stm32f10x_hd.o(.text) referenced from startup_stm32f10x_hd.o(RESET)
 <LI><a href="#[48]">__main</a> from entry.o(.ARM.Collect$$$$00000000) referenced from startup_stm32f10x_hd.o(.text)
 <LI><a href="#[4d]">fputc</a> from bsp_usart.o(.text) referenced from printf8.o(i.__0printf$8)
 <LI><a href="#[46]">main</a> from main.o(.text) referenced from entry9a.o(.ARM.Collect$$$$0000000B)
 <LI><a href="#[4b]">osIdleTask</a> from los_task.o(.text) referenced from los_task.o(.text)
 <LI><a href="#[7f]">osSwTmrTask</a> from los_swtmr.o(.text) referenced from los_swtmr.o(.text)
 <LI><a href="#[4c]">osTaskEntry</a> from los_task.o(.text) referenced from los_hw.o(.text)
 <LI><a href="#[fd]">osTaskExit</a> from los_hw.o(.text) referenced from los_hw.o(.text)
 <LI><a href="#[b6]">osTaskSwitchCheck</a> from los_task.o(.text) referenced from los_task.o(.text)
</UL>
<P>
<H3>
Global Symbols
</H3>
<P><STRONG><a name="[48]"></a>__main</STRONG> (Thumb, 0 bytes, Stack size unknown bytes, entry.o(.ARM.Collect$$$$00000000))
<BR>[Address Reference Count : 1]<UL><LI> startup_stm32f10x_hd.o(.text)
</UL>
<P><STRONG><a name="[10c]"></a>_main_stk</STRONG> (Thumb, 0 bytes, Stack size unknown bytes, entry2.o(.ARM.Collect$$$$00000001))

<P><STRONG><a name="[4e]"></a>_main_scatterload</STRONG> (Thumb, 0 bytes, Stack size unknown bytes, entry5.o(.ARM.Collect$$$$00000004))
<BR><BR>[Calls]<UL><LI><a href="#[4f]">&gt;&gt;</a>&nbsp;&nbsp;&nbsp;__scatterload
</UL>

<P><STRONG><a name="[107]"></a>__main_after_scatterload</STRONG> (Thumb, 0 bytes, Stack size unknown bytes, entry5.o(.ARM.Collect$$$$00000004))
<BR><BR>[Called By]<UL><LI><a href="#[4f]">&gt;&gt;</a>&nbsp;&nbsp;&nbsp;__scatterload
</UL>

<P><STRONG><a name="[10d]"></a>_main_clock</STRONG> (Thumb, 0 bytes, Stack size unknown bytes, entry7b.o(.ARM.Collect$$$$00000008))

<P><STRONG><a name="[10e]"></a>_main_cpp_init</STRONG> (Thumb, 0 bytes, Stack size unknown bytes, entry8b.o(.ARM.Collect$$$$0000000A))

<P><STRONG><a name="[10f]"></a>_main_init</STRONG> (Thumb, 0 bytes, Stack size unknown bytes, entry9a.o(.ARM.Collect$$$$0000000B))

<P><STRONG><a name="[110]"></a>__rt_final_cpp</STRONG> (Thumb, 0 bytes, Stack size unknown bytes, entry10a.o(.ARM.Collect$$$$0000000D))

<P><STRONG><a name="[111]"></a>__rt_final_exit</STRONG> (Thumb, 0 bytes, Stack size unknown bytes, entry11a.o(.ARM.Collect$$$$0000000F))

<P><STRONG><a name="[0]"></a>Reset_Handler</STRONG> (Thumb, 8 bytes, Stack size 0 bytes, startup_stm32f10x_hd.o(.text))
<BR>[Address Reference Count : 1]<UL><LI> startup_stm32f10x_hd.o(RESET)
</UL>
<P><STRONG><a name="[1]"></a>NMI_Handler</STRONG> (Thumb, 2 bytes, Stack size 0 bytes, startup_stm32f10x_hd.o(.text))
<BR><BR>[Calls]<UL><LI><a href="#[1]">&gt;&gt;</a>&nbsp;&nbsp;&nbsp;NMI_Handler
</UL>
<BR>[Called By]<UL><LI><a href="#[1]">&gt;&gt;</a>&nbsp;&nbsp;&nbsp;NMI_Handler
</UL>
<BR>[Address Reference Count : 1]<UL><LI> startup_stm32f10x_hd.o(RESET)
</UL>
<P><STRONG><a name="[2]"></a>HardFault_Handler</STRONG> (Thumb, 2 bytes, Stack size 0 bytes, startup_stm32f10x_hd.o(.text))
<BR><BR>[Calls]<UL><LI><a href="#[2]">&gt;&gt;</a>&nbsp;&nbsp;&nbsp;HardFault_Handler
</UL>
<BR>[Called By]<UL><LI><a href="#[2]">&gt;&gt;</a>&nbsp;&nbsp;&nbsp;HardFault_Handler
</UL>
<BR>[Address Reference Count : 1]<UL><LI> startup_stm32f10x_hd.o(RESET)
</UL>
<P><STRONG><a name="[3]"></a>MemManage_Handler</STRONG> (Thumb, 2 bytes, Stack size 0 bytes, startup_stm32f10x_hd.o(.text))
<BR><BR>[Calls]<UL><LI><a href="#[3]">&gt;&gt;</a>&nbsp;&nbsp;&nbsp;MemManage_Handler
</UL>
<BR>[Called By]<UL><LI><a href="#[3]">&gt;&gt;</a>&nbsp;&nbsp;&nbsp;MemManage_Handler
</UL>
<BR>[Address Reference Count : 1]<UL><LI> startup_stm32f10x_hd.o(RESET)
</UL>
<P><STRONG><a name="[4]"></a>BusFault_Handler</STRONG> (Thumb, 2 bytes, Stack size 0 bytes, startup_stm32f10x_hd.o(.text))
<BR><BR>[Calls]<UL><LI><a href="#[4]">&gt;&gt;</a>&nbsp;&nbsp;&nbsp;BusFault_Handler
</UL>
<BR>[Called By]<UL><LI><a href="#[4]">&gt;&gt;</a>&nbsp;&nbsp;&nbsp;BusFault_Handler
</UL>
<BR>[Address Reference Count : 1]<UL><LI> startup_stm32f10x_hd.o(RESET)
</UL>
<P><STRONG><a name="[5]"></a>UsageFault_Handler</STRONG> (Thumb, 2 bytes, Stack size 0 bytes, startup_stm32f10x_hd.o(.text))
<BR><BR>[Calls]<UL><LI><a href="#[5]">&gt;&gt;</a>&nbsp;&nbsp;&nbsp;UsageFault_Handler
</UL>
<BR>[Called By]<UL><LI><a href="#[5]">&gt;&gt;</a>&nbsp;&nbsp;&nbsp;UsageFault_Handler
</UL>
<BR>[Address Reference Count : 1]<UL><LI> startup_stm32f10x_hd.o(RESET)
</UL>
<P><STRONG><a name="[6]"></a>SVC_Handler</STRONG> (Thumb, 2 bytes, Stack size 0 bytes, startup_stm32f10x_hd.o(.text))
<BR><BR>[Calls]<UL><LI><a href="#[6]">&gt;&gt;</a>&nbsp;&nbsp;&nbsp;SVC_Handler
</UL>
<BR>[Called By]<UL><LI><a href="#[6]">&gt;&gt;</a>&nbsp;&nbsp;&nbsp;SVC_Handler
</UL>
<BR>[Address Reference Count : 1]<UL><LI> startup_stm32f10x_hd.o(RESET)
</UL>
<P><STRONG><a name="[7]"></a>DebugMon_Handler</STRONG> (Thumb, 2 bytes, Stack size 0 bytes, startup_stm32f10x_hd.o(.text))
<BR><BR>[Calls]<UL><LI><a href="#[7]">&gt;&gt;</a>&nbsp;&nbsp;&nbsp;DebugMon_Handler
</UL>
<BR>[Called By]<UL><LI><a href="#[7]">&gt;&gt;</a>&nbsp;&nbsp;&nbsp;DebugMon_Handler
</UL>
<BR>[Address Reference Count : 1]<UL><LI> startup_stm32f10x_hd.o(RESET)
</UL>
<P><STRONG><a name="[1c]"></a>ADC1_2_IRQHandler</STRONG> (Thumb, 0 bytes, Stack size 0 bytes, startup_stm32f10x_hd.o(.text))
<BR><BR>[Calls]<UL><LI><a href="#[1c]">&gt;&gt;</a>&nbsp;&nbsp;&nbsp;ADC1_2_IRQHandler
</UL>
<BR>[Called By]<UL><LI><a href="#[1c]">&gt;&gt;</a>&nbsp;&nbsp;&nbsp;ADC1_2_IRQHandler
</UL>
<BR>[Address Reference Count : 1]<UL><LI> startup_stm32f10x_hd.o(RESET)
</UL>
<P><STRONG><a name="[39]"></a>ADC3_IRQHandler</STRONG> (Thumb, 0 bytes, Stack size 0 bytes, startup_stm32f10x_hd.o(.text))
<BR>[Address Reference Count : 1]<UL><LI> startup_stm32f10x_hd.o(RESET)
</UL>
<P><STRONG><a name="[1f]"></a>CAN1_RX1_IRQHandler</STRONG> (Thumb, 0 bytes, Stack size 0 bytes, startup_stm32f10x_hd.o(.text))
<BR>[Address Reference Count : 1]<UL><LI> startup_stm32f10x_hd.o(RESET)
</UL>
<P><STRONG><a name="[20]"></a>CAN1_SCE_IRQHandler</STRONG> (Thumb, 0 bytes, Stack size 0 bytes, startup_stm32f10x_hd.o(.text))
<BR>[Address Reference Count : 1]<UL><LI> startup_stm32f10x_hd.o(RESET)
</UL>
<P><STRONG><a name="[15]"></a>DMA1_Channel1_IRQHandler</STRONG> (Thumb, 0 bytes, Stack size 0 bytes, startup_stm32f10x_hd.o(.text))
<BR>[Address Reference Count : 1]<UL><LI> startup_stm32f10x_hd.o(RESET)
</UL>
<P><STRONG><a name="[16]"></a>DMA1_Channel2_IRQHandler</STRONG> (Thumb, 0 bytes, Stack size 0 bytes, startup_stm32f10x_hd.o(.text))
<BR>[Address Reference Count : 1]<UL><LI> startup_stm32f10x_hd.o(RESET)
</UL>
<P><STRONG><a name="[17]"></a>DMA1_Channel3_IRQHandler</STRONG> (Thumb, 0 bytes, Stack size 0 bytes, startup_stm32f10x_hd.o(.text))
<BR>[Address Reference Count : 1]<UL><LI> startup_stm32f10x_hd.o(RESET)
</UL>
<P><STRONG><a name="[18]"></a>DMA1_Channel4_IRQHandler</STRONG> (Thumb, 0 bytes, Stack size 0 bytes, startup_stm32f10x_hd.o(.text))
<BR>[Address Reference Count : 1]<UL><LI> startup_stm32f10x_hd.o(RESET)
</UL>
<P><STRONG><a name="[19]"></a>DMA1_Channel5_IRQHandler</STRONG> (Thumb, 0 bytes, Stack size 0 bytes, startup_stm32f10x_hd.o(.text))
<BR>[Address Reference Count : 1]<UL><LI> startup_stm32f10x_hd.o(RESET)
</UL>
<P><STRONG><a name="[1a]"></a>DMA1_Channel6_IRQHandler</STRONG> (Thumb, 0 bytes, Stack size 0 bytes, startup_stm32f10x_hd.o(.text))
<BR>[Address Reference Count : 1]<UL><LI> startup_stm32f10x_hd.o(RESET)
</UL>
<P><STRONG><a name="[1b]"></a>DMA1_Channel7_IRQHandler</STRONG> (Thumb, 0 bytes, Stack size 0 bytes, startup_stm32f10x_hd.o(.text))
<BR>[Address Reference Count : 1]<UL><LI> startup_stm32f10x_hd.o(RESET)
</UL>
<P><STRONG><a name="[42]"></a>DMA2_Channel1_IRQHandler</STRONG> (Thumb, 0 bytes, Stack size 0 bytes, startup_stm32f10x_hd.o(.text))
<BR>[Address Reference Count : 1]<UL><LI> startup_stm32f10x_hd.o(RESET)
</UL>
<P><STRONG><a name="[43]"></a>DMA2_Channel2_IRQHandler</STRONG> (Thumb, 0 bytes, Stack size 0 bytes, startup_stm32f10x_hd.o(.text))
<BR>[Address Reference Count : 1]<UL><LI> startup_stm32f10x_hd.o(RESET)
</UL>
<P><STRONG><a name="[44]"></a>DMA2_Channel3_IRQHandler</STRONG> (Thumb, 0 bytes, Stack size 0 bytes, startup_stm32f10x_hd.o(.text))
<BR>[Address Reference Count : 1]<UL><LI> startup_stm32f10x_hd.o(RESET)
</UL>
<P><STRONG><a name="[45]"></a>DMA2_Channel4_5_IRQHandler</STRONG> (Thumb, 0 bytes, Stack size 0 bytes, startup_stm32f10x_hd.o(.text))
<BR>[Address Reference Count : 1]<UL><LI> startup_stm32f10x_hd.o(RESET)
</UL>
<P><STRONG><a name="[10]"></a>EXTI0_IRQHandler</STRONG> (Thumb, 0 bytes, Stack size 0 bytes, startup_stm32f10x_hd.o(.text))
<BR>[Address Reference Count : 1]<UL><LI> startup_stm32f10x_hd.o(RESET)
</UL>
<P><STRONG><a name="[32]"></a>EXTI15_10_IRQHandler</STRONG> (Thumb, 0 bytes, Stack size 0 bytes, startup_stm32f10x_hd.o(.text))
<BR>[Address Reference Count : 1]<UL><LI> startup_stm32f10x_hd.o(RESET)
</UL>
<P><STRONG><a name="[11]"></a>EXTI1_IRQHandler</STRONG> (Thumb, 0 bytes, Stack size 0 bytes, startup_stm32f10x_hd.o(.text))
<BR>[Address Reference Count : 1]<UL><LI> startup_stm32f10x_hd.o(RESET)
</UL>
<P><STRONG><a name="[12]"></a>EXTI2_IRQHandler</STRONG> (Thumb, 0 bytes, Stack size 0 bytes, startup_stm32f10x_hd.o(.text))
<BR>[Address Reference Count : 1]<UL><LI> startup_stm32f10x_hd.o(RESET)
</UL>
<P><STRONG><a name="[13]"></a>EXTI3_IRQHandler</STRONG> (Thumb, 0 bytes, Stack size 0 bytes, startup_stm32f10x_hd.o(.text))
<BR>[Address Reference Count : 1]<UL><LI> startup_stm32f10x_hd.o(RESET)
</UL>
<P><STRONG><a name="[14]"></a>EXTI4_IRQHandler</STRONG> (Thumb, 0 bytes, Stack size 0 bytes, startup_stm32f10x_hd.o(.text))
<BR>[Address Reference Count : 1]<UL><LI> startup_stm32f10x_hd.o(RESET)
</UL>
<P><STRONG><a name="[21]"></a>EXTI9_5_IRQHandler</STRONG> (Thumb, 0 bytes, Stack size 0 bytes, startup_stm32f10x_hd.o(.text))
<BR>[Address Reference Count : 1]<UL><LI> startup_stm32f10x_hd.o(RESET)
</UL>
<P><STRONG><a name="[e]"></a>FLASH_IRQHandler</STRONG> (Thumb, 0 bytes, Stack size 0 bytes, startup_stm32f10x_hd.o(.text))
<BR>[Address Reference Count : 1]<UL><LI> startup_stm32f10x_hd.o(RESET)
</UL>
<P><STRONG><a name="[3a]"></a>FSMC_IRQHandler</STRONG> (Thumb, 0 bytes, Stack size 0 bytes, startup_stm32f10x_hd.o(.text))
<BR>[Address Reference Count : 1]<UL><LI> startup_stm32f10x_hd.o(RESET)
</UL>
<P><STRONG><a name="[2a]"></a>I2C1_ER_IRQHandler</STRONG> (Thumb, 0 bytes, Stack size 0 bytes, startup_stm32f10x_hd.o(.text))
<BR>[Address Reference Count : 1]<UL><LI> startup_stm32f10x_hd.o(RESET)
</UL>
<P><STRONG><a name="[29]"></a>I2C1_EV_IRQHandler</STRONG> (Thumb, 0 bytes, Stack size 0 bytes, startup_stm32f10x_hd.o(.text))
<BR>[Address Reference Count : 1]<UL><LI> startup_stm32f10x_hd.o(RESET)
</UL>
<P><STRONG><a name="[2c]"></a>I2C2_ER_IRQHandler</STRONG> (Thumb, 0 bytes, Stack size 0 bytes, startup_stm32f10x_hd.o(.text))
<BR>[Address Reference Count : 1]<UL><LI> startup_stm32f10x_hd.o(RESET)
</UL>
<P><STRONG><a name="[2b]"></a>I2C2_EV_IRQHandler</STRONG> (Thumb, 0 bytes, Stack size 0 bytes, startup_stm32f10x_hd.o(.text))
<BR>[Address Reference Count : 1]<UL><LI> startup_stm32f10x_hd.o(RESET)
</UL>
<P><STRONG><a name="[b]"></a>PVD_IRQHandler</STRONG> (Thumb, 0 bytes, Stack size 0 bytes, startup_stm32f10x_hd.o(.text))
<BR>[Address Reference Count : 1]<UL><LI> startup_stm32f10x_hd.o(RESET)
</UL>
<P><STRONG><a name="[f]"></a>RCC_IRQHandler</STRONG> (Thumb, 0 bytes, Stack size 0 bytes, startup_stm32f10x_hd.o(.text))
<BR>[Address Reference Count : 1]<UL><LI> startup_stm32f10x_hd.o(RESET)
</UL>
<P><STRONG><a name="[33]"></a>RTCAlarm_IRQHandler</STRONG> (Thumb, 0 bytes, Stack size 0 bytes, startup_stm32f10x_hd.o(.text))
<BR>[Address Reference Count : 1]<UL><LI> startup_stm32f10x_hd.o(RESET)
</UL>
<P><STRONG><a name="[d]"></a>RTC_IRQHandler</STRONG> (Thumb, 0 bytes, Stack size 0 bytes, startup_stm32f10x_hd.o(.text))
<BR>[Address Reference Count : 1]<UL><LI> startup_stm32f10x_hd.o(RESET)
</UL>
<P><STRONG><a name="[3b]"></a>SDIO_IRQHandler</STRONG> (Thumb, 0 bytes, Stack size 0 bytes, startup_stm32f10x_hd.o(.text))
<BR>[Address Reference Count : 1]<UL><LI> startup_stm32f10x_hd.o(RESET)
</UL>
<P><STRONG><a name="[2d]"></a>SPI1_IRQHandler</STRONG> (Thumb, 0 bytes, Stack size 0 bytes, startup_stm32f10x_hd.o(.text))
<BR>[Address Reference Count : 1]<UL><LI> startup_stm32f10x_hd.o(RESET)
</UL>
<P><STRONG><a name="[2e]"></a>SPI2_IRQHandler</STRONG> (Thumb, 0 bytes, Stack size 0 bytes, startup_stm32f10x_hd.o(.text))
<BR>[Address Reference Count : 1]<UL><LI> startup_stm32f10x_hd.o(RESET)
</UL>
<P><STRONG><a name="[3d]"></a>SPI3_IRQHandler</STRONG> (Thumb, 0 bytes, Stack size 0 bytes, startup_stm32f10x_hd.o(.text))
<BR>[Address Reference Count : 1]<UL><LI> startup_stm32f10x_hd.o(RESET)
</UL>
<P><STRONG><a name="[c]"></a>TAMPER_IRQHandler</STRONG> (Thumb, 0 bytes, Stack size 0 bytes, startup_stm32f10x_hd.o(.text))
<BR>[Address Reference Count : 1]<UL><LI> startup_stm32f10x_hd.o(RESET)
</UL>
<P><STRONG><a name="[22]"></a>TIM1_BRK_IRQHandler</STRONG> (Thumb, 0 bytes, Stack size 0 bytes, startup_stm32f10x_hd.o(.text))
<BR>[Address Reference Count : 1]<UL><LI> startup_stm32f10x_hd.o(RESET)
</UL>
<P><STRONG><a name="[25]"></a>TIM1_CC_IRQHandler</STRONG> (Thumb, 0 bytes, Stack size 0 bytes, startup_stm32f10x_hd.o(.text))
<BR>[Address Reference Count : 1]<UL><LI> startup_stm32f10x_hd.o(RESET)
</UL>
<P><STRONG><a name="[24]"></a>TIM1_TRG_COM_IRQHandler</STRONG> (Thumb, 0 bytes, Stack size 0 bytes, startup_stm32f10x_hd.o(.text))
<BR>[Address Reference Count : 1]<UL><LI> startup_stm32f10x_hd.o(RESET)
</UL>
<P><STRONG><a name="[23]"></a>TIM1_UP_IRQHandler</STRONG> (Thumb, 0 bytes, Stack size 0 bytes, startup_stm32f10x_hd.o(.text))
<BR>[Address Reference Count : 1]<UL><LI> startup_stm32f10x_hd.o(RESET)
</UL>
<P><STRONG><a name="[26]"></a>TIM2_IRQHandler</STRONG> (Thumb, 0 bytes, Stack size 0 bytes, startup_stm32f10x_hd.o(.text))
<BR>[Address Reference Count : 1]<UL><LI> startup_stm32f10x_hd.o(RESET)
</UL>
<P><STRONG><a name="[27]"></a>TIM3_IRQHandler</STRONG> (Thumb, 0 bytes, Stack size 0 bytes, startup_stm32f10x_hd.o(.text))
<BR>[Address Reference Count : 1]<UL><LI> startup_stm32f10x_hd.o(RESET)
</UL>
<P><STRONG><a name="[28]"></a>TIM4_IRQHandler</STRONG> (Thumb, 0 bytes, Stack size 0 bytes, startup_stm32f10x_hd.o(.text))
<BR>[Address Reference Count : 1]<UL><LI> startup_stm32f10x_hd.o(RESET)
</UL>
<P><STRONG><a name="[3c]"></a>TIM5_IRQHandler</STRONG> (Thumb, 0 bytes, Stack size 0 bytes, startup_stm32f10x_hd.o(.text))
<BR>[Address Reference Count : 1]<UL><LI> startup_stm32f10x_hd.o(RESET)
</UL>
<P><STRONG><a name="[40]"></a>TIM6_IRQHandler</STRONG> (Thumb, 0 bytes, Stack size 0 bytes, startup_stm32f10x_hd.o(.text))
<BR>[Address Reference Count : 1]<UL><LI> startup_stm32f10x_hd.o(RESET)
</UL>
<P><STRONG><a name="[41]"></a>TIM7_IRQHandler</STRONG> (Thumb, 0 bytes, Stack size 0 bytes, startup_stm32f10x_hd.o(.text))
<BR>[Address Reference Count : 1]<UL><LI> startup_stm32f10x_hd.o(RESET)
</UL>
<P><STRONG><a name="[35]"></a>TIM8_BRK_IRQHandler</STRONG> (Thumb, 0 bytes, Stack size 0 bytes, startup_stm32f10x_hd.o(.text))
<BR>[Address Reference Count : 1]<UL><LI> startup_stm32f10x_hd.o(RESET)
</UL>
<P><STRONG><a name="[38]"></a>TIM8_CC_IRQHandler</STRONG> (Thumb, 0 bytes, Stack size 0 bytes, startup_stm32f10x_hd.o(.text))
<BR>[Address Reference Count : 1]<UL><LI> startup_stm32f10x_hd.o(RESET)
</UL>
<P><STRONG><a name="[37]"></a>TIM8_TRG_COM_IRQHandler</STRONG> (Thumb, 0 bytes, Stack size 0 bytes, startup_stm32f10x_hd.o(.text))
<BR>[Address Reference Count : 1]<UL><LI> startup_stm32f10x_hd.o(RESET)
</UL>
<P><STRONG><a name="[36]"></a>TIM8_UP_IRQHandler</STRONG> (Thumb, 0 bytes, Stack size 0 bytes, startup_stm32f10x_hd.o(.text))
<BR>[Address Reference Count : 1]<UL><LI> startup_stm32f10x_hd.o(RESET)
</UL>
<P><STRONG><a name="[3e]"></a>UART4_IRQHandler</STRONG> (Thumb, 0 bytes, Stack size 0 bytes, startup_stm32f10x_hd.o(.text))
<BR>[Address Reference Count : 1]<UL><LI> startup_stm32f10x_hd.o(RESET)
</UL>
<P><STRONG><a name="[3f]"></a>UART5_IRQHandler</STRONG> (Thumb, 0 bytes, Stack size 0 bytes, startup_stm32f10x_hd.o(.text))
<BR>[Address Reference Count : 1]<UL><LI> startup_stm32f10x_hd.o(RESET)
</UL>
<P><STRONG><a name="[2f]"></a>USART1_IRQHandler</STRONG> (Thumb, 0 bytes, Stack size 0 bytes, startup_stm32f10x_hd.o(.text))
<BR>[Address Reference Count : 1]<UL><LI> startup_stm32f10x_hd.o(RESET)
</UL>
<P><STRONG><a name="[30]"></a>USART2_IRQHandler</STRONG> (Thumb, 0 bytes, Stack size 0 bytes, startup_stm32f10x_hd.o(.text))
<BR>[Address Reference Count : 1]<UL><LI> startup_stm32f10x_hd.o(RESET)
</UL>
<P><STRONG><a name="[31]"></a>USART3_IRQHandler</STRONG> (Thumb, 0 bytes, Stack size 0 bytes, startup_stm32f10x_hd.o(.text))
<BR>[Address Reference Count : 1]<UL><LI> startup_stm32f10x_hd.o(RESET)
</UL>
<P><STRONG><a name="[34]"></a>USBWakeUp_IRQHandler</STRONG> (Thumb, 0 bytes, Stack size 0 bytes, startup_stm32f10x_hd.o(.text))
<BR>[Address Reference Count : 1]<UL><LI> startup_stm32f10x_hd.o(RESET)
</UL>
<P><STRONG><a name="[1d]"></a>USB_HP_CAN1_TX_IRQHandler</STRONG> (Thumb, 0 bytes, Stack size 0 bytes, startup_stm32f10x_hd.o(.text))
<BR>[Address Reference Count : 1]<UL><LI> startup_stm32f10x_hd.o(RESET)
</UL>
<P><STRONG><a name="[1e]"></a>USB_LP_CAN1_RX0_IRQHandler</STRONG> (Thumb, 0 bytes, Stack size 0 bytes, startup_stm32f10x_hd.o(.text))
<BR>[Address Reference Count : 1]<UL><LI> startup_stm32f10x_hd.o(RESET)
</UL>
<P><STRONG><a name="[a]"></a>WWDG_IRQHandler</STRONG> (Thumb, 0 bytes, Stack size 0 bytes, startup_stm32f10x_hd.o(.text))
<BR>[Address Reference Count : 1]<UL><LI> startup_stm32f10x_hd.o(RESET)
</UL>
<P><STRONG><a name="[47]"></a>SystemInit</STRONG> (Thumb, 64 bytes, Stack size 8 bytes, system_stm32f10x.o(.text))
<BR><BR>[Stack]<UL><LI>Max Depth = 20<LI>Call Chain = SystemInit &rArr; SetSysClock &rArr; SetSysClockTo72
</UL>
<BR>[Calls]<UL><LI><a href="#[50]">&gt;&gt;</a>&nbsp;&nbsp;&nbsp;SetSysClock
</UL>
<BR>[Address Reference Count : 1]<UL><LI> startup_stm32f10x_hd.o(.text)
</UL>
<P><STRONG><a name="[112]"></a>SystemCoreClockUpdate</STRONG> (Thumb, 106 bytes, Stack size 8 bytes, system_stm32f10x.o(.text), UNUSED)

<P><STRONG><a name="[65]"></a>NVIC_PriorityGroupConfig</STRONG> (Thumb, 10 bytes, Stack size 0 bytes, misc.o(.text))
<BR><BR>[Called By]<UL><LI><a href="#[6f]">&gt;&gt;</a>&nbsp;&nbsp;&nbsp;NVIC_Configuration
<LI><a href="#[64]">&gt;&gt;</a>&nbsp;&nbsp;&nbsp;BSP_Init
</UL>

<P><STRONG><a name="[70]"></a>NVIC_Init</STRONG> (Thumb, 96 bytes, Stack size 16 bytes, misc.o(.text))
<BR><BR>[Stack]<UL><LI>Max Depth = 16<LI>Call Chain = NVIC_Init
</UL>
<BR>[Called By]<UL><LI><a href="#[6f]">&gt;&gt;</a>&nbsp;&nbsp;&nbsp;NVIC_Configuration
</UL>

<P><STRONG><a name="[113]"></a>NVIC_SetVectorTable</STRONG> (Thumb, 14 bytes, Stack size 0 bytes, misc.o(.text), UNUSED)

<P><STRONG><a name="[114]"></a>NVIC_SystemLPConfig</STRONG> (Thumb, 24 bytes, Stack size 0 bytes, misc.o(.text), UNUSED)

<P><STRONG><a name="[115]"></a>SysTick_CLKSourceConfig</STRONG> (Thumb, 28 bytes, Stack size 0 bytes, misc.o(.text), UNUSED)

<P><STRONG><a name="[52]"></a>GPIO_DeInit</STRONG> (Thumb, 188 bytes, Stack size 8 bytes, stm32f10x_gpio.o(.text), UNUSED)
<BR><BR>[Calls]<UL><LI><a href="#[53]">&gt;&gt;</a>&nbsp;&nbsp;&nbsp;RCC_APB2PeriphResetCmd
</UL>

<P><STRONG><a name="[54]"></a>GPIO_AFIODeInit</STRONG> (Thumb, 22 bytes, Stack size 8 bytes, stm32f10x_gpio.o(.text), UNUSED)
<BR><BR>[Calls]<UL><LI><a href="#[53]">&gt;&gt;</a>&nbsp;&nbsp;&nbsp;RCC_APB2PeriphResetCmd
</UL>

<P><STRONG><a name="[6c]"></a>GPIO_Init</STRONG> (Thumb, 166 bytes, Stack size 24 bytes, stm32f10x_gpio.o(.text))
<BR><BR>[Stack]<UL><LI>Max Depth = 24<LI>Call Chain = GPIO_Init
</UL>
<BR>[Called By]<UL><LI><a href="#[67]">&gt;&gt;</a>&nbsp;&nbsp;&nbsp;USART_Config
<LI><a href="#[66]">&gt;&gt;</a>&nbsp;&nbsp;&nbsp;LED_GPIO_Config
<LI><a href="#[68]">&gt;&gt;</a>&nbsp;&nbsp;&nbsp;Key_GPIO_Config
</UL>

<P><STRONG><a name="[116]"></a>GPIO_StructInit</STRONG> (Thumb, 16 bytes, Stack size 0 bytes, stm32f10x_gpio.o(.text), UNUSED)

<P><STRONG><a name="[6e]"></a>GPIO_ReadInputDataBit</STRONG> (Thumb, 14 bytes, Stack size 0 bytes, stm32f10x_gpio.o(.text))
<BR><BR>[Called By]<UL><LI><a href="#[5b]">&gt;&gt;</a>&nbsp;&nbsp;&nbsp;Key_Scan
</UL>

<P><STRONG><a name="[117]"></a>GPIO_ReadInputData</STRONG> (Thumb, 6 bytes, Stack size 0 bytes, stm32f10x_gpio.o(.text), UNUSED)

<P><STRONG><a name="[118]"></a>GPIO_ReadOutputDataBit</STRONG> (Thumb, 14 bytes, Stack size 0 bytes, stm32f10x_gpio.o(.text), UNUSED)

<P><STRONG><a name="[119]"></a>GPIO_ReadOutputData</STRONG> (Thumb, 6 bytes, Stack size 0 bytes, stm32f10x_gpio.o(.text), UNUSED)

<P><STRONG><a name="[6d]"></a>GPIO_SetBits</STRONG> (Thumb, 4 bytes, Stack size 0 bytes, stm32f10x_gpio.o(.text))
<BR><BR>[Called By]<UL><LI><a href="#[66]">&gt;&gt;</a>&nbsp;&nbsp;&nbsp;LED_GPIO_Config
</UL>

<P><STRONG><a name="[11a]"></a>GPIO_ResetBits</STRONG> (Thumb, 4 bytes, Stack size 0 bytes, stm32f10x_gpio.o(.text), UNUSED)

<P><STRONG><a name="[11b]"></a>GPIO_WriteBit</STRONG> (Thumb, 12 bytes, Stack size 0 bytes, stm32f10x_gpio.o(.text), UNUSED)

<P><STRONG><a name="[11c]"></a>GPIO_Write</STRONG> (Thumb, 4 bytes, Stack size 0 bytes, stm32f10x_gpio.o(.text), UNUSED)

<P><STRONG><a name="[11d]"></a>GPIO_PinLockConfig</STRONG> (Thumb, 16 bytes, Stack size 0 bytes, stm32f10x_gpio.o(.text), UNUSED)

<P><STRONG><a name="[11e]"></a>GPIO_EventOutputConfig</STRONG> (Thumb, 22 bytes, Stack size 8 bytes, stm32f10x_gpio.o(.text), UNUSED)

<P><STRONG><a name="[11f]"></a>GPIO_EventOutputCmd</STRONG> (Thumb, 6 bytes, Stack size 0 bytes, stm32f10x_gpio.o(.text), UNUSED)

<P><STRONG><a name="[120]"></a>GPIO_PinRemapConfig</STRONG> (Thumb, 86 bytes, Stack size 20 bytes, stm32f10x_gpio.o(.text), UNUSED)

<P><STRONG><a name="[121]"></a>GPIO_EXTILineConfig</STRONG> (Thumb, 34 bytes, Stack size 8 bytes, stm32f10x_gpio.o(.text), UNUSED)

<P><STRONG><a name="[122]"></a>GPIO_ETH_MediaInterfaceConfig</STRONG> (Thumb, 8 bytes, Stack size 0 bytes, stm32f10x_gpio.o(.text), UNUSED)

<P><STRONG><a name="[123]"></a>RCC_DeInit</STRONG> (Thumb, 50 bytes, Stack size 0 bytes, stm32f10x_rcc.o(.text), UNUSED)

<P><STRONG><a name="[124]"></a>RCC_HSEConfig</STRONG> (Thumb, 50 bytes, Stack size 0 bytes, stm32f10x_rcc.o(.text), UNUSED)

<P><STRONG><a name="[56]"></a>RCC_GetFlagStatus</STRONG> (Thumb, 42 bytes, Stack size 0 bytes, stm32f10x_rcc.o(.text), UNUSED)
<BR><BR>[Called By]<UL><LI><a href="#[55]">&gt;&gt;</a>&nbsp;&nbsp;&nbsp;RCC_WaitForHSEStartUp
</UL>

<P><STRONG><a name="[55]"></a>RCC_WaitForHSEStartUp</STRONG> (Thumb, 48 bytes, Stack size 12 bytes, stm32f10x_rcc.o(.text), UNUSED)
<BR><BR>[Calls]<UL><LI><a href="#[56]">&gt;&gt;</a>&nbsp;&nbsp;&nbsp;RCC_GetFlagStatus
</UL>

<P><STRONG><a name="[125]"></a>RCC_AdjustHSICalibrationValue</STRONG> (Thumb, 16 bytes, Stack size 0 bytes, stm32f10x_rcc.o(.text), UNUSED)

<P><STRONG><a name="[126]"></a>RCC_HSICmd</STRONG> (Thumb, 6 bytes, Stack size 0 bytes, stm32f10x_rcc.o(.text), UNUSED)

<P><STRONG><a name="[127]"></a>RCC_PLLConfig</STRONG> (Thumb, 16 bytes, Stack size 0 bytes, stm32f10x_rcc.o(.text), UNUSED)

<P><STRONG><a name="[128]"></a>RCC_PLLCmd</STRONG> (Thumb, 6 bytes, Stack size 0 bytes, stm32f10x_rcc.o(.text), UNUSED)

<P><STRONG><a name="[129]"></a>RCC_SYSCLKConfig</STRONG> (Thumb, 14 bytes, Stack size 0 bytes, stm32f10x_rcc.o(.text), UNUSED)

<P><STRONG><a name="[12a]"></a>RCC_GetSYSCLKSource</STRONG> (Thumb, 10 bytes, Stack size 0 bytes, stm32f10x_rcc.o(.text), UNUSED)

<P><STRONG><a name="[12b]"></a>RCC_HCLKConfig</STRONG> (Thumb, 14 bytes, Stack size 0 bytes, stm32f10x_rcc.o(.text), UNUSED)

<P><STRONG><a name="[12c]"></a>RCC_PCLK1Config</STRONG> (Thumb, 14 bytes, Stack size 0 bytes, stm32f10x_rcc.o(.text), UNUSED)

<P><STRONG><a name="[12d]"></a>RCC_PCLK2Config</STRONG> (Thumb, 16 bytes, Stack size 0 bytes, stm32f10x_rcc.o(.text), UNUSED)

<P><STRONG><a name="[12e]"></a>RCC_ITConfig</STRONG> (Thumb, 22 bytes, Stack size 0 bytes, stm32f10x_rcc.o(.text), UNUSED)

<P><STRONG><a name="[12f]"></a>RCC_USBCLKConfig</STRONG> (Thumb, 8 bytes, Stack size 0 bytes, stm32f10x_rcc.o(.text), UNUSED)

<P><STRONG><a name="[130]"></a>RCC_ADCCLKConfig</STRONG> (Thumb, 14 bytes, Stack size 0 bytes, stm32f10x_rcc.o(.text), UNUSED)

<P><STRONG><a name="[131]"></a>RCC_LSEConfig</STRONG> (Thumb, 36 bytes, Stack size 0 bytes, stm32f10x_rcc.o(.text), UNUSED)

<P><STRONG><a name="[132]"></a>RCC_LSICmd</STRONG> (Thumb, 6 bytes, Stack size 0 bytes, stm32f10x_rcc.o(.text), UNUSED)

<P><STRONG><a name="[133]"></a>RCC_RTCCLKConfig</STRONG> (Thumb, 10 bytes, Stack size 0 bytes, stm32f10x_rcc.o(.text), UNUSED)

<P><STRONG><a name="[134]"></a>RCC_RTCCLKCmd</STRONG> (Thumb, 8 bytes, Stack size 0 bytes, stm32f10x_rcc.o(.text), UNUSED)

<P><STRONG><a name="[5a]"></a>RCC_GetClocksFreq</STRONG> (Thumb, 154 bytes, Stack size 8 bytes, stm32f10x_rcc.o(.text))
<BR><BR>[Stack]<UL><LI>Max Depth = 8<LI>Call Chain = RCC_GetClocksFreq
</UL>
<BR>[Called By]<UL><LI><a href="#[59]">&gt;&gt;</a>&nbsp;&nbsp;&nbsp;USART_Init
</UL>

<P><STRONG><a name="[135]"></a>RCC_AHBPeriphClockCmd</STRONG> (Thumb, 22 bytes, Stack size 0 bytes, stm32f10x_rcc.o(.text), UNUSED)

<P><STRONG><a name="[6b]"></a>RCC_APB2PeriphClockCmd</STRONG> (Thumb, 22 bytes, Stack size 0 bytes, stm32f10x_rcc.o(.text))
<BR><BR>[Called By]<UL><LI><a href="#[67]">&gt;&gt;</a>&nbsp;&nbsp;&nbsp;USART_Config
<LI><a href="#[66]">&gt;&gt;</a>&nbsp;&nbsp;&nbsp;LED_GPIO_Config
<LI><a href="#[68]">&gt;&gt;</a>&nbsp;&nbsp;&nbsp;Key_GPIO_Config
</UL>

<P><STRONG><a name="[136]"></a>RCC_APB1PeriphClockCmd</STRONG> (Thumb, 22 bytes, Stack size 0 bytes, stm32f10x_rcc.o(.text), UNUSED)

<P><STRONG><a name="[53]"></a>RCC_APB2PeriphResetCmd</STRONG> (Thumb, 22 bytes, Stack size 0 bytes, stm32f10x_rcc.o(.text), UNUSED)
<BR><BR>[Called By]<UL><LI><a href="#[54]">&gt;&gt;</a>&nbsp;&nbsp;&nbsp;GPIO_AFIODeInit
<LI><a href="#[52]">&gt;&gt;</a>&nbsp;&nbsp;&nbsp;GPIO_DeInit
<LI><a href="#[57]">&gt;&gt;</a>&nbsp;&nbsp;&nbsp;USART_DeInit
</UL>

<P><STRONG><a name="[58]"></a>RCC_APB1PeriphResetCmd</STRONG> (Thumb, 22 bytes, Stack size 0 bytes, stm32f10x_rcc.o(.text), UNUSED)
<BR><BR>[Called By]<UL><LI><a href="#[57]">&gt;&gt;</a>&nbsp;&nbsp;&nbsp;USART_DeInit
</UL>

<P><STRONG><a name="[137]"></a>RCC_BackupResetCmd</STRONG> (Thumb, 8 bytes, Stack size 0 bytes, stm32f10x_rcc.o(.text), UNUSED)

<P><STRONG><a name="[138]"></a>RCC_ClockSecuritySystemCmd</STRONG> (Thumb, 6 bytes, Stack size 0 bytes, stm32f10x_rcc.o(.text), UNUSED)

<P><STRONG><a name="[139]"></a>RCC_MCOConfig</STRONG> (Thumb, 6 bytes, Stack size 0 bytes, stm32f10x_rcc.o(.text), UNUSED)

<P><STRONG><a name="[13a]"></a>RCC_ClearFlag</STRONG> (Thumb, 12 bytes, Stack size 0 bytes, stm32f10x_rcc.o(.text), UNUSED)

<P><STRONG><a name="[13b]"></a>RCC_GetITStatus</STRONG> (Thumb, 16 bytes, Stack size 0 bytes, stm32f10x_rcc.o(.text), UNUSED)

<P><STRONG><a name="[13c]"></a>RCC_ClearITPendingBit</STRONG> (Thumb, 6 bytes, Stack size 0 bytes, stm32f10x_rcc.o(.text), UNUSED)

<P><STRONG><a name="[57]"></a>USART_DeInit</STRONG> (Thumb, 144 bytes, Stack size 8 bytes, stm32f10x_usart.o(.text), UNUSED)
<BR><BR>[Calls]<UL><LI><a href="#[58]">&gt;&gt;</a>&nbsp;&nbsp;&nbsp;RCC_APB1PeriphResetCmd
<LI><a href="#[53]">&gt;&gt;</a>&nbsp;&nbsp;&nbsp;RCC_APB2PeriphResetCmd
</UL>

<P><STRONG><a name="[59]"></a>USART_Init</STRONG> (Thumb, 182 bytes, Stack size 32 bytes, stm32f10x_usart.o(.text))
<BR><BR>[Stack]<UL><LI>Max Depth = 40<LI>Call Chain = USART_Init &rArr; RCC_GetClocksFreq
</UL>
<BR>[Calls]<UL><LI><a href="#[5a]">&gt;&gt;</a>&nbsp;&nbsp;&nbsp;RCC_GetClocksFreq
</UL>
<BR>[Called By]<UL><LI><a href="#[67]">&gt;&gt;</a>&nbsp;&nbsp;&nbsp;USART_Config
</UL>

<P><STRONG><a name="[13d]"></a>USART_StructInit</STRONG> (Thumb, 22 bytes, Stack size 0 bytes, stm32f10x_usart.o(.text), UNUSED)

<P><STRONG><a name="[13e]"></a>USART_ClockInit</STRONG> (Thumb, 30 bytes, Stack size 8 bytes, stm32f10x_usart.o(.text), UNUSED)

<P><STRONG><a name="[13f]"></a>USART_ClockStructInit</STRONG> (Thumb, 12 bytes, Stack size 0 bytes, stm32f10x_usart.o(.text), UNUSED)

<P><STRONG><a name="[72]"></a>USART_Cmd</STRONG> (Thumb, 24 bytes, Stack size 0 bytes, stm32f10x_usart.o(.text))
<BR><BR>[Called By]<UL><LI><a href="#[67]">&gt;&gt;</a>&nbsp;&nbsp;&nbsp;USART_Config
</UL>

<P><STRONG><a name="[71]"></a>USART_ITConfig</STRONG> (Thumb, 54 bytes, Stack size 8 bytes, stm32f10x_usart.o(.text))
<BR><BR>[Stack]<UL><LI>Max Depth = 8<LI>Call Chain = USART_ITConfig
</UL>
<BR>[Called By]<UL><LI><a href="#[67]">&gt;&gt;</a>&nbsp;&nbsp;&nbsp;USART_Config
</UL>

<P><STRONG><a name="[140]"></a>USART_DMACmd</STRONG> (Thumb, 20 bytes, Stack size 0 bytes, stm32f10x_usart.o(.text), UNUSED)

<P><STRONG><a name="[141]"></a>USART_SetAddress</STRONG> (Thumb, 16 bytes, Stack size 0 bytes, stm32f10x_usart.o(.text), UNUSED)

<P><STRONG><a name="[142]"></a>USART_WakeUpConfig</STRONG> (Thumb, 16 bytes, Stack size 0 bytes, stm32f10x_usart.o(.text), UNUSED)

<P><STRONG><a name="[143]"></a>USART_ReceiverWakeUpCmd</STRONG> (Thumb, 24 bytes, Stack size 0 bytes, stm32f10x_usart.o(.text), UNUSED)

<P><STRONG><a name="[144]"></a>USART_LINBreakDetectLengthConfig</STRONG> (Thumb, 16 bytes, Stack size 0 bytes, stm32f10x_usart.o(.text), UNUSED)

<P><STRONG><a name="[145]"></a>USART_LINCmd</STRONG> (Thumb, 24 bytes, Stack size 0 bytes, stm32f10x_usart.o(.text), UNUSED)

<P><STRONG><a name="[74]"></a>USART_SendData</STRONG> (Thumb, 8 bytes, Stack size 0 bytes, stm32f10x_usart.o(.text))
<BR><BR>[Called By]<UL><LI><a href="#[4d]">&gt;&gt;</a>&nbsp;&nbsp;&nbsp;fputc
<LI><a href="#[78]">&gt;&gt;</a>&nbsp;&nbsp;&nbsp;Usart_SendHalfWord
<LI><a href="#[73]">&gt;&gt;</a>&nbsp;&nbsp;&nbsp;Usart_SendByte
</UL>

<P><STRONG><a name="[7a]"></a>USART_ReceiveData</STRONG> (Thumb, 8 bytes, Stack size 0 bytes, stm32f10x_usart.o(.text), UNUSED)
<BR><BR>[Called By]<UL><LI><a href="#[79]">&gt;&gt;</a>&nbsp;&nbsp;&nbsp;fgetc
</UL>

<P><STRONG><a name="[146]"></a>USART_SendBreak</STRONG> (Thumb, 10 bytes, Stack size 0 bytes, stm32f10x_usart.o(.text), UNUSED)

<P><STRONG><a name="[147]"></a>USART_SetGuardTime</STRONG> (Thumb, 16 bytes, Stack size 0 bytes, stm32f10x_usart.o(.text), UNUSED)

<P><STRONG><a name="[148]"></a>USART_SetPrescaler</STRONG> (Thumb, 16 bytes, Stack size 0 bytes, stm32f10x_usart.o(.text), UNUSED)

<P><STRONG><a name="[149]"></a>USART_SmartCardCmd</STRONG> (Thumb, 24 bytes, Stack size 0 bytes, stm32f10x_usart.o(.text), UNUSED)

<P><STRONG><a name="[14a]"></a>USART_SmartCardNACKCmd</STRONG> (Thumb, 24 bytes, Stack size 0 bytes, stm32f10x_usart.o(.text), UNUSED)

<P><STRONG><a name="[14b]"></a>USART_HalfDuplexCmd</STRONG> (Thumb, 24 bytes, Stack size 0 bytes, stm32f10x_usart.o(.text), UNUSED)

<P><STRONG><a name="[14c]"></a>USART_OverSampling8Cmd</STRONG> (Thumb, 24 bytes, Stack size 0 bytes, stm32f10x_usart.o(.text), UNUSED)

<P><STRONG><a name="[14d]"></a>USART_OneBitMethodCmd</STRONG> (Thumb, 24 bytes, Stack size 0 bytes, stm32f10x_usart.o(.text), UNUSED)

<P><STRONG><a name="[14e]"></a>USART_IrDAConfig</STRONG> (Thumb, 16 bytes, Stack size 0 bytes, stm32f10x_usart.o(.text), UNUSED)

<P><STRONG><a name="[14f]"></a>USART_IrDACmd</STRONG> (Thumb, 24 bytes, Stack size 0 bytes, stm32f10x_usart.o(.text), UNUSED)

<P><STRONG><a name="[75]"></a>USART_GetFlagStatus</STRONG> (Thumb, 14 bytes, Stack size 0 bytes, stm32f10x_usart.o(.text))
<BR><BR>[Called By]<UL><LI><a href="#[79]">&gt;&gt;</a>&nbsp;&nbsp;&nbsp;fgetc
<LI><a href="#[4d]">&gt;&gt;</a>&nbsp;&nbsp;&nbsp;fputc
<LI><a href="#[78]">&gt;&gt;</a>&nbsp;&nbsp;&nbsp;Usart_SendHalfWord
<LI><a href="#[77]">&gt;&gt;</a>&nbsp;&nbsp;&nbsp;Usart_SendString
<LI><a href="#[76]">&gt;&gt;</a>&nbsp;&nbsp;&nbsp;Usart_SendArray
<LI><a href="#[73]">&gt;&gt;</a>&nbsp;&nbsp;&nbsp;Usart_SendByte
</UL>

<P><STRONG><a name="[150]"></a>USART_ClearFlag</STRONG> (Thumb, 8 bytes, Stack size 0 bytes, stm32f10x_usart.o(.text), UNUSED)

<P><STRONG><a name="[151]"></a>USART_GetITStatus</STRONG> (Thumb, 64 bytes, Stack size 16 bytes, stm32f10x_usart.o(.text), UNUSED)

<P><STRONG><a name="[152]"></a>USART_ClearITPendingBit</STRONG> (Thumb, 16 bytes, Stack size 0 bytes, stm32f10x_usart.o(.text), UNUSED)

<P><STRONG><a name="[46]"></a>main</STRONG> (Thumb, 60 bytes, Stack size 8 bytes, main.o(.text))
<BR><BR>[Stack]<UL><LI>Max Depth = 212 + Unknown Stack Size
<LI>Call Chain = main &rArr; LOS_KernelInit &rArr; osSwTmrInit &rArr; osSwTmrTaskCreate &rArr; LOS_TaskCreate &rArr; LOS_TaskCreateOnly &rArr; LOS_MemAllocAlign &rArr; osHeapAlloc &rArr; osAlarmHeapInfo &rArr; osHeapStatisticsGet
</UL>
<BR>[Calls]<UL><LI><a href="#[6a]">&gt;&gt;</a>&nbsp;&nbsp;&nbsp;LOS_Start
<LI><a href="#[69]">&gt;&gt;</a>&nbsp;&nbsp;&nbsp;LOS_KernelInit
<LI><a href="#[64]">&gt;&gt;</a>&nbsp;&nbsp;&nbsp;BSP_Init
<LI><a href="#[63]">&gt;&gt;</a>&nbsp;&nbsp;&nbsp;AppTaskCreate
<LI><a href="#[5c]">&gt;&gt;</a>&nbsp;&nbsp;&nbsp;__2printf
</UL>
<BR>[Address Reference Count : 1]<UL><LI> entry9a.o(.ARM.Collect$$$$0000000B)
</UL>
<P><STRONG><a name="[66]"></a>LED_GPIO_Config</STRONG> (Thumb, 92 bytes, Stack size 16 bytes, bsp_led.o(.text))
<BR><BR>[Stack]<UL><LI>Max Depth = 40<LI>Call Chain = LED_GPIO_Config &rArr; GPIO_Init
</UL>
<BR>[Calls]<UL><LI><a href="#[6d]">&gt;&gt;</a>&nbsp;&nbsp;&nbsp;GPIO_SetBits
<LI><a href="#[6c]">&gt;&gt;</a>&nbsp;&nbsp;&nbsp;GPIO_Init
<LI><a href="#[6b]">&gt;&gt;</a>&nbsp;&nbsp;&nbsp;RCC_APB2PeriphClockCmd
</UL>
<BR>[Called By]<UL><LI><a href="#[64]">&gt;&gt;</a>&nbsp;&nbsp;&nbsp;BSP_Init
</UL>

<P><STRONG><a name="[68]"></a>Key_GPIO_Config</STRONG> (Thumb, 50 bytes, Stack size 16 bytes, bsp_key.o(.text))
<BR><BR>[Stack]<UL><LI>Max Depth = 40<LI>Call Chain = Key_GPIO_Config &rArr; GPIO_Init
</UL>
<BR>[Calls]<UL><LI><a href="#[6c]">&gt;&gt;</a>&nbsp;&nbsp;&nbsp;GPIO_Init
<LI><a href="#[6b]">&gt;&gt;</a>&nbsp;&nbsp;&nbsp;RCC_APB2PeriphClockCmd
</UL>
<BR>[Called By]<UL><LI><a href="#[64]">&gt;&gt;</a>&nbsp;&nbsp;&nbsp;BSP_Init
</UL>

<P><STRONG><a name="[5b]"></a>Key_Scan</STRONG> (Thumb, 38 bytes, Stack size 16 bytes, bsp_key.o(.text))
<BR><BR>[Stack]<UL><LI>Max Depth = 16<LI>Call Chain = Key_Scan
</UL>
<BR>[Calls]<UL><LI><a href="#[6e]">&gt;&gt;</a>&nbsp;&nbsp;&nbsp;GPIO_ReadInputDataBit
</UL>
<BR>[Called By]<UL><LI><a href="#[49]">&gt;&gt;</a>&nbsp;&nbsp;&nbsp;Key_Task
</UL>

<P><STRONG><a name="[67]"></a>USART_Config</STRONG> (Thumb, 138 bytes, Stack size 32 bytes, bsp_usart.o(.text))
<BR><BR>[Stack]<UL><LI>Max Depth = 72<LI>Call Chain = USART_Config &rArr; USART_Init &rArr; RCC_GetClocksFreq
</UL>
<BR>[Calls]<UL><LI><a href="#[6c]">&gt;&gt;</a>&nbsp;&nbsp;&nbsp;GPIO_Init
<LI><a href="#[6f]">&gt;&gt;</a>&nbsp;&nbsp;&nbsp;NVIC_Configuration
<LI><a href="#[71]">&gt;&gt;</a>&nbsp;&nbsp;&nbsp;USART_ITConfig
<LI><a href="#[72]">&gt;&gt;</a>&nbsp;&nbsp;&nbsp;USART_Cmd
<LI><a href="#[59]">&gt;&gt;</a>&nbsp;&nbsp;&nbsp;USART_Init
<LI><a href="#[6b]">&gt;&gt;</a>&nbsp;&nbsp;&nbsp;RCC_APB2PeriphClockCmd
</UL>
<BR>[Called By]<UL><LI><a href="#[64]">&gt;&gt;</a>&nbsp;&nbsp;&nbsp;BSP_Init
</UL>

<P><STRONG><a name="[73]"></a>Usart_SendByte</STRONG> (Thumb, 24 bytes, Stack size 8 bytes, bsp_usart.o(.text), UNUSED)
<BR><BR>[Calls]<UL><LI><a href="#[75]">&gt;&gt;</a>&nbsp;&nbsp;&nbsp;USART_GetFlagStatus
<LI><a href="#[74]">&gt;&gt;</a>&nbsp;&nbsp;&nbsp;USART_SendData
</UL>
<BR>[Called By]<UL><LI><a href="#[77]">&gt;&gt;</a>&nbsp;&nbsp;&nbsp;Usart_SendString
<LI><a href="#[76]">&gt;&gt;</a>&nbsp;&nbsp;&nbsp;Usart_SendArray
</UL>

<P><STRONG><a name="[76]"></a>Usart_SendArray</STRONG> (Thumb, 46 bytes, Stack size 24 bytes, bsp_usart.o(.text), UNUSED)
<BR><BR>[Calls]<UL><LI><a href="#[73]">&gt;&gt;</a>&nbsp;&nbsp;&nbsp;Usart_SendByte
<LI><a href="#[75]">&gt;&gt;</a>&nbsp;&nbsp;&nbsp;USART_GetFlagStatus
</UL>

<P><STRONG><a name="[77]"></a>Usart_SendString</STRONG> (Thumb, 38 bytes, Stack size 16 bytes, bsp_usart.o(.text), UNUSED)
<BR><BR>[Calls]<UL><LI><a href="#[73]">&gt;&gt;</a>&nbsp;&nbsp;&nbsp;Usart_SendByte
<LI><a href="#[75]">&gt;&gt;</a>&nbsp;&nbsp;&nbsp;USART_GetFlagStatus
</UL>

<P><STRONG><a name="[78]"></a>Usart_SendHalfWord</STRONG> (Thumb, 50 bytes, Stack size 16 bytes, bsp_usart.o(.text), UNUSED)
<BR><BR>[Calls]<UL><LI><a href="#[75]">&gt;&gt;</a>&nbsp;&nbsp;&nbsp;USART_GetFlagStatus
<LI><a href="#[74]">&gt;&gt;</a>&nbsp;&nbsp;&nbsp;USART_SendData
</UL>

<P><STRONG><a name="[4d]"></a>fputc</STRONG> (Thumb, 30 bytes, Stack size 16 bytes, bsp_usart.o(.text))
<BR><BR>[Stack]<UL><LI>Max Depth = 16<LI>Call Chain = fputc
</UL>
<BR>[Calls]<UL><LI><a href="#[75]">&gt;&gt;</a>&nbsp;&nbsp;&nbsp;USART_GetFlagStatus
<LI><a href="#[74]">&gt;&gt;</a>&nbsp;&nbsp;&nbsp;USART_SendData
</UL>
<BR>[Address Reference Count : 1]<UL><LI> printf8.o(i.__0printf$8)
</UL>
<P><STRONG><a name="[79]"></a>fgetc</STRONG> (Thumb, 26 bytes, Stack size 8 bytes, bsp_usart.o(.text), UNUSED)
<BR><BR>[Calls]<UL><LI><a href="#[75]">&gt;&gt;</a>&nbsp;&nbsp;&nbsp;USART_GetFlagStatus
<LI><a href="#[7a]">&gt;&gt;</a>&nbsp;&nbsp;&nbsp;USART_ReceiveData
</UL>

<P><STRONG><a name="[7b]"></a>osPriqueueInit</STRONG> (Thumb, 42 bytes, Stack size 8 bytes, los_priqueue.o(.text))
<BR><BR>[Stack]<UL><LI>Max Depth = 84 + Unknown Stack Size
<LI>Call Chain = osPriqueueInit &rArr; LOS_MemAlloc &rArr; osHeapAlloc &rArr; osAlarmHeapInfo &rArr; osHeapStatisticsGet
</UL>
<BR>[Calls]<UL><LI><a href="#[7c]">&gt;&gt;</a>&nbsp;&nbsp;&nbsp;LOS_MemAlloc
</UL>
<BR>[Called By]<UL><LI><a href="#[ab]">&gt;&gt;</a>&nbsp;&nbsp;&nbsp;osTaskInit
</UL>

<P><STRONG><a name="[a1]"></a>osPriqueueEnqueue</STRONG> (Thumb, 24 bytes, Stack size 0 bytes, los_priqueue.o(.text))
<BR><BR>[Called By]<UL><LI><a href="#[bb]">&gt;&gt;</a>&nbsp;&nbsp;&nbsp;LOS_TaskYield
<LI><a href="#[be]">&gt;&gt;</a>&nbsp;&nbsp;&nbsp;LOS_TaskPriSet
<LI><a href="#[5e]">&gt;&gt;</a>&nbsp;&nbsp;&nbsp;LOS_TaskResume
<LI><a href="#[61]">&gt;&gt;</a>&nbsp;&nbsp;&nbsp;LOS_TaskCreate
<LI><a href="#[c1]">&gt;&gt;</a>&nbsp;&nbsp;&nbsp;osTaskWake
<LI><a href="#[a6]">&gt;&gt;</a>&nbsp;&nbsp;&nbsp;osTaskScan
<LI><a href="#[9f]">&gt;&gt;</a>&nbsp;&nbsp;&nbsp;osTaskPriModify
</UL>

<P><STRONG><a name="[a0]"></a>osPriqueueDequeue</STRONG> (Thumb, 20 bytes, Stack size 0 bytes, los_priqueue.o(.text))
<BR><BR>[Called By]<UL><LI><a href="#[be]">&gt;&gt;</a>&nbsp;&nbsp;&nbsp;LOS_TaskPriSet
<LI><a href="#[ba]">&gt;&gt;</a>&nbsp;&nbsp;&nbsp;LOS_TaskDelete
<LI><a href="#[5d]">&gt;&gt;</a>&nbsp;&nbsp;&nbsp;LOS_TaskSuspend
<LI><a href="#[5f]">&gt;&gt;</a>&nbsp;&nbsp;&nbsp;LOS_TaskDelay
<LI><a href="#[c0]">&gt;&gt;</a>&nbsp;&nbsp;&nbsp;osTaskWait
<LI><a href="#[9f]">&gt;&gt;</a>&nbsp;&nbsp;&nbsp;osTaskPriModify
</UL>

<P><STRONG><a name="[b3]"></a>osPriqueueTop</STRONG> (Thumb, 42 bytes, Stack size 0 bytes, los_priqueue.o(.text))
<BR><BR>[Called By]<UL><LI><a href="#[ba]">&gt;&gt;</a>&nbsp;&nbsp;&nbsp;LOS_TaskDelete
<LI><a href="#[5e]">&gt;&gt;</a>&nbsp;&nbsp;&nbsp;LOS_TaskResume
<LI><a href="#[61]">&gt;&gt;</a>&nbsp;&nbsp;&nbsp;LOS_TaskCreate
<LI><a href="#[a7]">&gt;&gt;</a>&nbsp;&nbsp;&nbsp;LOS_Schedule
</UL>

<P><STRONG><a name="[7e]"></a>osPriqueueSize</STRONG> (Thumb, 26 bytes, Stack size 0 bytes, los_priqueue.o(.text))
<BR><BR>[Called By]<UL><LI><a href="#[bb]">&gt;&gt;</a>&nbsp;&nbsp;&nbsp;LOS_TaskYield
<LI><a href="#[7d]">&gt;&gt;</a>&nbsp;&nbsp;&nbsp;osPriqueueTotalSize
</UL>

<P><STRONG><a name="[7d]"></a>osPriqueueTotalSize</STRONG> (Thumb, 24 bytes, Stack size 8 bytes, los_priqueue.o(.text), UNUSED)
<BR><BR>[Calls]<UL><LI><a href="#[7e]">&gt;&gt;</a>&nbsp;&nbsp;&nbsp;osPriqueueSize
</UL>

<P><STRONG><a name="[7f]"></a>osSwTmrTask</STRONG> (Thumb, 56 bytes, Stack size 16 bytes, los_swtmr.o(.text))
<BR><BR>[Stack]<UL><LI>Max Depth = 144 + Unknown Stack Size
<LI>Call Chain = osSwTmrTask &rArr; LOS_QueueReadCopy &rArr; osQueueOperate &rArr; osQueueBufferOperate &rArr; __2printf
</UL>
<BR>[Calls]<UL><LI><a href="#[80]">&gt;&gt;</a>&nbsp;&nbsp;&nbsp;LOS_QueueReadCopy
<LI><a href="#[81]">&gt;&gt;</a>&nbsp;&nbsp;&nbsp;LOS_TickCountGet
</UL>
<BR>[Address Reference Count : 1]<UL><LI> los_swtmr.o(.text)
</UL>
<P><STRONG><a name="[82]"></a>osSwTmrTaskCreate</STRONG> (Thumb, 46 bytes, Stack size 32 bytes, los_swtmr.o(.text))
<BR><BR>[Stack]<UL><LI>Max Depth = 172 + Unknown Stack Size
<LI>Call Chain = osSwTmrTaskCreate &rArr; LOS_TaskCreate &rArr; LOS_TaskCreateOnly &rArr; LOS_MemAllocAlign &rArr; osHeapAlloc &rArr; osAlarmHeapInfo &rArr; osHeapStatisticsGet
</UL>
<BR>[Calls]<UL><LI><a href="#[61]">&gt;&gt;</a>&nbsp;&nbsp;&nbsp;LOS_TaskCreate
<LI><a href="#[83]">&gt;&gt;</a>&nbsp;&nbsp;&nbsp;__aeabi_memclr4
</UL>
<BR>[Called By]<UL><LI><a href="#[84]">&gt;&gt;</a>&nbsp;&nbsp;&nbsp;osSwTmrInit
</UL>

<P><STRONG><a name="[84]"></a>osSwTmrInit</STRONG> (Thumb, 118 bytes, Stack size 24 bytes, los_swtmr.o(.text))
<BR><BR>[Stack]<UL><LI>Max Depth = 196 + Unknown Stack Size
<LI>Call Chain = osSwTmrInit &rArr; osSwTmrTaskCreate &rArr; LOS_TaskCreate &rArr; LOS_TaskCreateOnly &rArr; LOS_MemAllocAlign &rArr; osHeapAlloc &rArr; osAlarmHeapInfo &rArr; osHeapStatisticsGet
</UL>
<BR>[Calls]<UL><LI><a href="#[85]">&gt;&gt;</a>&nbsp;&nbsp;&nbsp;LOS_QueueCreate
<LI><a href="#[7c]">&gt;&gt;</a>&nbsp;&nbsp;&nbsp;LOS_MemAlloc
<LI><a href="#[82]">&gt;&gt;</a>&nbsp;&nbsp;&nbsp;osSwTmrTaskCreate
<LI><a href="#[83]">&gt;&gt;</a>&nbsp;&nbsp;&nbsp;__aeabi_memclr4
</UL>
<BR>[Called By]<UL><LI><a href="#[69]">&gt;&gt;</a>&nbsp;&nbsp;&nbsp;LOS_KernelInit
</UL>

<P><STRONG><a name="[89]"></a>osSwTmrStart</STRONG> (Thumb, 382 bytes, Stack size 36 bytes, los_swtmr.o(.text))
<BR><BR>[Stack]<UL><LI>Max Depth = 36<LI>Call Chain = osSwTmrStart
</UL>
<BR>[Called By]<UL><LI><a href="#[90]">&gt;&gt;</a>&nbsp;&nbsp;&nbsp;LOS_SwtmrStart
<LI><a href="#[86]">&gt;&gt;</a>&nbsp;&nbsp;&nbsp;osSwTmrTimeoutHandle
</UL>

<P><STRONG><a name="[91]"></a>osSwtmrStop</STRONG> (Thumb, 76 bytes, Stack size 16 bytes, los_swtmr.o(.text), UNUSED)
<BR><BR>[Called By]<UL><LI><a href="#[92]">&gt;&gt;</a>&nbsp;&nbsp;&nbsp;LOS_SwtmrStop
<LI><a href="#[90]">&gt;&gt;</a>&nbsp;&nbsp;&nbsp;LOS_SwtmrStart
<LI><a href="#[95]">&gt;&gt;</a>&nbsp;&nbsp;&nbsp;LOS_SwtmrDelete
</UL>

<P><STRONG><a name="[8a]"></a>osSwtmrScan</STRONG> (Thumb, 26 bytes, Stack size 8 bytes, los_swtmr.o(.text))
<BR><BR>[Stack]<UL><LI>Max Depth = 176 + Unknown Stack Size
<LI>Call Chain = osSwtmrScan &rArr; osSwTmrTimeoutHandle &rArr; LOS_QueueWriteCopy &rArr; osQueueOperate &rArr; osQueueBufferOperate &rArr; __2printf
</UL>
<BR>[Calls]<UL><LI><a href="#[86]">&gt;&gt;</a>&nbsp;&nbsp;&nbsp;osSwTmrTimeoutHandle
</UL>
<BR>[Called By]<UL><LI><a href="#[ca]">&gt;&gt;</a>&nbsp;&nbsp;&nbsp;osTickHandler
</UL>

<P><STRONG><a name="[153]"></a>osSwTmrGetNextTimeout</STRONG> (Thumb, 46 bytes, Stack size 0 bytes, los_swtmr.o(.text), UNUSED)

<P><STRONG><a name="[8c]"></a>osSwtimerInsert</STRONG> (Thumb, 62 bytes, Stack size 16 bytes, los_swtmr.o(.text), UNUSED)
<BR><BR>[Called By]<UL><LI><a href="#[8b]">&gt;&gt;</a>&nbsp;&nbsp;&nbsp;osSwTmrAdjust
</UL>

<P><STRONG><a name="[8b]"></a>osSwTmrAdjust</STRONG> (Thumb, 72 bytes, Stack size 16 bytes, los_swtmr.o(.text), UNUSED)
<BR><BR>[Calls]<UL><LI><a href="#[8c]">&gt;&gt;</a>&nbsp;&nbsp;&nbsp;osSwtimerInsert
<LI><a href="#[86]">&gt;&gt;</a>&nbsp;&nbsp;&nbsp;osSwTmrTimeoutHandle
</UL>

<P><STRONG><a name="[94]"></a>osSwtmrTimeGet</STRONG> (Thumb, 56 bytes, Stack size 0 bytes, los_swtmr.o(.text), UNUSED)
<BR><BR>[Called By]<UL><LI><a href="#[93]">&gt;&gt;</a>&nbsp;&nbsp;&nbsp;LOS_SwtmrTimeGet
</UL>

<P><STRONG><a name="[8d]"></a>LOS_SwtmrCreate</STRONG> (Thumb, 160 bytes, Stack size 40 bytes, los_swtmr.o(.text), UNUSED)
<BR><BR>[Calls]<UL><LI><a href="#[8f]">&gt;&gt;</a>&nbsp;&nbsp;&nbsp;LOS_IntRestore
<LI><a href="#[8e]">&gt;&gt;</a>&nbsp;&nbsp;&nbsp;LOS_IntLock
</UL>

<P><STRONG><a name="[90]"></a>LOS_SwtmrStart</STRONG> (Thumb, 192 bytes, Stack size 24 bytes, los_swtmr.o(.text), UNUSED)
<BR><BR>[Calls]<UL><LI><a href="#[8f]">&gt;&gt;</a>&nbsp;&nbsp;&nbsp;LOS_IntRestore
<LI><a href="#[8e]">&gt;&gt;</a>&nbsp;&nbsp;&nbsp;LOS_IntLock
<LI><a href="#[91]">&gt;&gt;</a>&nbsp;&nbsp;&nbsp;osSwtmrStop
<LI><a href="#[89]">&gt;&gt;</a>&nbsp;&nbsp;&nbsp;osSwTmrStart
</UL>

<P><STRONG><a name="[92]"></a>LOS_SwtmrStop</STRONG> (Thumb, 106 bytes, Stack size 24 bytes, los_swtmr.o(.text), UNUSED)
<BR><BR>[Calls]<UL><LI><a href="#[8f]">&gt;&gt;</a>&nbsp;&nbsp;&nbsp;LOS_IntRestore
<LI><a href="#[8e]">&gt;&gt;</a>&nbsp;&nbsp;&nbsp;LOS_IntLock
<LI><a href="#[91]">&gt;&gt;</a>&nbsp;&nbsp;&nbsp;osSwtmrStop
</UL>

<P><STRONG><a name="[93]"></a>LOS_SwtmrTimeGet</STRONG> (Thumb, 122 bytes, Stack size 24 bytes, los_swtmr.o(.text), UNUSED)
<BR><BR>[Calls]<UL><LI><a href="#[8f]">&gt;&gt;</a>&nbsp;&nbsp;&nbsp;LOS_IntRestore
<LI><a href="#[8e]">&gt;&gt;</a>&nbsp;&nbsp;&nbsp;LOS_IntLock
<LI><a href="#[94]">&gt;&gt;</a>&nbsp;&nbsp;&nbsp;osSwtmrTimeGet
</UL>

<P><STRONG><a name="[95]"></a>LOS_SwtmrDelete</STRONG> (Thumb, 112 bytes, Stack size 24 bytes, los_swtmr.o(.text), UNUSED)
<BR><BR>[Calls]<UL><LI><a href="#[8f]">&gt;&gt;</a>&nbsp;&nbsp;&nbsp;LOS_IntRestore
<LI><a href="#[8e]">&gt;&gt;</a>&nbsp;&nbsp;&nbsp;LOS_IntLock
<LI><a href="#[91]">&gt;&gt;</a>&nbsp;&nbsp;&nbsp;osSwtmrStop
<LI><a href="#[88]">&gt;&gt;</a>&nbsp;&nbsp;&nbsp;osSwtmrDelete
</UL>

<P><STRONG><a name="[81]"></a>LOS_TickCountGet</STRONG> (Thumb, 6 bytes, Stack size 0 bytes, los_sys.o(.text))
<BR><BR>[Called By]<UL><LI><a href="#[7f]">&gt;&gt;</a>&nbsp;&nbsp;&nbsp;osSwTmrTask
</UL>

<P><STRONG><a name="[154]"></a>LOS_CyclePerTickGet</STRONG> (Thumb, 14 bytes, Stack size 0 bytes, los_sys.o(.text), UNUSED)

<P><STRONG><a name="[96]"></a>LOS_MS2Tick</STRONG> (Thumb, 28 bytes, Stack size 8 bytes, los_sys.o(.text), UNUSED)
<BR><BR>[Calls]<UL><LI><a href="#[97]">&gt;&gt;</a>&nbsp;&nbsp;&nbsp;__aeabi_uldivmod
</UL>
<BR>[Called By]<UL><LI><a href="#[ec]">&gt;&gt;</a>&nbsp;&nbsp;&nbsp;LOS_Msleep
</UL>

<P><STRONG><a name="[98]"></a>LOS_Tick2MS</STRONG> (Thumb, 18 bytes, Stack size 8 bytes, los_sys.o(.text), UNUSED)
<BR><BR>[Calls]<UL><LI><a href="#[97]">&gt;&gt;</a>&nbsp;&nbsp;&nbsp;__aeabi_uldivmod
</UL>

<P><STRONG><a name="[99]"></a>osCpuTick2MS</STRONG> (Thumb, 74 bytes, Stack size 32 bytes, los_sys.o(.text), UNUSED)
<BR><BR>[Calls]<UL><LI><a href="#[9c]">&gt;&gt;</a>&nbsp;&nbsp;&nbsp;__aeabi_ul2d
<LI><a href="#[9a]">&gt;&gt;</a>&nbsp;&nbsp;&nbsp;__aeabi_ui2d
<LI><a href="#[9b]">&gt;&gt;</a>&nbsp;&nbsp;&nbsp;__aeabi_ddiv
<LI><a href="#[9d]">&gt;&gt;</a>&nbsp;&nbsp;&nbsp;__aeabi_d2ulz
</UL>

<P><STRONG><a name="[9e]"></a>osCpuTick2US</STRONG> (Thumb, 72 bytes, Stack size 32 bytes, los_sys.o(.text), UNUSED)
<BR><BR>[Calls]<UL><LI><a href="#[9c]">&gt;&gt;</a>&nbsp;&nbsp;&nbsp;__aeabi_ul2d
<LI><a href="#[9a]">&gt;&gt;</a>&nbsp;&nbsp;&nbsp;__aeabi_ui2d
<LI><a href="#[9b]">&gt;&gt;</a>&nbsp;&nbsp;&nbsp;__aeabi_ddiv
<LI><a href="#[9d]">&gt;&gt;</a>&nbsp;&nbsp;&nbsp;__aeabi_d2ulz
</UL>

<P><STRONG><a name="[155]"></a>osTaskNextSwitchTimeGet</STRONG> (Thumb, 60 bytes, Stack size 12 bytes, los_task.o(.text), UNUSED)

<P><STRONG><a name="[4b]"></a>osIdleTask</STRONG> (Thumb, 2 bytes, Stack size 0 bytes, los_task.o(.text))
<BR><BR>[Calls]<UL><LI><a href="#[4b]">&gt;&gt;</a>&nbsp;&nbsp;&nbsp;osIdleTask
</UL>
<BR>[Called By]<UL><LI><a href="#[4b]">&gt;&gt;</a>&nbsp;&nbsp;&nbsp;osIdleTask
</UL>
<BR>[Address Reference Count : 1]<UL><LI> los_task.o(.text)
</UL>
<P><STRONG><a name="[9f]"></a>osTaskPriModify</STRONG> (Thumb, 52 bytes, Stack size 16 bytes, los_task.o(.text), UNUSED)
<BR><BR>[Calls]<UL><LI><a href="#[a0]">&gt;&gt;</a>&nbsp;&nbsp;&nbsp;osPriqueueDequeue
<LI><a href="#[a1]">&gt;&gt;</a>&nbsp;&nbsp;&nbsp;osPriqueueEnqueue
</UL>

<P><STRONG><a name="[a2]"></a>osTaskAdd2TimerList</STRONG> (Thumb, 136 bytes, Stack size 16 bytes, los_task.o(.text))
<BR><BR>[Stack]<UL><LI>Max Depth = 16<LI>Call Chain = osTaskAdd2TimerList
</UL>
<BR>[Calls]<UL><LI><a href="#[a3]">&gt;&gt;</a>&nbsp;&nbsp;&nbsp;LOS_ListTailInsert
</UL>
<BR>[Called By]<UL><LI><a href="#[5f]">&gt;&gt;</a>&nbsp;&nbsp;&nbsp;LOS_TaskDelay
<LI><a href="#[c0]">&gt;&gt;</a>&nbsp;&nbsp;&nbsp;osTaskWait
</UL>

<P><STRONG><a name="[a4]"></a>osTimerListDelete</STRONG> (Thumb, 48 bytes, Stack size 8 bytes, los_task.o(.text))
<BR><BR>[Stack]<UL><LI>Max Depth = 8<LI>Call Chain = osTimerListDelete
</UL>
<BR>[Calls]<UL><LI><a href="#[a5]">&gt;&gt;</a>&nbsp;&nbsp;&nbsp;LOS_ListDelete
</UL>
<BR>[Called By]<UL><LI><a href="#[ba]">&gt;&gt;</a>&nbsp;&nbsp;&nbsp;LOS_TaskDelete
<LI><a href="#[c1]">&gt;&gt;</a>&nbsp;&nbsp;&nbsp;osTaskWake
</UL>

<P><STRONG><a name="[a6]"></a>osTaskScan</STRONG> (Thumb, 182 bytes, Stack size 24 bytes, los_task.o(.text))
<BR><BR>[Stack]<UL><LI>Max Depth = 32 + Unknown Stack Size
<LI>Call Chain = osTaskScan &rArr; LOS_Schedule
</UL>
<BR>[Calls]<UL><LI><a href="#[a7]">&gt;&gt;</a>&nbsp;&nbsp;&nbsp;LOS_Schedule
<LI><a href="#[a5]">&gt;&gt;</a>&nbsp;&nbsp;&nbsp;LOS_ListDelete
<LI><a href="#[a1]">&gt;&gt;</a>&nbsp;&nbsp;&nbsp;osPriqueueEnqueue
</UL>
<BR>[Called By]<UL><LI><a href="#[ca]">&gt;&gt;</a>&nbsp;&nbsp;&nbsp;osTickHandler
</UL>

<P><STRONG><a name="[aa]"></a>osConvertTskStatus</STRONG> (Thumb, 68 bytes, Stack size 0 bytes, los_task.o(.text), UNUSED)
<BR><BR>[Called By]<UL><LI><a href="#[a9]">&gt;&gt;</a>&nbsp;&nbsp;&nbsp;osGetAllTskInfo
</UL>

<P><STRONG><a name="[a8]"></a>osGetTaskWaterLine</STRONG> (Thumb, 88 bytes, Stack size 16 bytes, los_task.o(.text), UNUSED)
<BR><BR>[Calls]<UL><LI><a href="#[5c]">&gt;&gt;</a>&nbsp;&nbsp;&nbsp;__2printf
</UL>
<BR>[Called By]<UL><LI><a href="#[a9]">&gt;&gt;</a>&nbsp;&nbsp;&nbsp;osGetAllTskInfo
</UL>

<P><STRONG><a name="[a9]"></a>osGetAllTskInfo</STRONG> (Thumb, 196 bytes, Stack size 48 bytes, los_task.o(.text), UNUSED)
<BR><BR>[Calls]<UL><LI><a href="#[a8]">&gt;&gt;</a>&nbsp;&nbsp;&nbsp;osGetTaskWaterLine
<LI><a href="#[aa]">&gt;&gt;</a>&nbsp;&nbsp;&nbsp;osConvertTskStatus
<LI><a href="#[5c]">&gt;&gt;</a>&nbsp;&nbsp;&nbsp;__2printf
</UL>
<BR>[Called By]<UL><LI><a href="#[c8]">&gt;&gt;</a>&nbsp;&nbsp;&nbsp;LOS_TaskInfoMonitor
</UL>

<P><STRONG><a name="[ab]"></a>osTaskInit</STRONG> (Thumb, 390 bytes, Stack size 24 bytes, los_task.o(.text))
<BR><BR>[Stack]<UL><LI>Max Depth = 108 + Unknown Stack Size
<LI>Call Chain = osTaskInit &rArr; osPriqueueInit &rArr; LOS_MemAlloc &rArr; osHeapAlloc &rArr; osAlarmHeapInfo &rArr; osHeapStatisticsGet
</UL>
<BR>[Calls]<UL><LI><a href="#[7c]">&gt;&gt;</a>&nbsp;&nbsp;&nbsp;LOS_MemAlloc
<LI><a href="#[a3]">&gt;&gt;</a>&nbsp;&nbsp;&nbsp;LOS_ListTailInsert
<LI><a href="#[7b]">&gt;&gt;</a>&nbsp;&nbsp;&nbsp;osPriqueueInit
<LI><a href="#[83]">&gt;&gt;</a>&nbsp;&nbsp;&nbsp;__aeabi_memclr4
</UL>
<BR>[Called By]<UL><LI><a href="#[69]">&gt;&gt;</a>&nbsp;&nbsp;&nbsp;LOS_KernelInit
</UL>

<P><STRONG><a name="[ac]"></a>LOS_TaskCreateOnly</STRONG> (Thumb, 322 bytes, Stack size 40 bytes, los_task.o(.text))
<BR><BR>[Stack]<UL><LI>Max Depth = 124 + Unknown Stack Size
<LI>Call Chain = LOS_TaskCreateOnly &rArr; LOS_MemAllocAlign &rArr; osHeapAlloc &rArr; osAlarmHeapInfo &rArr; osHeapStatisticsGet
</UL>
<BR>[Calls]<UL><LI><a href="#[af]">&gt;&gt;</a>&nbsp;&nbsp;&nbsp;LOS_MemFree
<LI><a href="#[8f]">&gt;&gt;</a>&nbsp;&nbsp;&nbsp;LOS_IntRestore
<LI><a href="#[8e]">&gt;&gt;</a>&nbsp;&nbsp;&nbsp;LOS_IntLock
<LI><a href="#[b2]">&gt;&gt;</a>&nbsp;&nbsp;&nbsp;osTskStackInit
<LI><a href="#[b1]">&gt;&gt;</a>&nbsp;&nbsp;&nbsp;LOS_MemAllocAlign
<LI><a href="#[ad]">&gt;&gt;</a>&nbsp;&nbsp;&nbsp;LOS_Align
<LI><a href="#[b0]">&gt;&gt;</a>&nbsp;&nbsp;&nbsp;LOS_ListEmpty
<LI><a href="#[a5]">&gt;&gt;</a>&nbsp;&nbsp;&nbsp;LOS_ListDelete
<LI><a href="#[ae]">&gt;&gt;</a>&nbsp;&nbsp;&nbsp;LOS_ListAdd
</UL>
<BR>[Called By]<UL><LI><a href="#[61]">&gt;&gt;</a>&nbsp;&nbsp;&nbsp;LOS_TaskCreate
</UL>

<P><STRONG><a name="[61]"></a>LOS_TaskCreate</STRONG> (Thumb, 112 bytes, Stack size 16 bytes, los_task.o(.text))
<BR><BR>[Stack]<UL><LI>Max Depth = 140 + Unknown Stack Size
<LI>Call Chain = LOS_TaskCreate &rArr; LOS_TaskCreateOnly &rArr; LOS_MemAllocAlign &rArr; osHeapAlloc &rArr; osAlarmHeapInfo &rArr; osHeapStatisticsGet
</UL>
<BR>[Calls]<UL><LI><a href="#[8f]">&gt;&gt;</a>&nbsp;&nbsp;&nbsp;LOS_IntRestore
<LI><a href="#[8e]">&gt;&gt;</a>&nbsp;&nbsp;&nbsp;LOS_IntLock
<LI><a href="#[b4]">&gt;&gt;</a>&nbsp;&nbsp;&nbsp;osSchedule
<LI><a href="#[ac]">&gt;&gt;</a>&nbsp;&nbsp;&nbsp;LOS_TaskCreateOnly
<LI><a href="#[b3]">&gt;&gt;</a>&nbsp;&nbsp;&nbsp;osPriqueueTop
<LI><a href="#[a1]">&gt;&gt;</a>&nbsp;&nbsp;&nbsp;osPriqueueEnqueue
</UL>
<BR>[Called By]<UL><LI><a href="#[62]">&gt;&gt;</a>&nbsp;&nbsp;&nbsp;Creat_LED_Task
<LI><a href="#[60]">&gt;&gt;</a>&nbsp;&nbsp;&nbsp;Creat_Key_Task
<LI><a href="#[b5]">&gt;&gt;</a>&nbsp;&nbsp;&nbsp;osIdleTaskCreate
<LI><a href="#[82]">&gt;&gt;</a>&nbsp;&nbsp;&nbsp;osSwTmrTaskCreate
</UL>

<P><STRONG><a name="[b5]"></a>osIdleTaskCreate</STRONG> (Thumb, 50 bytes, Stack size 32 bytes, los_task.o(.text))
<BR><BR>[Stack]<UL><LI>Max Depth = 172 + Unknown Stack Size
<LI>Call Chain = osIdleTaskCreate &rArr; LOS_TaskCreate &rArr; LOS_TaskCreateOnly &rArr; LOS_MemAllocAlign &rArr; osHeapAlloc &rArr; osAlarmHeapInfo &rArr; osHeapStatisticsGet
</UL>
<BR>[Calls]<UL><LI><a href="#[61]">&gt;&gt;</a>&nbsp;&nbsp;&nbsp;LOS_TaskCreate
<LI><a href="#[83]">&gt;&gt;</a>&nbsp;&nbsp;&nbsp;__aeabi_memclr4
</UL>
<BR>[Called By]<UL><LI><a href="#[69]">&gt;&gt;</a>&nbsp;&nbsp;&nbsp;LOS_KernelInit
</UL>

<P><STRONG><a name="[156]"></a>LOS_CurTaskIDGet</STRONG> (Thumb, 18 bytes, Stack size 0 bytes, los_task.o(.text), UNUSED)

<P><STRONG><a name="[157]"></a>LOS_NextTaskIDGet</STRONG> (Thumb, 18 bytes, Stack size 0 bytes, los_task.o(.text), UNUSED)

<P><STRONG><a name="[158]"></a>LOS_CurTaskNameGet</STRONG> (Thumb, 16 bytes, Stack size 0 bytes, los_task.o(.text), UNUSED)

<P><STRONG><a name="[b6]"></a>osTaskSwitchCheck</STRONG> (Thumb, 178 bytes, Stack size 8 bytes, los_task.o(.text))
<BR><BR>[Stack]<UL><LI>Max Depth = 32<LI>Call Chain = osTaskSwitchCheck &rArr; __2printf
</UL>
<BR>[Calls]<UL><LI><a href="#[5c]">&gt;&gt;</a>&nbsp;&nbsp;&nbsp;__2printf
<LI><a href="#[b7]">&gt;&gt;</a>&nbsp;&nbsp;&nbsp;__aeabi_memcpy
</UL>
<BR>[Address Reference Count : 1]<UL><LI> los_task.o(.text)
</UL>
<P><STRONG><a name="[b8]"></a>osTaskMonInit</STRONG> (Thumb, 34 bytes, Stack size 8 bytes, los_task.o(.text))
<BR><BR>[Stack]<UL><LI>Max Depth = 8<LI>Call Chain = osTaskMonInit
</UL>
<BR>[Calls]<UL><LI><a href="#[b9]">&gt;&gt;</a>&nbsp;&nbsp;&nbsp;__aeabi_memclr
</UL>
<BR>[Called By]<UL><LI><a href="#[69]">&gt;&gt;</a>&nbsp;&nbsp;&nbsp;LOS_KernelInit
</UL>

<P><STRONG><a name="[ba]"></a>LOS_TaskDelete</STRONG> (Thumb, 522 bytes, Stack size 32 bytes, los_task.o(.text))
<BR><BR>[Stack]<UL><LI>Max Depth = 88 + Unknown Stack Size
<LI>Call Chain = LOS_TaskDelete &rArr; LOS_MemFree &rArr; osHeapFree &rArr; __2printf
</UL>
<BR>[Calls]<UL><LI><a href="#[af]">&gt;&gt;</a>&nbsp;&nbsp;&nbsp;LOS_MemFree
<LI><a href="#[8f]">&gt;&gt;</a>&nbsp;&nbsp;&nbsp;LOS_IntRestore
<LI><a href="#[8e]">&gt;&gt;</a>&nbsp;&nbsp;&nbsp;LOS_IntLock
<LI><a href="#[b4]">&gt;&gt;</a>&nbsp;&nbsp;&nbsp;osSchedule
<LI><a href="#[a4]">&gt;&gt;</a>&nbsp;&nbsp;&nbsp;osTimerListDelete
<LI><a href="#[a5]">&gt;&gt;</a>&nbsp;&nbsp;&nbsp;LOS_ListDelete
<LI><a href="#[a3]">&gt;&gt;</a>&nbsp;&nbsp;&nbsp;LOS_ListTailInsert
<LI><a href="#[ae]">&gt;&gt;</a>&nbsp;&nbsp;&nbsp;LOS_ListAdd
<LI><a href="#[b3]">&gt;&gt;</a>&nbsp;&nbsp;&nbsp;osPriqueueTop
<LI><a href="#[a0]">&gt;&gt;</a>&nbsp;&nbsp;&nbsp;osPriqueueDequeue
</UL>
<BR>[Called By]<UL><LI><a href="#[4c]">&gt;&gt;</a>&nbsp;&nbsp;&nbsp;osTaskEntry
</UL>

<P><STRONG><a name="[4c]"></a>osTaskEntry</STRONG> (Thumb, 38 bytes, Stack size 16 bytes, los_task.o(.text))
<BR><BR>[Stack]<UL><LI>Max Depth = 104 + Unknown Stack Size
<LI>Call Chain = osTaskEntry &rArr; LOS_TaskDelete &rArr; LOS_MemFree &rArr; osHeapFree &rArr; __2printf
</UL>
<BR>[Calls]<UL><LI><a href="#[ba]">&gt;&gt;</a>&nbsp;&nbsp;&nbsp;LOS_TaskDelete
</UL>
<BR>[Address Reference Count : 1]<UL><LI> los_hw.o(.text)
</UL>
<P><STRONG><a name="[5e]"></a>LOS_TaskResume</STRONG> (Thumb, 134 bytes, Stack size 16 bytes, los_task.o(.text))
<BR><BR>[Stack]<UL><LI>Max Depth = 24 + Unknown Stack Size
<LI>Call Chain = LOS_TaskResume &rArr; LOS_Schedule
</UL>
<BR>[Calls]<UL><LI><a href="#[8f]">&gt;&gt;</a>&nbsp;&nbsp;&nbsp;LOS_IntRestore
<LI><a href="#[8e]">&gt;&gt;</a>&nbsp;&nbsp;&nbsp;LOS_IntLock
<LI><a href="#[a7]">&gt;&gt;</a>&nbsp;&nbsp;&nbsp;LOS_Schedule
<LI><a href="#[b3]">&gt;&gt;</a>&nbsp;&nbsp;&nbsp;osPriqueueTop
<LI><a href="#[a1]">&gt;&gt;</a>&nbsp;&nbsp;&nbsp;osPriqueueEnqueue
</UL>
<BR>[Called By]<UL><LI><a href="#[49]">&gt;&gt;</a>&nbsp;&nbsp;&nbsp;Key_Task
</UL>

<P><STRONG><a name="[5d]"></a>LOS_TaskSuspend</STRONG> (Thumb, 170 bytes, Stack size 24 bytes, los_task.o(.text))
<BR><BR>[Stack]<UL><LI>Max Depth = 32 + Unknown Stack Size
<LI>Call Chain = LOS_TaskSuspend &rArr; LOS_Schedule
</UL>
<BR>[Calls]<UL><LI><a href="#[8f]">&gt;&gt;</a>&nbsp;&nbsp;&nbsp;LOS_IntRestore
<LI><a href="#[8e]">&gt;&gt;</a>&nbsp;&nbsp;&nbsp;LOS_IntLock
<LI><a href="#[a7]">&gt;&gt;</a>&nbsp;&nbsp;&nbsp;LOS_Schedule
<LI><a href="#[a0]">&gt;&gt;</a>&nbsp;&nbsp;&nbsp;osPriqueueDequeue
</UL>
<BR>[Called By]<UL><LI><a href="#[49]">&gt;&gt;</a>&nbsp;&nbsp;&nbsp;Key_Task
</UL>

<P><STRONG><a name="[bb]"></a>LOS_TaskYield</STRONG> (Thumb, 106 bytes, Stack size 16 bytes, los_task.o(.text))
<BR><BR>[Stack]<UL><LI>Max Depth = 24 + Unknown Stack Size
<LI>Call Chain = LOS_TaskYield &rArr; LOS_Schedule
</UL>
<BR>[Calls]<UL><LI><a href="#[8f]">&gt;&gt;</a>&nbsp;&nbsp;&nbsp;LOS_IntRestore
<LI><a href="#[8e]">&gt;&gt;</a>&nbsp;&nbsp;&nbsp;LOS_IntLock
<LI><a href="#[a7]">&gt;&gt;</a>&nbsp;&nbsp;&nbsp;LOS_Schedule
<LI><a href="#[a5]">&gt;&gt;</a>&nbsp;&nbsp;&nbsp;LOS_ListDelete
<LI><a href="#[7e]">&gt;&gt;</a>&nbsp;&nbsp;&nbsp;osPriqueueSize
<LI><a href="#[a1]">&gt;&gt;</a>&nbsp;&nbsp;&nbsp;osPriqueueEnqueue
</UL>
<BR>[Called By]<UL><LI><a href="#[5f]">&gt;&gt;</a>&nbsp;&nbsp;&nbsp;LOS_TaskDelay
</UL>

<P><STRONG><a name="[5f]"></a>LOS_TaskDelay</STRONG> (Thumb, 98 bytes, Stack size 16 bytes, los_task.o(.text))
<BR><BR>[Stack]<UL><LI>Max Depth = 40 + Unknown Stack Size
<LI>Call Chain = LOS_TaskDelay &rArr; LOS_TaskYield &rArr; LOS_Schedule
</UL>
<BR>[Calls]<UL><LI><a href="#[bc]">&gt;&gt;</a>&nbsp;&nbsp;&nbsp;osIntNumGet
<LI><a href="#[bb]">&gt;&gt;</a>&nbsp;&nbsp;&nbsp;LOS_TaskYield
<LI><a href="#[8f]">&gt;&gt;</a>&nbsp;&nbsp;&nbsp;LOS_IntRestore
<LI><a href="#[8e]">&gt;&gt;</a>&nbsp;&nbsp;&nbsp;LOS_IntLock
<LI><a href="#[a7]">&gt;&gt;</a>&nbsp;&nbsp;&nbsp;LOS_Schedule
<LI><a href="#[a2]">&gt;&gt;</a>&nbsp;&nbsp;&nbsp;osTaskAdd2TimerList
<LI><a href="#[a0]">&gt;&gt;</a>&nbsp;&nbsp;&nbsp;osPriqueueDequeue
</UL>
<BR>[Called By]<UL><LI><a href="#[4a]">&gt;&gt;</a>&nbsp;&nbsp;&nbsp;LED_Task
<LI><a href="#[49]">&gt;&gt;</a>&nbsp;&nbsp;&nbsp;Key_Task
<LI><a href="#[ec]">&gt;&gt;</a>&nbsp;&nbsp;&nbsp;LOS_Msleep
</UL>

<P><STRONG><a name="[bd]"></a>LOS_TaskPriGet</STRONG> (Thumb, 62 bytes, Stack size 16 bytes, los_task.o(.text), UNUSED)
<BR><BR>[Calls]<UL><LI><a href="#[8f]">&gt;&gt;</a>&nbsp;&nbsp;&nbsp;LOS_IntRestore
<LI><a href="#[8e]">&gt;&gt;</a>&nbsp;&nbsp;&nbsp;LOS_IntLock
</UL>

<P><STRONG><a name="[be]"></a>LOS_TaskPriSet</STRONG> (Thumb, 150 bytes, Stack size 24 bytes, los_task.o(.text), UNUSED)
<BR><BR>[Calls]<UL><LI><a href="#[8f]">&gt;&gt;</a>&nbsp;&nbsp;&nbsp;LOS_IntRestore
<LI><a href="#[8e]">&gt;&gt;</a>&nbsp;&nbsp;&nbsp;LOS_IntLock
<LI><a href="#[a7]">&gt;&gt;</a>&nbsp;&nbsp;&nbsp;LOS_Schedule
<LI><a href="#[a0]">&gt;&gt;</a>&nbsp;&nbsp;&nbsp;osPriqueueDequeue
<LI><a href="#[a1]">&gt;&gt;</a>&nbsp;&nbsp;&nbsp;osPriqueueEnqueue
</UL>
<BR>[Called By]<UL><LI><a href="#[bf]">&gt;&gt;</a>&nbsp;&nbsp;&nbsp;LOS_CurTaskPriSet
</UL>

<P><STRONG><a name="[bf]"></a>LOS_CurTaskPriSet</STRONG> (Thumb, 12 bytes, Stack size 0 bytes, los_task.o(.text), UNUSED)
<BR><BR>[Calls]<UL><LI><a href="#[be]">&gt;&gt;</a>&nbsp;&nbsp;&nbsp;LOS_TaskPriSet
</UL>

<P><STRONG><a name="[c0]"></a>osTaskWait</STRONG> (Thumb, 70 bytes, Stack size 24 bytes, los_task.o(.text))
<BR><BR>[Stack]<UL><LI>Max Depth = 40<LI>Call Chain = osTaskWait &rArr; osTaskAdd2TimerList
</UL>
<BR>[Calls]<UL><LI><a href="#[a2]">&gt;&gt;</a>&nbsp;&nbsp;&nbsp;osTaskAdd2TimerList
<LI><a href="#[a3]">&gt;&gt;</a>&nbsp;&nbsp;&nbsp;LOS_ListTailInsert
<LI><a href="#[a0]">&gt;&gt;</a>&nbsp;&nbsp;&nbsp;osPriqueueDequeue
</UL>
<BR>[Called By]<UL><LI><a href="#[e4]">&gt;&gt;</a>&nbsp;&nbsp;&nbsp;LOS_SemPend
<LI><a href="#[d6]">&gt;&gt;</a>&nbsp;&nbsp;&nbsp;osQueueMailAlloc
<LI><a href="#[d1]">&gt;&gt;</a>&nbsp;&nbsp;&nbsp;osQueueOperate
</UL>

<P><STRONG><a name="[c1]"></a>osTaskWake</STRONG> (Thumb, 66 bytes, Stack size 16 bytes, los_task.o(.text))
<BR><BR>[Stack]<UL><LI>Max Depth = 24<LI>Call Chain = osTaskWake &rArr; osTimerListDelete
</UL>
<BR>[Calls]<UL><LI><a href="#[a4]">&gt;&gt;</a>&nbsp;&nbsp;&nbsp;osTimerListDelete
<LI><a href="#[a5]">&gt;&gt;</a>&nbsp;&nbsp;&nbsp;LOS_ListDelete
<LI><a href="#[a1]">&gt;&gt;</a>&nbsp;&nbsp;&nbsp;osPriqueueEnqueue
</UL>
<BR>[Called By]<UL><LI><a href="#[e5]">&gt;&gt;</a>&nbsp;&nbsp;&nbsp;LOS_SemPost
<LI><a href="#[d8]">&gt;&gt;</a>&nbsp;&nbsp;&nbsp;osQueueMailFree
<LI><a href="#[d1]">&gt;&gt;</a>&nbsp;&nbsp;&nbsp;osQueueOperate
</UL>

<P><STRONG><a name="[c2]"></a>LOS_TaskLock</STRONG> (Thumb, 24 bytes, Stack size 8 bytes, los_task.o(.text), UNUSED)
<BR><BR>[Calls]<UL><LI><a href="#[8f]">&gt;&gt;</a>&nbsp;&nbsp;&nbsp;LOS_IntRestore
<LI><a href="#[8e]">&gt;&gt;</a>&nbsp;&nbsp;&nbsp;LOS_IntLock
</UL>

<P><STRONG><a name="[c3]"></a>LOS_TaskUnlock</STRONG> (Thumb, 58 bytes, Stack size 8 bytes, los_task.o(.text), UNUSED)
<BR><BR>[Calls]<UL><LI><a href="#[8f]">&gt;&gt;</a>&nbsp;&nbsp;&nbsp;LOS_IntRestore
<LI><a href="#[8e]">&gt;&gt;</a>&nbsp;&nbsp;&nbsp;LOS_IntLock
<LI><a href="#[a7]">&gt;&gt;</a>&nbsp;&nbsp;&nbsp;LOS_Schedule
</UL>

<P><STRONG><a name="[c4]"></a>LOS_TaskInfoGet</STRONG> (Thumb, 222 bytes, Stack size 24 bytes, los_task.o(.text), UNUSED)
<BR><BR>[Calls]<UL><LI><a href="#[8f]">&gt;&gt;</a>&nbsp;&nbsp;&nbsp;LOS_IntRestore
<LI><a href="#[8e]">&gt;&gt;</a>&nbsp;&nbsp;&nbsp;LOS_IntLock
<LI><a href="#[c5]">&gt;&gt;</a>&nbsp;&nbsp;&nbsp;strncpy
</UL>

<P><STRONG><a name="[c6]"></a>LOS_TaskStatusGet</STRONG> (Thumb, 70 bytes, Stack size 16 bytes, los_task.o(.text), UNUSED)
<BR><BR>[Calls]<UL><LI><a href="#[8f]">&gt;&gt;</a>&nbsp;&nbsp;&nbsp;LOS_IntRestore
<LI><a href="#[8e]">&gt;&gt;</a>&nbsp;&nbsp;&nbsp;LOS_IntLock
</UL>

<P><STRONG><a name="[c7]"></a>LOS_TaskSwitchInfoGet</STRONG> (Thumb, 60 bytes, Stack size 16 bytes, los_task.o(.text), UNUSED)
<BR><BR>[Calls]<UL><LI><a href="#[8f]">&gt;&gt;</a>&nbsp;&nbsp;&nbsp;LOS_IntRestore
<LI><a href="#[8e]">&gt;&gt;</a>&nbsp;&nbsp;&nbsp;LOS_IntLock
<LI><a href="#[b7]">&gt;&gt;</a>&nbsp;&nbsp;&nbsp;__aeabi_memcpy
</UL>

<P><STRONG><a name="[c8]"></a>LOS_TaskInfoMonitor</STRONG> (Thumb, 4 bytes, Stack size 0 bytes, los_task.o(.text), UNUSED)
<BR><BR>[Calls]<UL><LI><a href="#[a9]">&gt;&gt;</a>&nbsp;&nbsp;&nbsp;osGetAllTskInfo
</UL>

<P><STRONG><a name="[159]"></a>LOS_TaskIsRunning</STRONG> (Thumb, 6 bytes, Stack size 0 bytes, los_task.o(.text), UNUSED)

<P><STRONG><a name="[15a]"></a>LOS_NewTaskIDGet</STRONG> (Thumb, 18 bytes, Stack size 0 bytes, los_task.o(.text), UNUSED)

<P><STRONG><a name="[c9]"></a>LOS_TaskNameGet</STRONG> (Thumb, 54 bytes, Stack size 8 bytes, los_task.o(.text), UNUSED)
<BR><BR>[Calls]<UL><LI><a href="#[8f]">&gt;&gt;</a>&nbsp;&nbsp;&nbsp;LOS_IntRestore
<LI><a href="#[8e]">&gt;&gt;</a>&nbsp;&nbsp;&nbsp;LOS_IntLock
</UL>

<P><STRONG><a name="[ca]"></a>osTickHandler</STRONG> (Thumb, 30 bytes, Stack size 8 bytes, los_tick.o(.text))
<BR><BR>[Stack]<UL><LI>Max Depth = 184 + Unknown Stack Size
<LI>Call Chain = osTickHandler &rArr; osSwtmrScan &rArr; osSwTmrTimeoutHandle &rArr; LOS_QueueWriteCopy &rArr; osQueueOperate &rArr; osQueueBufferOperate &rArr; __2printf
</UL>
<BR>[Calls]<UL><LI><a href="#[a6]">&gt;&gt;</a>&nbsp;&nbsp;&nbsp;osTaskScan
<LI><a href="#[8a]">&gt;&gt;</a>&nbsp;&nbsp;&nbsp;osSwtmrScan
</UL>
<BR>[Called By]<UL><LI><a href="#[9]">&gt;&gt;</a>&nbsp;&nbsp;&nbsp;SysTick_Handler
</UL>

<P><STRONG><a name="[15b]"></a>LOS_SysClockGet</STRONG> (Thumb, 6 bytes, Stack size 0 bytes, los_tick.o(.text), UNUSED)

<P><STRONG><a name="[cb]"></a>osQueueInit</STRONG> (Thumb, 78 bytes, Stack size 16 bytes, los_queue.o(.text))
<BR><BR>[Stack]<UL><LI>Max Depth = 92 + Unknown Stack Size
<LI>Call Chain = osQueueInit &rArr; LOS_MemAlloc &rArr; osHeapAlloc &rArr; osAlarmHeapInfo &rArr; osHeapStatisticsGet
</UL>
<BR>[Calls]<UL><LI><a href="#[7c]">&gt;&gt;</a>&nbsp;&nbsp;&nbsp;LOS_MemAlloc
<LI><a href="#[cc]">&gt;&gt;</a>&nbsp;&nbsp;&nbsp;LOS_ListAdd
<LI><a href="#[83]">&gt;&gt;</a>&nbsp;&nbsp;&nbsp;__aeabi_memclr4
</UL>
<BR>[Called By]<UL><LI><a href="#[69]">&gt;&gt;</a>&nbsp;&nbsp;&nbsp;LOS_KernelInit
</UL>

<P><STRONG><a name="[85]"></a>LOS_QueueCreate</STRONG> (Thumb, 188 bytes, Stack size 32 bytes, los_queue.o(.text))
<BR><BR>[Stack]<UL><LI>Max Depth = 108 + Unknown Stack Size
<LI>Call Chain = LOS_QueueCreate &rArr; LOS_MemAlloc &rArr; osHeapAlloc &rArr; osAlarmHeapInfo &rArr; osHeapStatisticsGet
</UL>
<BR>[Calls]<UL><LI><a href="#[af]">&gt;&gt;</a>&nbsp;&nbsp;&nbsp;LOS_MemFree
<LI><a href="#[7c]">&gt;&gt;</a>&nbsp;&nbsp;&nbsp;LOS_MemAlloc
<LI><a href="#[8f]">&gt;&gt;</a>&nbsp;&nbsp;&nbsp;LOS_IntRestore
<LI><a href="#[8e]">&gt;&gt;</a>&nbsp;&nbsp;&nbsp;LOS_IntLock
<LI><a href="#[cd]">&gt;&gt;</a>&nbsp;&nbsp;&nbsp;LOS_ListEmpty
</UL>
<BR>[Called By]<UL><LI><a href="#[84]">&gt;&gt;</a>&nbsp;&nbsp;&nbsp;osSwTmrInit
</UL>

<P><STRONG><a name="[d1]"></a>osQueueOperate</STRONG> (Thumb, 336 bytes, Stack size 56 bytes, los_queue.o(.text))
<BR><BR>[Stack]<UL><LI>Max Depth = 104 + Unknown Stack Size
<LI>Call Chain = osQueueOperate &rArr; osQueueBufferOperate &rArr; __2printf
</UL>
<BR>[Calls]<UL><LI><a href="#[8f]">&gt;&gt;</a>&nbsp;&nbsp;&nbsp;LOS_IntRestore
<LI><a href="#[8e]">&gt;&gt;</a>&nbsp;&nbsp;&nbsp;LOS_IntLock
<LI><a href="#[cd]">&gt;&gt;</a>&nbsp;&nbsp;&nbsp;LOS_ListEmpty
<LI><a href="#[d0]">&gt;&gt;</a>&nbsp;&nbsp;&nbsp;osQueueBufferOperate
<LI><a href="#[a7]">&gt;&gt;</a>&nbsp;&nbsp;&nbsp;LOS_Schedule
<LI><a href="#[c1]">&gt;&gt;</a>&nbsp;&nbsp;&nbsp;osTaskWake
<LI><a href="#[c0]">&gt;&gt;</a>&nbsp;&nbsp;&nbsp;osTaskWait
</UL>
<BR>[Called By]<UL><LI><a href="#[87]">&gt;&gt;</a>&nbsp;&nbsp;&nbsp;LOS_QueueWriteCopy
<LI><a href="#[80]">&gt;&gt;</a>&nbsp;&nbsp;&nbsp;LOS_QueueReadCopy
<LI><a href="#[d2]">&gt;&gt;</a>&nbsp;&nbsp;&nbsp;LOS_QueueWriteHeadCopy
</UL>

<P><STRONG><a name="[80]"></a>LOS_QueueReadCopy</STRONG> (Thumb, 42 bytes, Stack size 24 bytes, los_queue.o(.text))
<BR><BR>[Stack]<UL><LI>Max Depth = 128 + Unknown Stack Size
<LI>Call Chain = LOS_QueueReadCopy &rArr; osQueueOperate &rArr; osQueueBufferOperate &rArr; __2printf
</UL>
<BR>[Calls]<UL><LI><a href="#[d1]">&gt;&gt;</a>&nbsp;&nbsp;&nbsp;osQueueOperate
<LI><a href="#[ce]">&gt;&gt;</a>&nbsp;&nbsp;&nbsp;osQueueReadParameterCheck
</UL>
<BR>[Called By]<UL><LI><a href="#[d3]">&gt;&gt;</a>&nbsp;&nbsp;&nbsp;LOS_QueueRead
<LI><a href="#[7f]">&gt;&gt;</a>&nbsp;&nbsp;&nbsp;osSwTmrTask
</UL>

<P><STRONG><a name="[d2]"></a>LOS_QueueWriteHeadCopy</STRONG> (Thumb, 44 bytes, Stack size 40 bytes, los_queue.o(.text), UNUSED)
<BR><BR>[Calls]<UL><LI><a href="#[d1]">&gt;&gt;</a>&nbsp;&nbsp;&nbsp;osQueueOperate
<LI><a href="#[cf]">&gt;&gt;</a>&nbsp;&nbsp;&nbsp;osQueueWriteParameterCheck
</UL>
<BR>[Called By]<UL><LI><a href="#[d5]">&gt;&gt;</a>&nbsp;&nbsp;&nbsp;LOS_QueueWriteHead
</UL>

<P><STRONG><a name="[87]"></a>LOS_QueueWriteCopy</STRONG> (Thumb, 42 bytes, Stack size 40 bytes, los_queue.o(.text))
<BR><BR>[Stack]<UL><LI>Max Depth = 144 + Unknown Stack Size
<LI>Call Chain = LOS_QueueWriteCopy &rArr; osQueueOperate &rArr; osQueueBufferOperate &rArr; __2printf
</UL>
<BR>[Calls]<UL><LI><a href="#[d1]">&gt;&gt;</a>&nbsp;&nbsp;&nbsp;osQueueOperate
<LI><a href="#[cf]">&gt;&gt;</a>&nbsp;&nbsp;&nbsp;osQueueWriteParameterCheck
</UL>
<BR>[Called By]<UL><LI><a href="#[d4]">&gt;&gt;</a>&nbsp;&nbsp;&nbsp;LOS_QueueWrite
<LI><a href="#[86]">&gt;&gt;</a>&nbsp;&nbsp;&nbsp;osSwTmrTimeoutHandle
</UL>

<P><STRONG><a name="[d3]"></a>LOS_QueueRead</STRONG> (Thumb, 74 bytes, Stack size 24 bytes, los_queue.o(.text), UNUSED)
<BR><BR>[Calls]<UL><LI><a href="#[80]">&gt;&gt;</a>&nbsp;&nbsp;&nbsp;LOS_QueueReadCopy
</UL>

<P><STRONG><a name="[d4]"></a>LOS_QueueWrite</STRONG> (Thumb, 22 bytes, Stack size 24 bytes, los_queue.o(.text), UNUSED)
<BR><BR>[Calls]<UL><LI><a href="#[87]">&gt;&gt;</a>&nbsp;&nbsp;&nbsp;LOS_QueueWriteCopy
</UL>

<P><STRONG><a name="[d5]"></a>LOS_QueueWriteHead</STRONG> (Thumb, 22 bytes, Stack size 24 bytes, los_queue.o(.text), UNUSED)
<BR><BR>[Calls]<UL><LI><a href="#[d2]">&gt;&gt;</a>&nbsp;&nbsp;&nbsp;LOS_QueueWriteHeadCopy
</UL>

<P><STRONG><a name="[d6]"></a>osQueueMailAlloc</STRONG> (Thumb, 146 bytes, Stack size 32 bytes, los_queue.o(.text), UNUSED)
<BR><BR>[Calls]<UL><LI><a href="#[bc]">&gt;&gt;</a>&nbsp;&nbsp;&nbsp;osIntNumGet
[...]
</UL>
<BR>[Calls]<UL><LI><a href="#[ca]">&gt;&gt;</a>&nbsp;&nbsp;&nbsp;osTickHandler
</UL>
<BR>[Address Reference Count : 1]<UL><LI> startup_stm32f10x_hd.o(RESET)
</UL>
<P><STRONG><a name="[97]"></a>__aeabi_uldivmod</STRONG> (Thumb, 98 bytes, Stack size 40 bytes, uldiv.o(.text), UNUSED)
<BR><BR>[Calls]<UL><LI><a href="#[102]">&gt;&gt;</a>&nbsp;&nbsp;&nbsp;__aeabi_llsr
<LI><a href="#[103]">&gt;&gt;</a>&nbsp;&nbsp;&nbsp;__aeabi_llsl
</UL>
<BR>[Called By]<UL><LI><a href="#[98]">&gt;&gt;</a>&nbsp;&nbsp;&nbsp;LOS_Tick2MS
<LI><a href="#[96]">&gt;&gt;</a>&nbsp;&nbsp;&nbsp;LOS_MS2Tick
<LI><a href="#[109]">&gt;&gt;</a>&nbsp;&nbsp;&nbsp;_printf_core
</UL>

<P><STRONG><a name="[b7]"></a>__aeabi_memcpy</STRONG> (Thumb, 36 bytes, Stack size 0 bytes, memcpya.o(.text))
<BR><BR>[Called By]<UL><LI><a href="#[f7]">&gt;&gt;</a>&nbsp;&nbsp;&nbsp;LOS_MemRealloc
<LI><a href="#[d0]">&gt;&gt;</a>&nbsp;&nbsp;&nbsp;osQueueBufferOperate
<LI><a href="#[c7]">&gt;&gt;</a>&nbsp;&nbsp;&nbsp;LOS_TaskSwitchInfoGet
<LI><a href="#[b6]">&gt;&gt;</a>&nbsp;&nbsp;&nbsp;osTaskSwitchCheck
</UL>

<P><STRONG><a name="[162]"></a>__aeabi_memcpy4</STRONG> (Thumb, 0 bytes, Stack size 0 bytes, memcpya.o(.text), UNUSED)

<P><STRONG><a name="[163]"></a>__aeabi_memcpy8</STRONG> (Thumb, 0 bytes, Stack size 0 bytes, memcpya.o(.text), UNUSED)

<P><STRONG><a name="[fc]"></a>__aeabi_memset</STRONG> (Thumb, 14 bytes, Stack size 0 bytes, memseta.o(.text))
<BR><BR>[Called By]<UL><LI><a href="#[b2]">&gt;&gt;</a>&nbsp;&nbsp;&nbsp;osTskStackInit
<LI><a href="#[104]">&gt;&gt;</a>&nbsp;&nbsp;&nbsp;_memset$wrapper
<LI><a href="#[b9]">&gt;&gt;</a>&nbsp;&nbsp;&nbsp;__aeabi_memclr
</UL>

<P><STRONG><a name="[164]"></a>__aeabi_memset4</STRONG> (Thumb, 0 bytes, Stack size 0 bytes, memseta.o(.text), UNUSED)

<P><STRONG><a name="[165]"></a>__aeabi_memset8</STRONG> (Thumb, 0 bytes, Stack size 0 bytes, memseta.o(.text), UNUSED)

<P><STRONG><a name="[b9]"></a>__aeabi_memclr</STRONG> (Thumb, 4 bytes, Stack size 0 bytes, memseta.o(.text))
<BR><BR>[Calls]<UL><LI><a href="#[fc]">&gt;&gt;</a>&nbsp;&nbsp;&nbsp;__aeabi_memset
</UL>
<BR>[Called By]<UL><LI><a href="#[f3]">&gt;&gt;</a>&nbsp;&nbsp;&nbsp;LOS_MemboxClr
<LI><a href="#[e6]">&gt;&gt;</a>&nbsp;&nbsp;&nbsp;osHeapInit
<LI><a href="#[b8]">&gt;&gt;</a>&nbsp;&nbsp;&nbsp;osTaskMonInit
</UL>

<P><STRONG><a name="[83]"></a>__aeabi_memclr4</STRONG> (Thumb, 0 bytes, Stack size 0 bytes, memseta.o(.text))
<BR><BR>[Called By]<UL><LI><a href="#[e7]">&gt;&gt;</a>&nbsp;&nbsp;&nbsp;osAlarmHeapInfo
<LI><a href="#[db]">&gt;&gt;</a>&nbsp;&nbsp;&nbsp;LOS_QueueInfoGet
<LI><a href="#[cb]">&gt;&gt;</a>&nbsp;&nbsp;&nbsp;osQueueInit
<LI><a href="#[b5]">&gt;&gt;</a>&nbsp;&nbsp;&nbsp;osIdleTaskCreate
<LI><a href="#[ab]">&gt;&gt;</a>&nbsp;&nbsp;&nbsp;osTaskInit
<LI><a href="#[84]">&gt;&gt;</a>&nbsp;&nbsp;&nbsp;osSwTmrInit
<LI><a href="#[82]">&gt;&gt;</a>&nbsp;&nbsp;&nbsp;osSwTmrTaskCreate
</UL>

<P><STRONG><a name="[166]"></a>__aeabi_memclr8</STRONG> (Thumb, 0 bytes, Stack size 0 bytes, memseta.o(.text), UNUSED)

<P><STRONG><a name="[104]"></a>_memset$wrapper</STRONG> (Thumb, 18 bytes, Stack size 8 bytes, memseta.o(.text), UNUSED)
<BR><BR>[Calls]<UL><LI><a href="#[fc]">&gt;&gt;</a>&nbsp;&nbsp;&nbsp;__aeabi_memset
</UL>

<P><STRONG><a name="[c5]"></a>strncpy</STRONG> (Thumb, 24 bytes, Stack size 8 bytes, strncpy.o(.text), UNUSED)
<BR><BR>[Called By]<UL><LI><a href="#[c4]">&gt;&gt;</a>&nbsp;&nbsp;&nbsp;LOS_TaskInfoGet
</UL>

<P><STRONG><a name="[9b]"></a>__aeabi_ddiv</STRONG> (Thumb, 222 bytes, Stack size 32 bytes, ddiv.o(.text), UNUSED)
<BR><BR>[Calls]<UL><LI><a href="#[105]">&gt;&gt;</a>&nbsp;&nbsp;&nbsp;_double_round
</UL>
<BR>[Called By]<UL><LI><a href="#[9e]">&gt;&gt;</a>&nbsp;&nbsp;&nbsp;osCpuTick2US
<LI><a href="#[99]">&gt;&gt;</a>&nbsp;&nbsp;&nbsp;osCpuTick2MS
</UL>

<P><STRONG><a name="[9a]"></a>__aeabi_ui2d</STRONG> (Thumb, 26 bytes, Stack size 16 bytes, dfltui.o(.text), UNUSED)
<BR><BR>[Calls]<UL><LI><a href="#[106]">&gt;&gt;</a>&nbsp;&nbsp;&nbsp;_double_epilogue
</UL>
<BR>[Called By]<UL><LI><a href="#[9e]">&gt;&gt;</a>&nbsp;&nbsp;&nbsp;osCpuTick2US
<LI><a href="#[99]">&gt;&gt;</a>&nbsp;&nbsp;&nbsp;osCpuTick2MS
</UL>

<P><STRONG><a name="[9c]"></a>__aeabi_ul2d</STRONG> (Thumb, 24 bytes, Stack size 16 bytes, dfltul.o(.text), UNUSED)
<BR><BR>[Calls]<UL><LI><a href="#[106]">&gt;&gt;</a>&nbsp;&nbsp;&nbsp;_double_epilogue
</UL>
<BR>[Called By]<UL><LI><a href="#[9e]">&gt;&gt;</a>&nbsp;&nbsp;&nbsp;osCpuTick2US
<LI><a href="#[99]">&gt;&gt;</a>&nbsp;&nbsp;&nbsp;osCpuTick2MS
</UL>

<P><STRONG><a name="[9d]"></a>__aeabi_d2ulz</STRONG> (Thumb, 48 bytes, Stack size 0 bytes, dfixul.o(.text), UNUSED)
<BR><BR>[Calls]<UL><LI><a href="#[102]">&gt;&gt;</a>&nbsp;&nbsp;&nbsp;__aeabi_llsr
</UL>
<BR>[Called By]<UL><LI><a href="#[9e]">&gt;&gt;</a>&nbsp;&nbsp;&nbsp;osCpuTick2US
<LI><a href="#[99]">&gt;&gt;</a>&nbsp;&nbsp;&nbsp;osCpuTick2MS
</UL>

<P><STRONG><a name="[103]"></a>__aeabi_llsl</STRONG> (Thumb, 30 bytes, Stack size 0 bytes, llshl.o(.text), UNUSED)
<BR><BR>[Called By]<UL><LI><a href="#[106]">&gt;&gt;</a>&nbsp;&nbsp;&nbsp;_double_epilogue
<LI><a href="#[97]">&gt;&gt;</a>&nbsp;&nbsp;&nbsp;__aeabi_uldivmod
</UL>

<P><STRONG><a name="[167]"></a>_ll_shift_l</STRONG> (Thumb, 0 bytes, Stack size 0 bytes, llshl.o(.text), UNUSED)

<P><STRONG><a name="[102]"></a>__aeabi_llsr</STRONG> (Thumb, 32 bytes, Stack size 0 bytes, llushr.o(.text), UNUSED)
<BR><BR>[Called By]<UL><LI><a href="#[9d]">&gt;&gt;</a>&nbsp;&nbsp;&nbsp;__aeabi_d2ulz
<LI><a href="#[106]">&gt;&gt;</a>&nbsp;&nbsp;&nbsp;_double_epilogue
<LI><a href="#[97]">&gt;&gt;</a>&nbsp;&nbsp;&nbsp;__aeabi_uldivmod
</UL>

<P><STRONG><a name="[168]"></a>_ll_ushift_r</STRONG> (Thumb, 0 bytes, Stack size 0 bytes, llushr.o(.text), UNUSED)

<P><STRONG><a name="[169]"></a>__I$use$fp</STRONG> (Thumb, 0 bytes, Stack size 8 bytes, iusefp.o(.text), UNUSED)

<P><STRONG><a name="[105]"></a>_double_round</STRONG> (Thumb, 30 bytes, Stack size 8 bytes, depilogue.o(.text), UNUSED)
<BR><BR>[Called By]<UL><LI><a href="#[9b]">&gt;&gt;</a>&nbsp;&nbsp;&nbsp;__aeabi_ddiv
<LI><a href="#[106]">&gt;&gt;</a>&nbsp;&nbsp;&nbsp;_double_epilogue
</UL>

<P><STRONG><a name="[106]"></a>_double_epilogue</STRONG> (Thumb, 156 bytes, Stack size 32 bytes, depilogue.o(.text), UNUSED)
<BR><BR>[Calls]<UL><LI><a href="#[102]">&gt;&gt;</a>&nbsp;&nbsp;&nbsp;__aeabi_llsr
<LI><a href="#[103]">&gt;&gt;</a>&nbsp;&nbsp;&nbsp;__aeabi_llsl
<LI><a href="#[105]">&gt;&gt;</a>&nbsp;&nbsp;&nbsp;_double_round
</UL>
<BR>[Called By]<UL><LI><a href="#[9c]">&gt;&gt;</a>&nbsp;&nbsp;&nbsp;__aeabi_ul2d
<LI><a href="#[9a]">&gt;&gt;</a>&nbsp;&nbsp;&nbsp;__aeabi_ui2d
</UL>

<P><STRONG><a name="[4f]"></a>__scatterload</STRONG> (Thumb, 28 bytes, Stack size 0 bytes, init.o(.text))
<BR><BR>[Calls]<UL><LI><a href="#[107]">&gt;&gt;</a>&nbsp;&nbsp;&nbsp;__main_after_scatterload
</UL>
<BR>[Called By]<UL><LI><a href="#[4e]">&gt;&gt;</a>&nbsp;&nbsp;&nbsp;_main_scatterload
</UL>

<P><STRONG><a name="[16a]"></a>__scatterload_rt2</STRONG> (Thumb, 0 bytes, Stack size 0 bytes, init.o(.text), UNUSED)

<P><STRONG><a name="[108]"></a>__0printf$8</STRONG> (Thumb, 22 bytes, Stack size 24 bytes, printf8.o(i.__0printf$8), UNUSED)
<BR><BR>[Calls]<UL><LI><a href="#[109]">&gt;&gt;</a>&nbsp;&nbsp;&nbsp;_printf_core
</UL>

<P><STRONG><a name="[16b]"></a>__1printf$8</STRONG> (Thumb, 0 bytes, Stack size 24 bytes, printf8.o(i.__0printf$8), UNUSED)

<P><STRONG><a name="[5c]"></a>__2printf</STRONG> (Thumb, 0 bytes, Stack size 24 bytes, printf8.o(i.__0printf$8))
<BR><BR>[Stack]<UL><LI>Max Depth = 24<LI>Call Chain = __2printf
</UL>
<BR>[Called By]<UL><LI><a href="#[e4]">&gt;&gt;</a>&nbsp;&nbsp;&nbsp;LOS_SemPend
<LI><a href="#[6a]">&gt;&gt;</a>&nbsp;&nbsp;&nbsp;LOS_Start
<LI><a href="#[69]">&gt;&gt;</a>&nbsp;&nbsp;&nbsp;LOS_KernelInit
<LI><a href="#[46]">&gt;&gt;</a>&nbsp;&nbsp;&nbsp;main
<LI><a href="#[63]">&gt;&gt;</a>&nbsp;&nbsp;&nbsp;AppTaskCreate
<LI><a href="#[4a]">&gt;&gt;</a>&nbsp;&nbsp;&nbsp;LED_Task
<LI><a href="#[49]">&gt;&gt;</a>&nbsp;&nbsp;&nbsp;Key_Task
<LI><a href="#[f4]">&gt;&gt;</a>&nbsp;&nbsp;&nbsp;LOS_MemInit
<LI><a href="#[eb]">&gt;&gt;</a>&nbsp;&nbsp;&nbsp;osHeapFree
<LI><a href="#[e9]">&gt;&gt;</a>&nbsp;&nbsp;&nbsp;osHeapAlloc
<LI><a href="#[d7]">&gt;&gt;</a>&nbsp;&nbsp;&nbsp;LOS_MemboxAlloc
<LI><a href="#[d0]">&gt;&gt;</a>&nbsp;&nbsp;&nbsp;osQueueBufferOperate
<LI><a href="#[b6]">&gt;&gt;</a>&nbsp;&nbsp;&nbsp;osTaskSwitchCheck
<LI><a href="#[a9]">&gt;&gt;</a>&nbsp;&nbsp;&nbsp;osGetAllTskInfo
<LI><a href="#[a8]">&gt;&gt;</a>&nbsp;&nbsp;&nbsp;osGetTaskWaterLine
</UL>

<P><STRONG><a name="[16c]"></a>__scatterload_copy</STRONG> (Thumb, 14 bytes, Stack size unknown bytes, handlers.o(i.__scatterload_copy), UNUSED)

<P><STRONG><a name="[16d]"></a>__scatterload_null</STRONG> (Thumb, 2 bytes, Stack size unknown bytes, handlers.o(i.__scatterload_null), UNUSED)

<P><STRONG><a name="[16e]"></a>__scatterload_zeroinit</STRONG> (Thumb, 14 bytes, Stack size unknown bytes, handlers.o(i.__scatterload_zeroinit), UNUSED)
<P>
<H3>
Local Symbols
</H3>
<P><STRONG><a name="[51]"></a>SetSysClockTo72</STRONG> (Thumb, 166 bytes, Stack size 12 bytes, system_stm32f10x.o(.text))
<BR><BR>[Stack]<UL><LI>Max Depth = 12<LI>Call Chain = SetSysClockTo72
</UL>
<BR>[Called By]<UL><LI><a href="#[50]">&gt;&gt;</a>&nbsp;&nbsp;&nbsp;SetSysClock
</UL>

<P><STRONG><a name="[50]"></a>SetSysClock</STRONG> (Thumb, 2 bytes, Stack size 0 bytes, system_stm32f10x.o(.text))
<BR><BR>[Stack]<UL><LI>Max Depth = 12<LI>Call Chain = SetSysClock &rArr; SetSysClockTo72
</UL>
<BR>[Calls]<UL><LI><a href="#[51]">&gt;&gt;</a>&nbsp;&nbsp;&nbsp;SetSysClockTo72
</UL>
<BR>[Called By]<UL><LI><a href="#[47]">&gt;&gt;</a>&nbsp;&nbsp;&nbsp;SystemInit
</UL>

<P><STRONG><a name="[49]"></a>Key_Task</STRONG> (Thumb, 84 bytes, Stack size 0 bytes, main.o(.text))
<BR><BR>[Stack]<UL><LI>Max Depth = 40 + Unknown Stack Size
<LI>Call Chain = Key_Task &rArr; LOS_TaskDelay &rArr; LOS_TaskYield &rArr; LOS_Schedule
</UL>
<BR>[Calls]<UL><LI><a href="#[5d]">&gt;&gt;</a>&nbsp;&nbsp;&nbsp;LOS_TaskSuspend
<LI><a href="#[5e]">&gt;&gt;</a>&nbsp;&nbsp;&nbsp;LOS_TaskResume
<LI><a href="#[5f]">&gt;&gt;</a>&nbsp;&nbsp;&nbsp;LOS_TaskDelay
<LI><a href="#[5b]">&gt;&gt;</a>&nbsp;&nbsp;&nbsp;Key_Scan
<LI><a href="#[5c]">&gt;&gt;</a>&nbsp;&nbsp;&nbsp;__2printf
</UL>
<BR>[Address Reference Count : 1]<UL><LI> main.o(.text)
</UL>
<P><STRONG><a name="[60]"></a>Creat_Key_Task</STRONG> (Thumb, 38 bytes, Stack size 32 bytes, main.o(.text))
<BR><BR>[Stack]<UL><LI>Max Depth = 172 + Unknown Stack Size
<LI>Call Chain = Creat_Key_Task &rArr; LOS_TaskCreate &rArr; LOS_TaskCreateOnly &rArr; LOS_MemAllocAlign &rArr; osHeapAlloc &rArr; osAlarmHeapInfo &rArr; osHeapStatisticsGet
</UL>
<BR>[Calls]<UL><LI><a href="#[61]">&gt;&gt;</a>&nbsp;&nbsp;&nbsp;LOS_TaskCreate
</UL>
<BR>[Called By]<UL><LI><a href="#[63]">&gt;&gt;</a>&nbsp;&nbsp;&nbsp;AppTaskCreate
</UL>

<P><STRONG><a name="[4a]"></a>LED_Task</STRONG> (Thumb, 28 bytes, Stack size 0 bytes, main.o(.text))
<BR><BR>[Stack]<UL><LI>Max Depth = 40 + Unknown Stack Size
<LI>Call Chain = LED_Task &rArr; LOS_TaskDelay &rArr; LOS_TaskYield &rArr; LOS_Schedule
</UL>
<BR>[Calls]<UL><LI><a href="#[5f]">&gt;&gt;</a>&nbsp;&nbsp;&nbsp;LOS_TaskDelay
<LI><a href="#[5c]">&gt;&gt;</a>&nbsp;&nbsp;&nbsp;__2printf
</UL>
<BR>[Address Reference Count : 1]<UL><LI> main.o(.text)
</UL>
<P><STRONG><a name="[62]"></a>Creat_LED_Task</STRONG> (Thumb, 34 bytes, Stack size 32 bytes, main.o(.text))
<BR><BR>[Stack]<UL><LI>Max Depth = 172 + Unknown Stack Size
<LI>Call Chain = Creat_LED_Task &rArr; LOS_TaskCreate &rArr; LOS_TaskCreateOnly &rArr; LOS_MemAllocAlign &rArr; osHeapAlloc &rArr; osAlarmHeapInfo &rArr; osHeapStatisticsGet
</UL>
<BR>[Calls]<UL><LI><a href="#[61]">&gt;&gt;</a>&nbsp;&nbsp;&nbsp;LOS_TaskCreate
</UL>
<BR>[Called By]<UL><LI><a href="#[63]">&gt;&gt;</a>&nbsp;&nbsp;&nbsp;AppTaskCreate
</UL>

<P><STRONG><a name="[63]"></a>AppTaskCreate</STRONG> (Thumb, 46 bytes, Stack size 8 bytes, main.o(.text))
<BR><BR>[Stack]<UL><LI>Max Depth = 180 + Unknown Stack Size
<LI>Call Chain = AppTaskCreate &rArr; Creat_LED_Task &rArr; LOS_TaskCreate &rArr; LOS_TaskCreateOnly &rArr; LOS_MemAllocAlign &rArr; osHeapAlloc &rArr; osAlarmHeapInfo &rArr; osHeapStatisticsGet
</UL>
<BR>[Calls]<UL><LI><a href="#[62]">&gt;&gt;</a>&nbsp;&nbsp;&nbsp;Creat_LED_Task
<LI><a href="#[60]">&gt;&gt;</a>&nbsp;&nbsp;&nbsp;Creat_Key_Task
<LI><a href="#[5c]">&gt;&gt;</a>&nbsp;&nbsp;&nbsp;__2printf
</UL>
<BR>[Called By]<UL><LI><a href="#[46]">&gt;&gt;</a>&nbsp;&nbsp;&nbsp;main
</UL>

<P><STRONG><a name="[64]"></a>BSP_Init</STRONG> (Thumb, 26 bytes, Stack size 8 bytes, main.o(.text))
<BR><BR>[Stack]<UL><LI>Max Depth = 80<LI>Call Chain = BSP_Init &rArr; USART_Config &rArr; USART_Init &rArr; RCC_GetClocksFreq
</UL>
<BR>[Calls]<UL><LI><a href="#[65]">&gt;&gt;</a>&nbsp;&nbsp;&nbsp;NVIC_PriorityGroupConfig
<LI><a href="#[67]">&gt;&gt;</a>&nbsp;&nbsp;&nbsp;USART_Config
<LI><a href="#[66]">&gt;&gt;</a>&nbsp;&nbsp;&nbsp;LED_GPIO_Config
<LI><a href="#[68]">&gt;&gt;</a>&nbsp;&nbsp;&nbsp;Key_GPIO_Config
</UL>
<BR>[Called By]<UL><LI><a href="#[46]">&gt;&gt;</a>&nbsp;&nbsp;&nbsp;main
</UL>

<P><STRONG><a name="[6f]"></a>NVIC_Configuration</STRONG> (Thumb, 38 bytes, Stack size 8 bytes, bsp_usart.o(.text))
<BR><BR>[Stack]<UL><LI>Max Depth = 24<LI>Call Chain = NVIC_Configuration &rArr; NVIC_Init
</UL>
<BR>[Calls]<UL><LI><a href="#[70]">&gt;&gt;</a>&nbsp;&nbsp;&nbsp;NVIC_Init
<LI><a href="#[65]">&gt;&gt;</a>&nbsp;&nbsp;&nbsp;NVIC_PriorityGroupConfig
</UL>
<BR>[Called By]<UL><LI><a href="#[67]">&gt;&gt;</a>&nbsp;&nbsp;&nbsp;USART_Config
</UL>

<P><STRONG><a name="[86]"></a>osSwTmrTimeoutHandle</STRONG> (Thumb, 102 bytes, Stack size 24 bytes, los_swtmr.o(.text))
<BR><BR>[Stack]<UL><LI>Max Depth = 168 + Unknown Stack Size
<LI>Call Chain = osSwTmrTimeoutHandle &rArr; LOS_QueueWriteCopy &rArr; osQueueOperate &rArr; osQueueBufferOperate &rArr; __2printf
</UL>
<BR>[Calls]<UL><LI><a href="#[87]">&gt;&gt;</a>&nbsp;&nbsp;&nbsp;LOS_QueueWriteCopy
<LI><a href="#[89]">&gt;&gt;</a>&nbsp;&nbsp;&nbsp;osSwTmrStart
<LI><a href="#[88]">&gt;&gt;</a>&nbsp;&nbsp;&nbsp;osSwtmrDelete
</UL>
<BR>[Called By]<UL><LI><a href="#[8b]">&gt;&gt;</a>&nbsp;&nbsp;&nbsp;osSwTmrAdjust
<LI><a href="#[8a]">&gt;&gt;</a>&nbsp;&nbsp;&nbsp;osSwtmrScan
</UL>

<P><STRONG><a name="[88]"></a>osSwtmrDelete</STRONG> (Thumb, 26 bytes, Stack size 0 bytes, los_swtmr.o(.text))
<BR><BR>[Called By]<UL><LI><a href="#[95]">&gt;&gt;</a>&nbsp;&nbsp;&nbsp;LOS_SwtmrDelete
<LI><a href="#[86]">&gt;&gt;</a>&nbsp;&nbsp;&nbsp;osSwTmrTimeoutHandle
</UL>

<P><STRONG><a name="[ae]"></a>LOS_ListAdd</STRONG> (Thumb, 14 bytes, Stack size 0 bytes, los_task.o(.text))
<BR><BR>[Called By]<UL><LI><a href="#[ba]">&gt;&gt;</a>&nbsp;&nbsp;&nbsp;LOS_TaskDelete
<LI><a href="#[ac]">&gt;&gt;</a>&nbsp;&nbsp;&nbsp;LOS_TaskCreateOnly
<LI><a href="#[a3]">&gt;&gt;</a>&nbsp;&nbsp;&nbsp;LOS_ListTailInsert
</UL>

<P><STRONG><a name="[a3]"></a>LOS_ListTailInsert</STRONG> (Thumb, 4 bytes, Stack size 0 bytes, los_task.o(.text))
<BR><BR>[Calls]<UL><LI><a href="#[ae]">&gt;&gt;</a>&nbsp;&nbsp;&nbsp;LOS_ListAdd
</UL>
<BR>[Called By]<UL><LI><a href="#[ba]">&gt;&gt;</a>&nbsp;&nbsp;&nbsp;LOS_TaskDelete
<LI><a href="#[c0]">&gt;&gt;</a>&nbsp;&nbsp;&nbsp;osTaskWait
<LI><a href="#[ab]">&gt;&gt;</a>&nbsp;&nbsp;&nbsp;osTaskInit
<LI><a href="#[a2]">&gt;&gt;</a>&nbsp;&nbsp;&nbsp;osTaskAdd2TimerList
</UL>

<P><STRONG><a name="[a5]"></a>LOS_ListDelete</STRONG> (Thumb, 20 bytes, Stack size 0 bytes, los_task.o(.text))
<BR><BR>[Called By]<UL><LI><a href="#[bb]">&gt;&gt;</a>&nbsp;&nbsp;&nbsp;LOS_TaskYield
<LI><a href="#[ba]">&gt;&gt;</a>&nbsp;&nbsp;&nbsp;LOS_TaskDelete
<LI><a href="#[c1]">&gt;&gt;</a>&nbsp;&nbsp;&nbsp;osTaskWake
<LI><a href="#[ac]">&gt;&gt;</a>&nbsp;&nbsp;&nbsp;LOS_TaskCreateOnly
<LI><a href="#[a6]">&gt;&gt;</a>&nbsp;&nbsp;&nbsp;osTaskScan
<LI><a href="#[a4]">&gt;&gt;</a>&nbsp;&nbsp;&nbsp;osTimerListDelete
</UL>

<P><STRONG><a name="[b0]"></a>LOS_ListEmpty</STRONG> (Thumb, 14 bytes, Stack size 0 bytes, los_task.o(.text))
<BR><BR>[Called By]<UL><LI><a href="#[ac]">&gt;&gt;</a>&nbsp;&nbsp;&nbsp;LOS_TaskCreateOnly
</UL>

<P><STRONG><a name="[ce]"></a>osQueueReadParameterCheck</STRONG> (Thumb, 50 bytes, Stack size 8 bytes, los_queue.o(.text))
<BR><BR>[Stack]<UL><LI>Max Depth = 8<LI>Call Chain = osQueueReadParameterCheck
</UL>
<BR>[Calls]<UL><LI><a href="#[bc]">&gt;&gt;</a>&nbsp;&nbsp;&nbsp;osIntNumGet
</UL>
<BR>[Called By]<UL><LI><a href="#[80]">&gt;&gt;</a>&nbsp;&nbsp;&nbsp;LOS_QueueReadCopy
</UL>

<P><STRONG><a name="[cf]"></a>osQueueWriteParameterCheck</STRONG> (Thumb, 48 bytes, Stack size 8 bytes, los_queue.o(.text))
<BR><BR>[Stack]<UL><LI>Max Depth = 8<LI>Call Chain = osQueueWriteParameterCheck
</UL>
<BR>[Calls]<UL><LI><a href="#[bc]">&gt;&gt;</a>&nbsp;&nbsp;&nbsp;osIntNumGet
</UL>
<BR>[Called By]<UL><LI><a href="#[87]">&gt;&gt;</a>&nbsp;&nbsp;&nbsp;LOS_QueueWriteCopy
<LI><a href="#[d2]">&gt;&gt;</a>&nbsp;&nbsp;&nbsp;LOS_QueueWriteHeadCopy
</UL>

<P><STRONG><a name="[d0]"></a>osQueueBufferOperate</STRONG> (Thumb, 158 bytes, Stack size 24 bytes, los_queue.o(.text))
<BR><BR>[Stack]<UL><LI>Max Depth = 48<LI>Call Chain = osQueueBufferOperate &rArr; __2printf
</UL>
<BR>[Calls]<UL><LI><a href="#[5c]">&gt;&gt;</a>&nbsp;&nbsp;&nbsp;__2printf
<LI><a href="#[b7]">&gt;&gt;</a>&nbsp;&nbsp;&nbsp;__aeabi_memcpy
</UL>
<BR>[Called By]<UL><LI><a href="#[d1]">&gt;&gt;</a>&nbsp;&nbsp;&nbsp;osQueueOperate
</UL>

<P><STRONG><a name="[cc]"></a>LOS_ListAdd</STRONG> (Thumb, 14 bytes, Stack size 0 bytes, los_queue.o(.text))
<BR><BR>[Called By]<UL><LI><a href="#[da]">&gt;&gt;</a>&nbsp;&nbsp;&nbsp;LOS_QueueDelete
<LI><a href="#[cb]">&gt;&gt;</a>&nbsp;&nbsp;&nbsp;osQueueInit
</UL>

<P><STRONG><a name="[cd]"></a>LOS_ListEmpty</STRONG> (Thumb, 14 bytes, Stack size 0 bytes, los_queue.o(.text))
<BR><BR>[Called By]<UL><LI><a href="#[da]">&gt;&gt;</a>&nbsp;&nbsp;&nbsp;LOS_QueueDelete
<LI><a href="#[85]">&gt;&gt;</a>&nbsp;&nbsp;&nbsp;LOS_QueueCreate
<LI><a href="#[d8]">&gt;&gt;</a>&nbsp;&nbsp;&nbsp;osQueueMailFree
<LI><a href="#[d1]">&gt;&gt;</a>&nbsp;&nbsp;&nbsp;osQueueOperate
</UL>

<P><STRONG><a name="[dd]"></a>LOS_ListAdd</STRONG> (Thumb, 14 bytes, Stack size 0 bytes, los_sem.o(.text))
<BR><BR>[Called By]<UL><LI><a href="#[e3]">&gt;&gt;</a>&nbsp;&nbsp;&nbsp;LOS_SemDelete
<LI><a href="#[dc]">&gt;&gt;</a>&nbsp;&nbsp;&nbsp;osSemInit
</UL>

<P><STRONG><a name="[df]"></a>LOS_ListEmpty</STRONG> (Thumb, 14 bytes, Stack size 0 bytes, los_sem.o(.text), UNUSED)
<BR><BR>[Called By]<UL><LI><a href="#[e5]">&gt;&gt;</a>&nbsp;&nbsp;&nbsp;LOS_SemPost
<LI><a href="#[e3]">&gt;&gt;</a>&nbsp;&nbsp;&nbsp;LOS_SemDelete
<LI><a href="#[de]">&gt;&gt;</a>&nbsp;&nbsp;&nbsp;osSemCreate
</UL>

<P><STRONG><a name="[f0]"></a>osRegister</STRONG> (Thumb, 8 bytes, Stack size 0 bytes, los_init.o(.text))
<BR><BR>[Called By]<UL><LI><a href="#[69]">&gt;&gt;</a>&nbsp;&nbsp;&nbsp;LOS_KernelInit
</UL>

<P><STRONG><a name="[109]"></a>_printf_core</STRONG> (Thumb, 996 bytes, Stack size 104 bytes, printf8.o(i._printf_core), UNUSED)
<BR><BR>[Calls]<UL><LI><a href="#[10a]">&gt;&gt;</a>&nbsp;&nbsp;&nbsp;_printf_pre_padding
<LI><a href="#[10b]">&gt;&gt;</a>&nbsp;&nbsp;&nbsp;_printf_post_padding
<LI><a href="#[97]">&gt;&gt;</a>&nbsp;&nbsp;&nbsp;__aeabi_uldivmod
</UL>
<BR>[Called By]<UL><LI><a href="#[108]">&gt;&gt;</a>&nbsp;&nbsp;&nbsp;__0printf$8
</UL>

<P><STRONG><a name="[10b]"></a>_printf_post_padding</STRONG> (Thumb, 36 bytes, Stack size 24 bytes, printf8.o(i._printf_post_padding), UNUSED)
<BR><BR>[Called By]<UL><LI><a href="#[109]">&gt;&gt;</a>&nbsp;&nbsp;&nbsp;_printf_core
</UL>

<P><STRONG><a name="[10a]"></a>_printf_pre_padding</STRONG> (Thumb, 46 bytes, Stack size 24 bytes, printf8.o(i._printf_pre_padding), UNUSED)
<BR><BR>[Called By]<UL><LI><a href="#[109]">&gt;&gt;</a>&nbsp;&nbsp;&nbsp;_printf_core
</UL>
<P>
<H3>
Undefined Global Symbols
</H3><HR></body></html>
